#
# There is insufficient memory for the Java Runtime Environment to continue.
# Native memory allocation (malloc) failed to allocate 32744 bytes. Error detail: Chunk::new
# Possible reasons:
#   The system is out of physical RAM or swap space
#   This process is running with CompressedOops enabled, and the Java Heap may be blocking the growth of the native heap
# Possible solutions:
#   Reduce memory load on the system
#   Increase physical memory or swap space
#   Check if swap backing store is full
#   Decrease Java heap size (-Xmx/-Xms)
#   Decrease number of Java threads
#   Decrease Java thread stack sizes (-Xss)
#   Set larger code cache with -XX:ReservedCodeCacheSize=
#   JVM is running with Unscaled Compressed Oops mode in which the Java heap is
#     placed in the first 4GB address space. The Java Heap base address is the
#     maximum limit for the native heap growth. Please use -XX:HeapBaseMinAddress
#     to set the Java Heap base and to place the Java Heap above 4GB virtual address.
# This output file may be truncated or incomplete.
#
#  Out of Memory Error (arena.cpp:168), pid=299168, tid=299852
#
# JRE version: OpenJDK Runtime Environment Temurin-21.0.12.1+1 (21.0.12.1+1) (build 21.0.12.1+1-LTS)
# Java VM: OpenJDK 64-Bit Server VM Temurin-21.0.12.1+1 (21.0.12.1+1-LTS, mixed mode, sharing, tiered, compressed oops, compressed class ptrs, g1 gc, windows-amd64)
# No core dump will be written. Minidumps are not enabled by default on client versions of Windows
#

---------------  S U M M A R Y ------------

Command Line: --add-opens=java.base/java.util=ALL-UNNAMED --add-opens=java.base/java.lang=ALL-UNNAMED --add-opens=java.base/java.lang.invoke=ALL-UNNAMED --add-opens=java.prefs/java.util.prefs=ALL-UNNAMED --add-opens=java.base/java.nio.charset=ALL-UNNAMED --add-opens=java.base/java.net=ALL-UNNAMED --add-opens=java.base/java.util.concurrent.atomic=ALL-UNNAMED -XX:MaxMetaspaceSize=384m -XX:+HeapDumpOnOutOfMemoryError -Xms256m -Xmx512m -Dfile.encoding=utf8 -Duser.country=IN -Duser.language=en -Duser.variant -javaagent:C:\Users\amald\.gradle\wrapper\dists\gradle-8.7-bin\bhs2wmbdwecv87pi65oeuq5iu\gradle-8.7\lib\agents\gradle-instrumentation-agent-8.7.jar org.gradle.launcher.daemon.bootstrap.GradleDaemon 8.7

Host: Intel(R) Core(TM) i7-10510U CPU @ 1.80GHz, 8 cores, 7G,  Windows 11 , 64 bit Build 26100 (10.0.26100.9168)
Time: Sat Sep 19 12:20:16 2026 India Standard Time elapsed time: 49.410887 seconds (0d 0h 0m 49s)

---------------  T H R E A D  ---------------

Current thread (0x000001db6aa8c910):  JavaThread "C2 CompilerThread0" daemon [_thread_in_native, id=299852, stack(0x0000007eb6c00000,0x0000007eb6d00000) (1024K)]


Current CompileTask:
C2:49410 2926       4       jdk.internal.org.objectweb.asm.Frame::execute (2305 bytes)

Stack: [0x0000007eb6c00000,0x0000007eb6d00000]
Native frames: (J=compiled Java code, j=interpreted, Vv=VM code, C=native code)
V  [jvm.dll+0x6d83e9]
V  [jvm.dll+0x8b5736]
V  [jvm.dll+0x8b7cee]
V  [jvm.dll+0x8b83d3]
V  [jvm.dll+0x284596]
V  [jvm.dll+0xc685d]
V  [jvm.dll+0xc6da1]
V  [jvm.dll+0x703e7d]
V  [jvm.dll+0x1e421a]
V  [jvm.dll+0x24c853]
V  [jvm.dll+0x24bce0]
V  [jvm.dll+0x1cb4ae]
V  [jvm.dll+0x25baad]
V  [jvm.dll+0x25a03a]
V  [jvm.dll+0x3f8aae]
V  [jvm.dll+0x8600cd]
V  [jvm.dll+0x6d6c1d]
C  [ucrtbase.dll+0x2cd30]
C  [KERNEL32.DLL+0x2ccb7]
C  [ntdll.dll+0xaad6c]


---------------  P R O C E S S  ---------------

Threads class SMR info:
_java_thread_list=0x000001db196135a0, length=25, elements={
0x000001db550d0e60, 0x000001db6aa7ed30, 0x000001db6aa824c0, 0x000001db6aa85c50,
0x000001db6aa8a6c0, 0x000001db6aa8b120, 0x000001db6aa8bb80, 0x000001db6aa8c910,
0x000001db19012c00, 0x000001db1920ed40, 0x000001db1923a250, 0x000001db1a29cff0,
0x000001db19817150, 0x000001db19a8d2d0, 0x000001db190bb7f0, 0x000001db194bc670,
0x000001db194bbfe0, 0x000001db194b9f10, 0x000001db194bac30, 0x000001db194b9880,
0x000001db194bb2c0, 0x000001db194bb950, 0x000001db194bcd00, 0x000001db19634350,
0x000001db19633cc0
}

Java Threads: ( => current thread )
  0x000001db550d0e60 JavaThread "main"                              [_thread_blocked, id=297388, stack(0x0000007eb5e00000,0x0000007eb5f00000) (1024K)]
  0x000001db6aa7ed30 JavaThread "Reference Handler"          daemon [_thread_blocked, id=287408, stack(0x0000007eb6600000,0x0000007eb6700000) (1024K)]
  0x000001db6aa824c0 JavaThread "Finalizer"                  daemon [_thread_blocked, id=296296, stack(0x0000007eb6700000,0x0000007eb6800000) (1024K)]
  0x000001db6aa85c50 JavaThread "Signal Dispatcher"          daemon [_thread_blocked, id=296276, stack(0x0000007eb6800000,0x0000007eb6900000) (1024K)]
  0x000001db6aa8a6c0 JavaThread "Attach Listener"            daemon [_thread_blocked, id=296292, stack(0x0000007eb6900000,0x0000007eb6a00000) (1024K)]
  0x000001db6aa8b120 JavaThread "Service Thread"             daemon [_thread_blocked, id=296284, stack(0x0000007eb6a00000,0x0000007eb6b00000) (1024K)]
  0x000001db6aa8bb80 JavaThread "Monitor Deflation Thread"   daemon [_thread_blocked, id=296304, stack(0x0000007eb6b00000,0x0000007eb6c00000) (1024K)]
=>0x000001db6aa8c910 JavaThread "C2 CompilerThread0"         daemon [_thread_in_native, id=299852, stack(0x0000007eb6c00000,0x0000007eb6d00000) (1024K)]
  0x000001db19012c00 JavaThread "C1 CompilerThread0"         daemon [_thread_blocked, id=299848, stack(0x0000007eb6d00000,0x0000007eb6e00000) (1024K)]
  0x000001db1920ed40 JavaThread "Common-Cleaner"             daemon [_thread_blocked, id=295228, stack(0x0000007eb6e00000,0x0000007eb6f00000) (1024K)]
  0x000001db1923a250 JavaThread "Notification Thread"        daemon [_thread_blocked, id=291968, stack(0x0000007eb6f00000,0x0000007eb7000000) (1024K)]
  0x000001db1a29cff0 JavaThread "Daemon health stats"               [_thread_blocked, id=303292, stack(0x0000007eb7000000,0x0000007eb7100000) (1024K)]
  0x000001db19817150 JavaThread "Incoming local TCP Connector on port 56175"        [_thread_in_native, id=301440, stack(0x0000007eb7600000,0x0000007eb7700000) (1024K)]
  0x000001db19a8d2d0 JavaThread "Daemon periodic checks"            [_thread_blocked, id=305452, stack(0x0000007eb7700000,0x0000007eb7800000) (1024K)]
  0x000001db190bb7f0 JavaThread "Daemon"                            [_thread_blocked, id=304204, stack(0x0000007eb7800000,0x0000007eb7900000) (1024K)]
  0x000001db194bc670 JavaThread "Daemon worker"                     [_thread_in_vm, id=265684, stack(0x0000007eb7b00000,0x0000007eb7c00000) (1024K)]
  0x000001db194bbfe0 JavaThread "Handler for socket connection from /127.0.0.1:56175 to /127.0.0.1:56231"        [_thread_in_native, id=307460, stack(0x0000007eb7900000,0x0000007eb7a00000) (1024K)]
  0x000001db194b9f10 JavaThread "Cancel handler"                    [_thread_blocked, id=307012, stack(0x0000007eb7a00000,0x0000007eb7b00000) (1024K)]
  0x000001db194bac30 JavaThread "Asynchronous log dispatcher for DefaultDaemonConnection: socket connection from /127.0.0.1:56175 to /127.0.0.1:56231"        [_thread_blocked, id=306956, stack(0x0000007eb7c00000,0x0000007eb7d00000) (1024K)]
  0x000001db194b9880 JavaThread "Stdin handler"                     [_thread_blocked, id=300720, stack(0x0000007eb7d00000,0x0000007eb7e00000) (1024K)]
  0x000001db194bb2c0 JavaThread "Daemon client event forwarder"        [_thread_blocked, id=308760, stack(0x0000007eb7e00000,0x0000007eb7f00000) (1024K)]
  0x000001db194bb950 JavaThread "Cache worker for journal cache (C:\Users\amald\.gradle\caches\journal-1)"        [_thread_blocked, id=309060, stack(0x0000007eb7f00000,0x0000007eb8000000) (1024K)]
  0x000001db194bcd00 JavaThread "File lock request listener"        [_thread_in_native, id=300344, stack(0x0000007eb8000000,0x0000007eb8100000) (1024K)]
  0x000001db19634350 JavaThread "Cache worker for file hash cache (C:\Users\amald\.gradle\caches\8.7\fileHashes)"        [_thread_blocked, id=304268, stack(0x0000007eb8100000,0x0000007eb8200000) (1024K)]
  0x000001db19633cc0 JavaThread "File lock release action executor"        [_thread_blocked, id=274072, stack(0x0000007eb8200000,0x0000007eb8300000) (1024K)]
Total: 25

Other Threads:
  0x000001db6aa614d0 VMThread "VM Thread"                           [id=299420, stack(0x0000007eb6500000,0x0000007eb6600000) (1024K)]
  0x000001db6aa54640 WatcherThread "VM Periodic Task Thread"        [id=296452, stack(0x0000007eb6400000,0x0000007eb6500000) (1024K)]
  0x000001db550fd9f0 WorkerThread "GC Thread#0"                     [id=298928, stack(0x0000007eb5f00000,0x0000007eb6000000) (1024K)]
  0x000001db19d01070 WorkerThread "GC Thread#1"                     [id=298228, stack(0x0000007eb7100000,0x0000007eb7200000) (1024K)]
  0x000001db19a2b810 WorkerThread "GC Thread#2"                     [id=298248, stack(0x0000007eb7200000,0x0000007eb7300000) (1024K)]
  0x000001db19a2bbc0 WorkerThread "GC Thread#3"                     [id=298936, stack(0x0000007eb7300000,0x0000007eb7400000) (1024K)]
  0x000001db19d1f100 WorkerThread "GC Thread#4"                     [id=297668, stack(0x0000007eb7400000,0x0000007eb7500000) (1024K)]
  0x000001db19d1f4b0 WorkerThread "GC Thread#5"                     [id=297736, stack(0x0000007eb7500000,0x0000007eb7600000) (1024K)]
  0x000001db551008d0 ConcurrentGCThread "G1 Main Marker"            [id=296752, stack(0x0000007eb6000000,0x0000007eb6100000) (1024K)]
  0x000001db52d4c3e0 WorkerThread "G1 Conc#0"                       [id=298948, stack(0x0000007eb6100000,0x0000007eb6200000) (1024K)]
  0x000001db5518e700 ConcurrentGCThread "G1 Refine#0"               [id=298680, stack(0x0000007eb6200000,0x0000007eb6300000) (1024K)]
  0x000001db6a922430 ConcurrentGCThread "G1 Service"                [id=299416, stack(0x0000007eb6300000,0x0000007eb6400000) (1024K)]
Total: 12

Threads with active compile tasks:
C2 CompilerThread0  49435 2926       4       jdk.internal.org.objectweb.asm.Frame::execute (2305 bytes)
Total: 1

VM state: not at safepoint (normal execution)

VM Mutex/Monitor currently owned by a thread: None

Heap address: 0x00000000e0000000, size: 512 MB, Compressed Oops mode: 32-bit

CDS archive(s) mapped at: [0x000001db00000000-0x000001db00ba0000-0x000001db00ba0000), size 12189696, SharedBaseAddress: 0x000001db00000000, ArchiveRelocationMode: 1.
Compressed class space mapped at: 0x000001db01000000-0x000001db15000000, reserved size: 335544320
Narrow klass base: 0x000001db00000000, Narrow klass shift: 0, Narrow klass range: 0x100000000

GC Precious Log:
 CardTable entry size: 512
 Card Set container configuration: InlinePtr #cards 5 size 8 Array Of Cards #cards 12 size 40 Howl #buckets 4 coarsen threshold 1843 Howl Bitmap #cards 512 size 80 coarsen threshold 460 Card regions per heap region 1 cards per card region 2048
 CPUs: 8 total, 8 available
 Memory: 8022M
 Large Page Support: Disabled
 NUMA Support: Disabled
 Compressed Oops: Enabled (32-bit)
 Heap Region Size: 1M
 Heap Min Capacity: 256M
 Heap Initial Capacity: 256M
 Heap Max Capacity: 512M
 Pre-touch: Disabled
 Parallel Workers: 8
 Concurrent Workers: 2
 Concurrent Refinement Workers: 8
 Periodic GC: Disabled

Heap:
 garbage-first heap   total 262144K, used 85146K [0x00000000e0000000, 0x0000000100000000)
  region size 1024K, 74 young (75776K), 1 survivors (1024K)
 Metaspace       used 16112K, committed 16576K, reserved 393216K
  class space    used 2224K, committed 2432K, reserved 327680K

Heap Regions: E=young(eden), S=young(survivor), O=old, HS=humongous(starts), HC=humongous(continues), CS=collection set, F=free, TAMS=top-at-mark-start, PB=parsable bottom
|   0|0x00000000e0000000, 0x00000000e0100000, 0x00000000e0100000|100%|HS|  |TAMS 0x00000000e0000000| PB 0x00000000e0000000| Complete 
|   1|0x00000000e0100000, 0x00000000e0200000, 0x00000000e0200000|100%|HC|  |TAMS 0x00000000e0100000| PB 0x00000000e0100000| Complete 
|   2|0x00000000e0200000, 0x00000000e0300000, 0x00000000e0300000|100%|HC|  |TAMS 0x00000000e0200000| PB 0x00000000e0200000| Complete 
|   3|0x00000000e0300000, 0x00000000e0400000, 0x00000000e0400000|100%|HC|  |TAMS 0x00000000e0300000| PB 0x00000000e0300000| Complete 
|   4|0x00000000e0400000, 0x00000000e0500000, 0x00000000e0500000|100%| O|  |TAMS 0x00000000e0400000| PB 0x00000000e0400000| Untracked 
|   5|0x00000000e0500000, 0x00000000e0600000, 0x00000000e0600000|100%| O|  |TAMS 0x00000000e0500000| PB 0x00000000e0500000| Untracked 
|   6|0x00000000e0600000, 0x00000000e0700000, 0x00000000e0700000|100%| O|  |TAMS 0x00000000e0600000| PB 0x00000000e0600000| Untracked 
|   7|0x00000000e0700000, 0x00000000e0800000, 0x00000000e0800000|100%| O|  |TAMS 0x00000000e0700000| PB 0x00000000e0700000| Untracked 
|   8|0x00000000e0800000, 0x00000000e0900000, 0x00000000e0900000|100%| O|  |TAMS 0x00000000e0800000| PB 0x00000000e0800000| Untracked 
|   9|0x00000000e0900000, 0x00000000e0a00000, 0x00000000e0a00000|100%| O|  |TAMS 0x00000000e0900000| PB 0x00000000e0900000| Untracked 
|  10|0x00000000e0a00000, 0x00000000e0a69bb8, 0x00000000e0b00000| 41%| O|  |TAMS 0x00000000e0a00000| PB 0x00000000e0a00000| Untracked 
|  11|0x00000000e0b00000, 0x00000000e0c00000, 0x00000000e0c00000|100%|HS|  |TAMS 0x00000000e0b00000| PB 0x00000000e0b00000| Complete 
|  12|0x00000000e0c00000, 0x00000000e0c00000, 0x00000000e0d00000|  0%| F|  |TAMS 0x00000000e0c00000| PB 0x00000000e0c00000| Untracked 
|  13|0x00000000e0d00000, 0x00000000e0d00000, 0x00000000e0e00000|  0%| F|  |TAMS 0x00000000e0d00000| PB 0x00000000e0d00000| Untracked 
|  14|0x00000000e0e00000, 0x00000000e0e00000, 0x00000000e0f00000|  0%| F|  |TAMS 0x00000000e0e00000| PB 0x00000000e0e00000| Untracked 
|  15|0x00000000e0f00000, 0x00000000e0f00000, 0x00000000e1000000|  0%| F|  |TAMS 0x00000000e0f00000| PB 0x00000000e0f00000| Untracked 
|  16|0x00000000e1000000, 0x00000000e1000000, 0x00000000e1100000|  0%| F|  |TAMS 0x00000000e1000000| PB 0x00000000e1000000| Untracked 
|  17|0x00000000e1100000, 0x00000000e1100000, 0x00000000e1200000|  0%| F|  |TAMS 0x00000000e1100000| PB 0x00000000e1100000| Untracked 
|  18|0x00000000e1200000, 0x00000000e1200000, 0x00000000e1300000|  0%| F|  |TAMS 0x00000000e1200000| PB 0x00000000e1200000| Untracked 
|  19|0x00000000e1300000, 0x00000000e1300000, 0x00000000e1400000|  0%| F|  |TAMS 0x00000000e1300000| PB 0x00000000e1300000| Untracked 
|  20|0x00000000e1400000, 0x00000000e1400000, 0x00000000e1500000|  0%| F|  |TAMS 0x00000000e1400000| PB 0x00000000e1400000| Untracked 
|  21|0x00000000e1500000, 0x00000000e1500000, 0x00000000e1600000|  0%| F|  |TAMS 0x00000000e1500000| PB 0x00000000e1500000| Untracked 
|  22|0x00000000e1600000, 0x00000000e1600000, 0x00000000e1700000|  0%| F|  |TAMS 0x00000000e1600000| PB 0x00000000e1600000| Untracked 
|  23|0x00000000e1700000, 0x00000000e1700000, 0x00000000e1800000|  0%| F|  |TAMS 0x00000000e1700000| PB 0x00000000e1700000| Untracked 
|  24|0x00000000e1800000, 0x00000000e1800000, 0x00000000e1900000|  0%| F|  |TAMS 0x00000000e1800000| PB 0x00000000e1800000| Untracked 
|  25|0x00000000e1900000, 0x00000000e1900000, 0x00000000e1a00000|  0%| F|  |TAMS 0x00000000e1900000| PB 0x00000000e1900000| Untracked 
|  26|0x00000000e1a00000, 0x00000000e1a00000, 0x00000000e1b00000|  0%| F|  |TAMS 0x00000000e1a00000| PB 0x00000000e1a00000| Untracked 
|  27|0x00000000e1b00000, 0x00000000e1b00000, 0x00000000e1c00000|  0%| F|  |TAMS 0x00000000e1b00000| PB 0x00000000e1b00000| Untracked 
|  28|0x00000000e1c00000, 0x00000000e1c00000, 0x00000000e1d00000|  0%| F|  |TAMS 0x00000000e1c00000| PB 0x00000000e1c00000| Untracked 
|  29|0x00000000e1d00000, 0x00000000e1d00000, 0x00000000e1e00000|  0%| F|  |TAMS 0x00000000e1d00000| PB 0x00000000e1d00000| Untracked 
|  30|0x00000000e1e00000, 0x00000000e1e00000, 0x00000000e1f00000|  0%| F|  |TAMS 0x00000000e1e00000| PB 0x00000000e1e00000| Untracked 
|  31|0x00000000e1f00000, 0x00000000e1f00000, 0x00000000e2000000|  0%| F|  |TAMS 0x00000000e1f00000| PB 0x00000000e1f00000| Untracked 
|  32|0x00000000e2000000, 0x00000000e2000000, 0x00000000e2100000|  0%| F|  |TAMS 0x00000000e2000000| PB 0x00000000e2000000| Untracked 
|  33|0x00000000e2100000, 0x00000000e2100000, 0x00000000e2200000|  0%| F|  |TAMS 0x00000000e2100000| PB 0x00000000e2100000| Untracked 
|  34|0x00000000e2200000, 0x00000000e2200000, 0x00000000e2300000|  0%| F|  |TAMS 0x00000000e2200000| PB 0x00000000e2200000| Untracked 
|  35|0x00000000e2300000, 0x00000000e2300000, 0x00000000e2400000|  0%| F|  |TAMS 0x00000000e2300000| PB 0x00000000e2300000| Untracked 
|  36|0x00000000e2400000, 0x00000000e2400000, 0x00000000e2500000|  0%| F|  |TAMS 0x00000000e2400000| PB 0x00000000e2400000| Untracked 
|  37|0x00000000e2500000, 0x00000000e2500000, 0x00000000e2600000|  0%| F|  |TAMS 0x00000000e2500000| PB 0x00000000e2500000| Untracked 
|  38|0x00000000e2600000, 0x00000000e2600000, 0x00000000e2700000|  0%| F|  |TAMS 0x00000000e2600000| PB 0x00000000e2600000| Untracked 
|  39|0x00000000e2700000, 0x00000000e2700000, 0x00000000e2800000|  0%| F|  |TAMS 0x00000000e2700000| PB 0x00000000e2700000| Untracked 
|  40|0x00000000e2800000, 0x00000000e2800000, 0x00000000e2900000|  0%| F|  |TAMS 0x00000000e2800000| PB 0x00000000e2800000| Untracked 
|  41|0x00000000e2900000, 0x00000000e2900000, 0x00000000e2a00000|  0%| F|  |TAMS 0x00000000e2900000| PB 0x00000000e2900000| Untracked 
|  42|0x00000000e2a00000, 0x00000000e2a00000, 0x00000000e2b00000|  0%| F|  |TAMS 0x00000000e2a00000| PB 0x00000000e2a00000| Untracked 
|  43|0x00000000e2b00000, 0x00000000e2b00000, 0x00000000e2c00000|  0%| F|  |TAMS 0x00000000e2b00000| PB 0x00000000e2b00000| Untracked 
|  44|0x00000000e2c00000, 0x00000000e2c00000, 0x00000000e2d00000|  0%| F|  |TAMS 0x00000000e2c00000| PB 0x00000000e2c00000| Untracked 
|  45|0x00000000e2d00000, 0x00000000e2d00000, 0x00000000e2e00000|  0%| F|  |TAMS 0x00000000e2d00000| PB 0x00000000e2d00000| Untracked 
|  46|0x00000000e2e00000, 0x00000000e2e00000, 0x00000000e2f00000|  0%| F|  |TAMS 0x00000000e2e00000| PB 0x00000000e2e00000| Untracked 
|  47|0x00000000e2f00000, 0x00000000e2f00000, 0x00000000e3000000|  0%| F|  |TAMS 0x00000000e2f00000| PB 0x00000000e2f00000| Untracked 
|  48|0x00000000e3000000, 0x00000000e3000000, 0x00000000e3100000|  0%| F|  |TAMS 0x00000000e3000000| PB 0x00000000e3000000| Untracked 
|  49|0x00000000e3100000, 0x00000000e3100000, 0x00000000e3200000|  0%| F|  |TAMS 0x00000000e3100000| PB 0x00000000e3100000| Untracked 
|  50|0x00000000e3200000, 0x00000000e3200000, 0x00000000e3300000|  0%| F|  |TAMS 0x00000000e3200000| PB 0x00000000e3200000| Untracked 
|  51|0x00000000e3300000, 0x00000000e3300000, 0x00000000e3400000|  0%| F|  |TAMS 0x00000000e3300000| PB 0x00000000e3300000| Untracked 
|  52|0x00000000e3400000, 0x00000000e3400000, 0x00000000e3500000|  0%| F|  |TAMS 0x00000000e3400000| PB 0x00000000e3400000| Untracked 
|  53|0x00000000e3500000, 0x00000000e3500000, 0x00000000e3600000|  0%| F|  |TAMS 0x00000000e3500000| PB 0x00000000e3500000| Untracked 
|  54|0x00000000e3600000, 0x00000000e3600000, 0x00000000e3700000|  0%| F|  |TAMS 0x00000000e3600000| PB 0x00000000e3600000| Untracked 
|  55|0x00000000e3700000, 0x00000000e3700000, 0x00000000e3800000|  0%| F|  |TAMS 0x00000000e3700000| PB 0x00000000e3700000| Untracked 
|  56|0x00000000e3800000, 0x00000000e3800000, 0x00000000e3900000|  0%| F|  |TAMS 0x00000000e3800000| PB 0x00000000e3800000| Untracked 
|  57|0x00000000e3900000, 0x00000000e3900000, 0x00000000e3a00000|  0%| F|  |TAMS 0x00000000e3900000| PB 0x00000000e3900000| Untracked 
|  58|0x00000000e3a00000, 0x00000000e3a00000, 0x00000000e3b00000|  0%| F|  |TAMS 0x00000000e3a00000| PB 0x00000000e3a00000| Untracked 
|  59|0x00000000e3b00000, 0x00000000e3b00000, 0x00000000e3c00000|  0%| F|  |TAMS 0x00000000e3b00000| PB 0x00000000e3b00000| Untracked 
|  60|0x00000000e3c00000, 0x00000000e3c00000, 0x00000000e3d00000|  0%| F|  |TAMS 0x00000000e3c00000| PB 0x00000000e3c00000| Untracked 
|  61|0x00000000e3d00000, 0x00000000e3d00000, 0x00000000e3e00000|  0%| F|  |TAMS 0x00000000e3d00000| PB 0x00000000e3d00000| Untracked 
|  62|0x00000000e3e00000, 0x00000000e3e00000, 0x00000000e3f00000|  0%| F|  |TAMS 0x00000000e3e00000| PB 0x00000000e3e00000| Untracked 
|  63|0x00000000e3f00000, 0x00000000e3f00000, 0x00000000e4000000|  0%| F|  |TAMS 0x00000000e3f00000| PB 0x00000000e3f00000| Untracked 
|  64|0x00000000e4000000, 0x00000000e4000000, 0x00000000e4100000|  0%| F|  |TAMS 0x00000000e4000000| PB 0x00000000e4000000| Untracked 
|  65|0x00000000e4100000, 0x00000000e4100000, 0x00000000e4200000|  0%| F|  |TAMS 0x00000000e4100000| PB 0x00000000e4100000| Untracked 
|  66|0x00000000e4200000, 0x00000000e4200000, 0x00000000e4300000|  0%| F|  |TAMS 0x00000000e4200000| PB 0x00000000e4200000| Untracked 
|  67|0x00000000e4300000, 0x00000000e4300000, 0x00000000e4400000|  0%| F|  |TAMS 0x00000000e4300000| PB 0x00000000e4300000| Untracked 
|  68|0x00000000e4400000, 0x00000000e4400000, 0x00000000e4500000|  0%| F|  |TAMS 0x00000000e4400000| PB 0x00000000e4400000| Untracked 
|  69|0x00000000e4500000, 0x00000000e4500000, 0x00000000e4600000|  0%| F|  |TAMS 0x00000000e4500000| PB 0x00000000e4500000| Untracked 
|  70|0x00000000e4600000, 0x00000000e4600000, 0x00000000e4700000|  0%| F|  |TAMS 0x00000000e4600000| PB 0x00000000e4600000| Untracked 
|  71|0x00000000e4700000, 0x00000000e4700000, 0x00000000e4800000|  0%| F|  |TAMS 0x00000000e4700000| PB 0x00000000e4700000| Untracked 
|  72|0x00000000e4800000, 0x00000000e4800000, 0x00000000e4900000|  0%| F|  |TAMS 0x00000000e4800000| PB 0x00000000e4800000| Untracked 
|  73|0x00000000e4900000, 0x00000000e4900000, 0x00000000e4a00000|  0%| F|  |TAMS 0x00000000e4900000| PB 0x00000000e4900000| Untracked 
|  74|0x00000000e4a00000, 0x00000000e4a00000, 0x00000000e4b00000|  0%| F|  |TAMS 0x00000000e4a00000| PB 0x00000000e4a00000| Untracked 
|  75|0x00000000e4b00000, 0x00000000e4b00000, 0x00000000e4c00000|  0%| F|  |TAMS 0x00000000e4b00000| PB 0x00000000e4b00000| Untracked 
|  76|0x00000000e4c00000, 0x00000000e4c00000, 0x00000000e4d00000|  0%| F|  |TAMS 0x00000000e4c00000| PB 0x00000000e4c00000| Untracked 
|  77|0x00000000e4d00000, 0x00000000e4d00000, 0x00000000e4e00000|  0%| F|  |TAMS 0x00000000e4d00000| PB 0x00000000e4d00000| Untracked 
|  78|0x00000000e4e00000, 0x00000000e4e00000, 0x00000000e4f00000|  0%| F|  |TAMS 0x00000000e4e00000| PB 0x00000000e4e00000| Untracked 
|  79|0x00000000e4f00000, 0x00000000e4f00000, 0x00000000e5000000|  0%| F|  |TAMS 0x00000000e4f00000| PB 0x00000000e4f00000| Untracked 
|  80|0x00000000e5000000, 0x00000000e5000000, 0x00000000e5100000|  0%| F|  |TAMS 0x00000000e5000000| PB 0x00000000e5000000| Untracked 
|  81|0x00000000e5100000, 0x00000000e5100000, 0x00000000e5200000|  0%| F|  |TAMS 0x00000000e5100000| PB 0x00000000e5100000| Untracked 
|  82|0x00000000e5200000, 0x00000000e5200000, 0x00000000e5300000|  0%| F|  |TAMS 0x00000000e5200000| PB 0x00000000e5200000| Untracked 
|  83|0x00000000e5300000, 0x00000000e5300000, 0x00000000e5400000|  0%| F|  |TAMS 0x00000000e5300000| PB 0x00000000e5300000| Untracked 
|  84|0x00000000e5400000, 0x00000000e5400000, 0x00000000e5500000|  0%| F|  |TAMS 0x00000000e5400000| PB 0x00000000e5400000| Untracked 
|  85|0x00000000e5500000, 0x00000000e5500000, 0x00000000e5600000|  0%| F|  |TAMS 0x00000000e5500000| PB 0x00000000e5500000| Untracked 
|  86|0x00000000e5600000, 0x00000000e5600000, 0x00000000e5700000|  0%| F|  |TAMS 0x00000000e5600000| PB 0x00000000e5600000| Untracked 
|  87|0x00000000e5700000, 0x00000000e5700000, 0x00000000e5800000|  0%| F|  |TAMS 0x00000000e5700000| PB 0x00000000e5700000| Untracked 
|  88|0x00000000e5800000, 0x00000000e5800000, 0x00000000e5900000|  0%| F|  |TAMS 0x00000000e5800000| PB 0x00000000e5800000| Untracked 
|  89|0x00000000e5900000, 0x00000000e5900000, 0x00000000e5a00000|  0%| F|  |TAMS 0x00000000e5900000| PB 0x00000000e5900000| Untracked 
|  90|0x00000000e5a00000, 0x00000000e5a00000, 0x00000000e5b00000|  0%| F|  |TAMS 0x00000000e5a00000| PB 0x00000000e5a00000| Untracked 
|  91|0x00000000e5b00000, 0x00000000e5b00000, 0x00000000e5c00000|  0%| F|  |TAMS 0x00000000e5b00000| PB 0x00000000e5b00000| Untracked 
|  92|0x00000000e5c00000, 0x00000000e5c00000, 0x00000000e5d00000|  0%| F|  |TAMS 0x00000000e5c00000| PB 0x00000000e5c00000| Untracked 
|  93|0x00000000e5d00000, 0x00000000e5d00000, 0x00000000e5e00000|  0%| F|  |TAMS 0x00000000e5d00000| PB 0x00000000e5d00000| Untracked 
|  94|0x00000000e5e00000, 0x00000000e5e00000, 0x00000000e5f00000|  0%| F|  |TAMS 0x00000000e5e00000| PB 0x00000000e5e00000| Untracked 
|  95|0x00000000e5f00000, 0x00000000e5f00000, 0x00000000e6000000|  0%| F|  |TAMS 0x00000000e5f00000| PB 0x00000000e5f00000| Untracked 
|  96|0x00000000e6000000, 0x00000000e6000000, 0x00000000e6100000|  0%| F|  |TAMS 0x00000000e6000000| PB 0x00000000e6000000| Untracked 
|  97|0x00000000e6100000, 0x00000000e6100000, 0x00000000e6200000|  0%| F|  |TAMS 0x00000000e6100000| PB 0x00000000e6100000| Untracked 
|  98|0x00000000e6200000, 0x00000000e6200000, 0x00000000e6300000|  0%| F|  |TAMS 0x00000000e6200000| PB 0x00000000e6200000| Untracked 
|  99|0x00000000e6300000, 0x00000000e6300000, 0x00000000e6400000|  0%| F|  |TAMS 0x00000000e6300000| PB 0x00000000e6300000| Untracked 
| 100|0x00000000e6400000, 0x00000000e6400000, 0x00000000e6500000|  0%| F|  |TAMS 0x00000000e6400000| PB 0x00000000e6400000| Untracked 
| 101|0x00000000e6500000, 0x00000000e6500000, 0x00000000e6600000|  0%| F|  |TAMS 0x00000000e6500000| PB 0x00000000e6500000| Untracked 
| 102|0x00000000e6600000, 0x00000000e6600000, 0x00000000e6700000|  0%| F|  |TAMS 0x00000000e6600000| PB 0x00000000e6600000| Untracked 
| 103|0x00000000e6700000, 0x00000000e6700000, 0x00000000e6800000|  0%| F|  |TAMS 0x00000000e6700000| PB 0x00000000e6700000| Untracked 
| 104|0x00000000e6800000, 0x00000000e6800000, 0x00000000e6900000|  0%| F|  |TAMS 0x00000000e6800000| PB 0x00000000e6800000| Untracked 
| 105|0x00000000e6900000, 0x00000000e6900000, 0x00000000e6a00000|  0%| F|  |TAMS 0x00000000e6900000| PB 0x00000000e6900000| Untracked 
| 106|0x00000000e6a00000, 0x00000000e6a00000, 0x00000000e6b00000|  0%| F|  |TAMS 0x00000000e6a00000| PB 0x00000000e6a00000| Untracked 
| 107|0x00000000e6b00000, 0x00000000e6b00000, 0x00000000e6c00000|  0%| F|  |TAMS 0x00000000e6b00000| PB 0x00000000e6b00000| Untracked 
| 108|0x00000000e6c00000, 0x00000000e6c00000, 0x00000000e6d00000|  0%| F|  |TAMS 0x00000000e6c00000| PB 0x00000000e6c00000| Untracked 
| 109|0x00000000e6d00000, 0x00000000e6d00000, 0x00000000e6e00000|  0%| F|  |TAMS 0x00000000e6d00000| PB 0x00000000e6d00000| Untracked 
| 110|0x00000000e6e00000, 0x00000000e6e00000, 0x00000000e6f00000|  0%| F|  |TAMS 0x00000000e6e00000| PB 0x00000000e6e00000| Untracked 
| 111|0x00000000e6f00000, 0x00000000e6f00000, 0x00000000e7000000|  0%| F|  |TAMS 0x00000000e6f00000| PB 0x00000000e6f00000| Untracked 
| 112|0x00000000e7000000, 0x00000000e7000000, 0x00000000e7100000|  0%| F|  |TAMS 0x00000000e7000000| PB 0x00000000e7000000| Untracked 
| 113|0x00000000e7100000, 0x00000000e7100000, 0x00000000e7200000|  0%| F|  |TAMS 0x00000000e7100000| PB 0x00000000e7100000| Untracked 
| 114|0x00000000e7200000, 0x00000000e7200000, 0x00000000e7300000|  0%| F|  |TAMS 0x00000000e7200000| PB 0x00000000e7200000| Untracked 
| 115|0x00000000e7300000, 0x00000000e7300000, 0x00000000e7400000|  0%| F|  |TAMS 0x00000000e7300000| PB 0x00000000e7300000| Untracked 
| 116|0x00000000e7400000, 0x00000000e7400000, 0x00000000e7500000|  0%| F|  |TAMS 0x00000000e7400000| PB 0x00000000e7400000| Untracked 
| 117|0x00000000e7500000, 0x00000000e7500000, 0x00000000e7600000|  0%| F|  |TAMS 0x00000000e7500000| PB 0x00000000e7500000| Untracked 
| 118|0x00000000e7600000, 0x00000000e7600000, 0x00000000e7700000|  0%| F|  |TAMS 0x00000000e7600000| PB 0x00000000e7600000| Untracked 
| 119|0x00000000e7700000, 0x00000000e7700000, 0x00000000e7800000|  0%| F|  |TAMS 0x00000000e7700000| PB 0x00000000e7700000| Untracked 
| 120|0x00000000e7800000, 0x00000000e7800000, 0x00000000e7900000|  0%| F|  |TAMS 0x00000000e7800000| PB 0x00000000e7800000| Untracked 
| 121|0x00000000e7900000, 0x00000000e7900000, 0x00000000e7a00000|  0%| F|  |TAMS 0x00000000e7900000| PB 0x00000000e7900000| Untracked 
| 122|0x00000000e7a00000, 0x00000000e7a00000, 0x00000000e7b00000|  0%| F|  |TAMS 0x00000000e7a00000| PB 0x00000000e7a00000| Untracked 
| 123|0x00000000e7b00000, 0x00000000e7b00000, 0x00000000e7c00000|  0%| F|  |TAMS 0x00000000e7b00000| PB 0x00000000e7b00000| Untracked 
| 124|0x00000000e7c00000, 0x00000000e7c00000, 0x00000000e7d00000|  0%| F|  |TAMS 0x00000000e7c00000| PB 0x00000000e7c00000| Untracked 
| 125|0x00000000e7d00000, 0x00000000e7d00000, 0x00000000e7e00000|  0%| F|  |TAMS 0x00000000e7d00000| PB 0x00000000e7d00000| Untracked 
| 126|0x00000000e7e00000, 0x00000000e7e00000, 0x00000000e7f00000|  0%| F|  |TAMS 0x00000000e7e00000| PB 0x00000000e7e00000| Untracked 
| 127|0x00000000e7f00000, 0x00000000e7f00000, 0x00000000e8000000|  0%| F|  |TAMS 0x00000000e7f00000| PB 0x00000000e7f00000| Untracked 
| 128|0x00000000e8000000, 0x00000000e8000000, 0x00000000e8100000|  0%| F|  |TAMS 0x00000000e8000000| PB 0x00000000e8000000| Untracked 
| 129|0x00000000e8100000, 0x00000000e8100000, 0x00000000e8200000|  0%| F|  |TAMS 0x00000000e8100000| PB 0x00000000e8100000| Untracked 
| 130|0x00000000e8200000, 0x00000000e8200000, 0x00000000e8300000|  0%| F|  |TAMS 0x00000000e8200000| PB 0x00000000e8200000| Untracked 
| 131|0x00000000e8300000, 0x00000000e8300000, 0x00000000e8400000|  0%| F|  |TAMS 0x00000000e8300000| PB 0x00000000e8300000| Untracked 
| 132|0x00000000e8400000, 0x00000000e8400000, 0x00000000e8500000|  0%| F|  |TAMS 0x00000000e8400000| PB 0x00000000e8400000| Untracked 
| 133|0x00000000e8500000, 0x00000000e8500000, 0x00000000e8600000|  0%| F|  |TAMS 0x00000000e8500000| PB 0x00000000e8500000| Untracked 
| 134|0x00000000e8600000, 0x00000000e8600000, 0x00000000e8700000|  0%| F|  |TAMS 0x00000000e8600000| PB 0x00000000e8600000| Untracked 
| 135|0x00000000e8700000, 0x00000000e8700000, 0x00000000e8800000|  0%| F|  |TAMS 0x00000000e8700000| PB 0x00000000e8700000| Untracked 
| 136|0x00000000e8800000, 0x00000000e8800000, 0x00000000e8900000|  0%| F|  |TAMS 0x00000000e8800000| PB 0x00000000e8800000| Untracked 
| 137|0x00000000e8900000, 0x00000000e8900000, 0x00000000e8a00000|  0%| F|  |TAMS 0x00000000e8900000| PB 0x00000000e8900000| Untracked 
| 138|0x00000000e8a00000, 0x00000000e8a00000, 0x00000000e8b00000|  0%| F|  |TAMS 0x00000000e8a00000| PB 0x00000000e8a00000| Untracked 
| 139|0x00000000e8b00000, 0x00000000e8b00000, 0x00000000e8c00000|  0%| F|  |TAMS 0x00000000e8b00000| PB 0x00000000e8b00000| Untracked 
| 140|0x00000000e8c00000, 0x00000000e8c00000, 0x00000000e8d00000|  0%| F|  |TAMS 0x00000000e8c00000| PB 0x00000000e8c00000| Untracked 
| 141|0x00000000e8d00000, 0x00000000e8d00000, 0x00000000e8e00000|  0%| F|  |TAMS 0x00000000e8d00000| PB 0x00000000e8d00000| Untracked 
| 142|0x00000000e8e00000, 0x00000000e8e00000, 0x00000000e8f00000|  0%| F|  |TAMS 0x00000000e8e00000| PB 0x00000000e8e00000| Untracked 
| 143|0x00000000e8f00000, 0x00000000e8f00000, 0x00000000e9000000|  0%| F|  |TAMS 0x00000000e8f00000| PB 0x00000000e8f00000| Untracked 
| 144|0x00000000e9000000, 0x00000000e9000000, 0x00000000e9100000|  0%| F|  |TAMS 0x00000000e9000000| PB 0x00000000e9000000| Untracked 
| 145|0x00000000e9100000, 0x00000000e9100000, 0x00000000e9200000|  0%| F|  |TAMS 0x00000000e9100000| PB 0x00000000e9100000| Untracked 
| 146|0x00000000e9200000, 0x00000000e9200000, 0x00000000e9300000|  0%| F|  |TAMS 0x00000000e9200000| PB 0x00000000e9200000| Untracked 
| 147|0x00000000e9300000, 0x00000000e9300000, 0x00000000e9400000|  0%| F|  |TAMS 0x00000000e9300000| PB 0x00000000e9300000| Untracked 
| 148|0x00000000e9400000, 0x00000000e9400000, 0x00000000e9500000|  0%| F|  |TAMS 0x00000000e9400000| PB 0x00000000e9400000| Untracked 
| 149|0x00000000e9500000, 0x00000000e9500000, 0x00000000e9600000|  0%| F|  |TAMS 0x00000000e9500000| PB 0x00000000e9500000| Untracked 
| 150|0x00000000e9600000, 0x00000000e9600000, 0x00000000e9700000|  0%| F|  |TAMS 0x00000000e9600000| PB 0x00000000e9600000| Untracked 
| 151|0x00000000e9700000, 0x00000000e9700000, 0x00000000e9800000|  0%| F|  |TAMS 0x00000000e9700000| PB 0x00000000e9700000| Untracked 
| 152|0x00000000e9800000, 0x00000000e9800000, 0x00000000e9900000|  0%| F|  |TAMS 0x00000000e9800000| PB 0x00000000e9800000| Untracked 
| 153|0x00000000e9900000, 0x00000000e9900000, 0x00000000e9a00000|  0%| F|  |TAMS 0x00000000e9900000| PB 0x00000000e9900000| Untracked 
| 154|0x00000000e9a00000, 0x00000000e9a00000, 0x00000000e9b00000|  0%| F|  |TAMS 0x00000000e9a00000| PB 0x00000000e9a00000| Untracked 
| 155|0x00000000e9b00000, 0x00000000e9b00000, 0x00000000e9c00000|  0%| F|  |TAMS 0x00000000e9b00000| PB 0x00000000e9b00000| Untracked 
| 156|0x00000000e9c00000, 0x00000000e9c00000, 0x00000000e9d00000|  0%| F|  |TAMS 0x00000000e9c00000| PB 0x00000000e9c00000| Untracked 
| 157|0x00000000e9d00000, 0x00000000e9d00000, 0x00000000e9e00000|  0%| F|  |TAMS 0x00000000e9d00000| PB 0x00000000e9d00000| Untracked 
| 158|0x00000000e9e00000, 0x00000000e9e00000, 0x00000000e9f00000|  0%| F|  |TAMS 0x00000000e9e00000| PB 0x00000000e9e00000| Untracked 
| 159|0x00000000e9f00000, 0x00000000e9f00000, 0x00000000ea000000|  0%| F|  |TAMS 0x00000000e9f00000| PB 0x00000000e9f00000| Untracked 
| 160|0x00000000ea000000, 0x00000000ea000000, 0x00000000ea100000|  0%| F|  |TAMS 0x00000000ea000000| PB 0x00000000ea000000| Untracked 
| 161|0x00000000ea100000, 0x00000000ea100000, 0x00000000ea200000|  0%| F|  |TAMS 0x00000000ea100000| PB 0x00000000ea100000| Untracked 
| 162|0x00000000ea200000, 0x00000000ea200000, 0x00000000ea300000|  0%| F|  |TAMS 0x00000000ea200000| PB 0x00000000ea200000| Untracked 
| 163|0x00000000ea300000, 0x00000000ea300000, 0x00000000ea400000|  0%| F|  |TAMS 0x00000000ea300000| PB 0x00000000ea300000| Untracked 
| 164|0x00000000ea400000, 0x00000000ea400000, 0x00000000ea500000|  0%| F|  |TAMS 0x00000000ea400000| PB 0x00000000ea400000| Untracked 
| 165|0x00000000ea500000, 0x00000000ea500000, 0x00000000ea600000|  0%| F|  |TAMS 0x00000000ea500000| PB 0x00000000ea500000| Untracked 
| 166|0x00000000ea600000, 0x00000000ea600000, 0x00000000ea700000|  0%| F|  |TAMS 0x00000000ea600000| PB 0x00000000ea600000| Untracked 
| 167|0x00000000ea700000, 0x00000000ea700000, 0x00000000ea800000|  0%| F|  |TAMS 0x00000000ea700000| PB 0x00000000ea700000| Untracked 
| 168|0x00000000ea800000, 0x00000000ea800000, 0x00000000ea900000|  0%| F|  |TAMS 0x00000000ea800000| PB 0x00000000ea800000| Untracked 
| 169|0x00000000ea900000, 0x00000000ea900000, 0x00000000eaa00000|  0%| F|  |TAMS 0x00000000ea900000| PB 0x00000000ea900000| Untracked 
| 170|0x00000000eaa00000, 0x00000000eaa00000, 0x00000000eab00000|  0%| F|  |TAMS 0x00000000eaa00000| PB 0x00000000eaa00000| Untracked 
| 171|0x00000000eab00000, 0x00000000eab00000, 0x00000000eac00000|  0%| F|  |TAMS 0x00000000eab00000| PB 0x00000000eab00000| Untracked 
| 172|0x00000000eac00000, 0x00000000eac00000, 0x00000000ead00000|  0%| F|  |TAMS 0x00000000eac00000| PB 0x00000000eac00000| Untracked 
| 173|0x00000000ead00000, 0x00000000ead00000, 0x00000000eae00000|  0%| F|  |TAMS 0x00000000ead00000| PB 0x00000000ead00000| Untracked 
| 174|0x00000000eae00000, 0x00000000eae00000, 0x00000000eaf00000|  0%| F|  |TAMS 0x00000000eae00000| PB 0x00000000eae00000| Untracked 
| 175|0x00000000eaf00000, 0x00000000eaf00000, 0x00000000eb000000|  0%| F|  |TAMS 0x00000000eaf00000| PB 0x00000000eaf00000| Untracked 
| 176|0x00000000eb000000, 0x00000000eb000000, 0x00000000eb100000|  0%| F|  |TAMS 0x00000000eb000000| PB 0x00000000eb000000| Untracked 
| 177|0x00000000eb100000, 0x00000000eb100000, 0x00000000eb200000|  0%| F|  |TAMS 0x00000000eb100000| PB 0x00000000eb100000| Untracked 
| 178|0x00000000eb200000, 0x00000000eb200000, 0x00000000eb300000|  0%| F|  |TAMS 0x00000000eb200000| PB 0x00000000eb200000| Untracked 
| 179|0x00000000eb300000, 0x00000000eb300000, 0x00000000eb400000|  0%| F|  |TAMS 0x00000000eb300000| PB 0x00000000eb300000| Untracked 
| 180|0x00000000eb400000, 0x00000000eb400000, 0x00000000eb500000|  0%| F|  |TAMS 0x00000000eb400000| PB 0x00000000eb400000| Untracked 
| 181|0x00000000eb500000, 0x00000000eb500000, 0x00000000eb600000|  0%| F|  |TAMS 0x00000000eb500000| PB 0x00000000eb500000| Untracked 
| 182|0x00000000eb600000, 0x00000000eb6829d8, 0x00000000eb700000| 51%| E|  |TAMS 0x00000000eb600000| PB 0x00000000eb600000| Complete 
| 183|0x00000000eb700000, 0x00000000eb800000, 0x00000000eb800000|100%| E|CS|TAMS 0x00000000eb700000| PB 0x00000000eb700000| Complete 
| 184|0x00000000eb800000, 0x00000000eb900000, 0x00000000eb900000|100%| E|CS|TAMS 0x00000000eb800000| PB 0x00000000eb800000| Complete 
| 185|0x00000000eb900000, 0x00000000eba00000, 0x00000000eba00000|100%| E|CS|TAMS 0x00000000eb900000| PB 0x00000000eb900000| Complete 
| 186|0x00000000eba00000, 0x00000000ebb00000, 0x00000000ebb00000|100%| E|CS|TAMS 0x00000000eba00000| PB 0x00000000eba00000| Complete 
| 187|0x00000000ebb00000, 0x00000000ebc00000, 0x00000000ebc00000|100%| E|CS|TAMS 0x00000000ebb00000| PB 0x00000000ebb00000| Complete 
| 188|0x00000000ebc00000, 0x00000000ebd00000, 0x00000000ebd00000|100%| E|CS|TAMS 0x00000000ebc00000| PB 0x00000000ebc00000| Complete 
| 189|0x00000000ebd00000, 0x00000000ebe00000, 0x00000000ebe00000|100%| E|CS|TAMS 0x00000000ebd00000| PB 0x00000000ebd00000| Complete 
| 190|0x00000000ebe00000, 0x00000000ebf00000, 0x00000000ebf00000|100%| E|CS|TAMS 0x00000000ebe00000| PB 0x00000000ebe00000| Complete 
| 191|0x00000000ebf00000, 0x00000000ec000000, 0x00000000ec000000|100%| E|CS|TAMS 0x00000000ebf00000| PB 0x00000000ebf00000| Complete 
| 192|0x00000000ec000000, 0x00000000ec100000, 0x00000000ec100000|100%| E|CS|TAMS 0x00000000ec000000| PB 0x00000000ec000000| Complete 
| 193|0x00000000ec100000, 0x00000000ec200000, 0x00000000ec200000|100%| E|CS|TAMS 0x00000000ec100000| PB 0x00000000ec100000| Complete 
| 194|0x00000000ec200000, 0x00000000ec300000, 0x00000000ec300000|100%| E|CS|TAMS 0x00000000ec200000| PB 0x00000000ec200000| Complete 
| 195|0x00000000ec300000, 0x00000000ec400000, 0x00000000ec400000|100%| E|CS|TAMS 0x00000000ec300000| PB 0x00000000ec300000| Complete 
| 196|0x00000000ec400000, 0x00000000ec500000, 0x00000000ec500000|100%| E|CS|TAMS 0x00000000ec400000| PB 0x00000000ec400000| Complete 
| 197|0x00000000ec500000, 0x00000000ec600000, 0x00000000ec600000|100%| E|CS|TAMS 0x00000000ec500000| PB 0x00000000ec500000| Complete 
| 198|0x00000000ec600000, 0x00000000ec700000, 0x00000000ec700000|100%| E|CS|TAMS 0x00000000ec600000| PB 0x00000000ec600000| Complete 
| 199|0x00000000ec700000, 0x00000000ec800000, 0x00000000ec800000|100%| E|CS|TAMS 0x00000000ec700000| PB 0x00000000ec700000| Complete 
| 200|0x00000000ec800000, 0x00000000ec900000, 0x00000000ec900000|100%| E|CS|TAMS 0x00000000ec800000| PB 0x00000000ec800000| Complete 
| 201|0x00000000ec900000, 0x00000000eca00000, 0x00000000eca00000|100%| E|CS|TAMS 0x00000000ec900000| PB 0x00000000ec900000| Complete 
| 202|0x00000000eca00000, 0x00000000ecb00000, 0x00000000ecb00000|100%| E|CS|TAMS 0x00000000eca00000| PB 0x00000000eca00000| Complete 
| 203|0x00000000ecb00000, 0x00000000ecc00000, 0x00000000ecc00000|100%| E|CS|TAMS 0x00000000ecb00000| PB 0x00000000ecb00000| Complete 
| 204|0x00000000ecc00000, 0x00000000ecd00000, 0x00000000ecd00000|100%| E|CS|TAMS 0x00000000ecc00000| PB 0x00000000ecc00000| Complete 
| 205|0x00000000ecd00000, 0x00000000ece00000, 0x00000000ece00000|100%| E|CS|TAMS 0x00000000ecd00000| PB 0x00000000ecd00000| Complete 
| 206|0x00000000ece00000, 0x00000000ecf00000, 0x00000000ecf00000|100%| E|CS|TAMS 0x00000000ece00000| PB 0x00000000ece00000| Complete 
| 207|0x00000000ecf00000, 0x00000000ed000000, 0x00000000ed000000|100%| E|CS|TAMS 0x00000000ecf00000| PB 0x00000000ecf00000| Complete 
| 208|0x00000000ed000000, 0x00000000ed100000, 0x00000000ed100000|100%| E|CS|TAMS 0x00000000ed000000| PB 0x00000000ed000000| Complete 
| 209|0x00000000ed100000, 0x00000000ed200000, 0x00000000ed200000|100%| E|CS|TAMS 0x00000000ed100000| PB 0x00000000ed100000| Complete 
| 210|0x00000000ed200000, 0x00000000ed300000, 0x00000000ed300000|100%| E|CS|TAMS 0x00000000ed200000| PB 0x00000000ed200000| Complete 
| 211|0x00000000ed300000, 0x00000000ed400000, 0x00000000ed400000|100%| E|CS|TAMS 0x00000000ed300000| PB 0x00000000ed300000| Complete 
| 212|0x00000000ed400000, 0x00000000ed500000, 0x00000000ed500000|100%| E|CS|TAMS 0x00000000ed400000| PB 0x00000000ed400000| Complete 
| 213|0x00000000ed500000, 0x00000000ed600000, 0x00000000ed600000|100%| E|CS|TAMS 0x00000000ed500000| PB 0x00000000ed500000| Complete 
| 214|0x00000000ed600000, 0x00000000ed700000, 0x00000000ed700000|100%| E|CS|TAMS 0x00000000ed600000| PB 0x00000000ed600000| Complete 
| 215|0x00000000ed700000, 0x00000000ed800000, 0x00000000ed800000|100%| E|CS|TAMS 0x00000000ed700000| PB 0x00000000ed700000| Complete 
| 216|0x00000000ed800000, 0x00000000ed900000, 0x00000000ed900000|100%| E|CS|TAMS 0x00000000ed800000| PB 0x00000000ed800000| Complete 
| 217|0x00000000ed900000, 0x00000000eda00000, 0x00000000eda00000|100%| E|CS|TAMS 0x00000000ed900000| PB 0x00000000ed900000| Complete 
| 218|0x00000000eda00000, 0x00000000edb00000, 0x00000000edb00000|100%| E|CS|TAMS 0x00000000eda00000| PB 0x00000000eda00000| Complete 
| 219|0x00000000edb00000, 0x00000000edc00000, 0x00000000edc00000|100%| E|CS|TAMS 0x00000000edb00000| PB 0x00000000edb00000| Complete 
| 220|0x00000000edc00000, 0x00000000edd00000, 0x00000000edd00000|100%| E|CS|TAMS 0x00000000edc00000| PB 0x00000000edc00000| Complete 
| 221|0x00000000edd00000, 0x00000000ede00000, 0x00000000ede00000|100%| E|CS|TAMS 0x00000000edd00000| PB 0x00000000edd00000| Complete 
| 222|0x00000000ede00000, 0x00000000edf00000, 0x00000000edf00000|100%| E|CS|TAMS 0x00000000ede00000| PB 0x00000000ede00000| Complete 
| 223|0x00000000edf00000, 0x00000000ee000000, 0x00000000ee000000|100%| E|CS|TAMS 0x00000000edf00000| PB 0x00000000edf00000| Complete 
| 224|0x00000000ee000000, 0x00000000ee100000, 0x00000000ee100000|100%| E|CS|TAMS 0x00000000ee000000| PB 0x00000000ee000000| Complete 
| 225|0x00000000ee100000, 0x00000000ee1bcec8, 0x00000000ee200000| 73%| S|CS|TAMS 0x00000000ee100000| PB 0x00000000ee100000| Complete 
| 226|0x00000000ee200000, 0x00000000ee300000, 0x00000000ee300000|100%| E|CS|TAMS 0x00000000ee200000| PB 0x00000000ee200000| Complete 
| 227|0x00000000ee300000, 0x00000000ee400000, 0x00000000ee400000|100%| E|CS|TAMS 0x00000000ee300000| PB 0x00000000ee300000| Complete 
| 228|0x00000000ee400000, 0x00000000ee500000, 0x00000000ee500000|100%| E|CS|TAMS 0x00000000ee400000| PB 0x00000000ee400000| Complete 
| 229|0x00000000ee500000, 0x00000000ee600000, 0x00000000ee600000|100%| E|CS|TAMS 0x00000000ee500000| PB 0x00000000ee500000| Complete 
| 230|0x00000000ee600000, 0x00000000ee700000, 0x00000000ee700000|100%| E|CS|TAMS 0x00000000ee600000| PB 0x00000000ee600000| Complete 
| 231|0x00000000ee700000, 0x00000000ee800000, 0x00000000ee800000|100%| E|CS|TAMS 0x00000000ee700000| PB 0x00000000ee700000| Complete 
| 232|0x00000000ee800000, 0x00000000ee900000, 0x00000000ee900000|100%| E|CS|TAMS 0x00000000ee800000| PB 0x00000000ee800000| Complete 
| 233|0x00000000ee900000, 0x00000000eea00000, 0x00000000eea00000|100%| E|CS|TAMS 0x00000000ee900000| PB 0x00000000ee900000| Complete 
| 234|0x00000000eea00000, 0x00000000eeb00000, 0x00000000eeb00000|100%| E|CS|TAMS 0x00000000eea00000| PB 0x00000000eea00000| Complete 
| 235|0x00000000eeb00000, 0x00000000eec00000, 0x00000000eec00000|100%| E|CS|TAMS 0x00000000eeb00000| PB 0x00000000eeb00000| Complete 
| 236|0x00000000eec00000, 0x00000000eed00000, 0x00000000eed00000|100%| E|CS|TAMS 0x00000000eec00000| PB 0x00000000eec00000| Complete 
| 237|0x00000000eed00000, 0x00000000eee00000, 0x00000000eee00000|100%| E|CS|TAMS 0x00000000eed00000| PB 0x00000000eed00000| Complete 
| 238|0x00000000eee00000, 0x00000000eef00000, 0x00000000eef00000|100%| E|CS|TAMS 0x00000000eee00000| PB 0x00000000eee00000| Complete 
| 239|0x00000000eef00000, 0x00000000ef000000, 0x00000000ef000000|100%| E|CS|TAMS 0x00000000eef00000| PB 0x00000000eef00000| Complete 
| 240|0x00000000ef000000, 0x00000000ef100000, 0x00000000ef100000|100%| E|CS|TAMS 0x00000000ef000000| PB 0x00000000ef000000| Complete 
| 241|0x00000000ef100000, 0x00000000ef200000, 0x00000000ef200000|100%| E|CS|TAMS 0x00000000ef100000| PB 0x00000000ef100000| Complete 
| 242|0x00000000ef200000, 0x00000000ef300000, 0x00000000ef300000|100%| E|CS|TAMS 0x00000000ef200000| PB 0x00000000ef200000| Complete 
| 243|0x00000000ef300000, 0x00000000ef400000, 0x00000000ef400000|100%| E|CS|TAMS 0x00000000ef300000| PB 0x00000000ef300000| Complete 
| 244|0x00000000ef400000, 0x00000000ef500000, 0x00000000ef500000|100%| E|CS|TAMS 0x00000000ef400000| PB 0x00000000ef400000| Complete 
| 245|0x00000000ef500000, 0x00000000ef600000, 0x00000000ef600000|100%| E|CS|TAMS 0x00000000ef500000| PB 0x00000000ef500000| Complete 
| 246|0x00000000ef600000, 0x00000000ef700000, 0x00000000ef700000|100%| E|CS|TAMS 0x00000000ef600000| PB 0x00000000ef600000| Complete 
| 247|0x00000000ef700000, 0x00000000ef800000, 0x00000000ef800000|100%| E|CS|TAMS 0x00000000ef700000| PB 0x00000000ef700000| Complete 
| 248|0x00000000ef800000, 0x00000000ef900000, 0x00000000ef900000|100%| E|CS|TAMS 0x00000000ef800000| PB 0x00000000ef800000| Complete 
| 249|0x00000000ef900000, 0x00000000efa00000, 0x00000000efa00000|100%| E|CS|TAMS 0x00000000ef900000| PB 0x00000000ef900000| Complete 
| 250|0x00000000efa00000, 0x00000000efb00000, 0x00000000efb00000|100%| E|CS|TAMS 0x00000000efa00000| PB 0x00000000efa00000| Complete 
| 251|0x00000000efb00000, 0x00000000efc00000, 0x00000000efc00000|100%| E|  |TAMS 0x00000000efb00000| PB 0x00000000efb00000| Complete 
| 252|0x00000000efc00000, 0x00000000efd00000, 0x00000000efd00000|100%| E|CS|TAMS 0x00000000efc00000| PB 0x00000000efc00000| Complete 
| 253|0x00000000efd00000, 0x00000000efe00000, 0x00000000efe00000|100%| E|CS|TAMS 0x00000000efd00000| PB 0x00000000efd00000| Complete 
| 254|0x00000000efe00000, 0x00000000eff00000, 0x00000000eff00000|100%| E|CS|TAMS 0x00000000efe00000| PB 0x00000000efe00000| Complete 
| 255|0x00000000eff00000, 0x00000000f0000000, 0x00000000f0000000|100%| E|CS|TAMS 0x00000000eff00000| PB 0x00000000eff00000| Complete 

Card table byte_map: [0x000001db67700000,0x000001db67800000] _byte_map_base: 0x000001db67000000

Marking Bits: (CMBitMap*) 0x000001db550fe010
 Bits: [0x000001db67800000, 0x000001db68000000)

Polling page: 0x000001db52ed0000

Metaspace:

Usage:
  Non-class:     13.59 MB used.
      Class:      2.18 MB used.
       Both:     15.77 MB used.

Virtual space:
  Non-class space:       64.00 MB reserved,      13.81 MB ( 22%) committed,  1 nodes.
      Class space:      320.00 MB reserved,       2.38 MB ( <1%) committed,  1 nodes.
             Both:      384.00 MB reserved,      16.19 MB (  4%) committed. 

Chunk freelists:
   Non-Class:  2.00 MB
       Class:  13.64 MB
        Both:  15.64 MB

MaxMetaspaceSize: 384.00 MB
CompressedClassSpaceSize: 320.00 MB
Initial GC threshold: 21.00 MB
Current GC threshold: 21.00 MB
CDS: on
 - commit_granule_bytes: 65536.
 - commit_granule_words: 8192.
 - virtual_space_node_default_size: 8388608.
 - enlarge_chunks_in_place: 1.
 - use_allocation_guard: 0.


Internal statistics:

num_allocs_failed_limit: 0.
num_arena_births: 526.
num_arena_deaths: 0.
num_vsnodes_births: 2.
num_vsnodes_deaths: 0.
num_space_committed: 259.
num_space_uncommitted: 0.
num_chunks_returned_to_freelist: 0.
num_chunks_taken_from_freelist: 1077.
num_chunk_merges: 0.
num_chunk_splits: 692.
num_chunks_enlarged: 479.
num_inconsistent_stats: 0.

CodeHeap 'non-profiled nmethods': size=120000Kb used=1439Kb max_used=1439Kb free=118560Kb
 bounds [0x000001db5fda0000, 0x000001db60010000, 0x000001db672d0000]
CodeHeap 'profiled nmethods': size=120000Kb used=5809Kb max_used=5809Kb free=114190Kb
 bounds [0x000001db582d0000, 0x000001db58880000, 0x000001db5f800000]
CodeHeap 'non-nmethods': size=5760Kb used=1395Kb max_used=1470Kb free=4364Kb
 bounds [0x000001db5f800000, 0x000001db5fa70000, 0x000001db5fda0000]
CodeCache: size=245760Kb, used=8643Kb, max_used=8718Kb, free=237114Kb
 total_blobs=3489, nmethods=2933, adapters=460, full_count=0
Compilation: enabled, stopped_count=0, restarted_count=0

Compilation events (20 events):
Event: 46.798 Thread 0x000001db19012c00 2918       3       java.util.ImmutableCollections$AbstractImmutableSet::<init> (5 bytes)
Event: 46.798 Thread 0x000001db19012c00 nmethod 2918 0x000001db58871510 code [0x000001db588716c0, 0x000001db588718e8]
Event: 47.035 Thread 0x000001db19012c00 2919       3       java.lang.invoke.TypeConvertingMethodAdapter::convertType (299 bytes)
Event: 47.040 Thread 0x000001db19012c00 nmethod 2919 0x000001db58871a10 code [0x000001db588720c0, 0x000001db58875a78]
Event: 47.169 Thread 0x000001db19012c00 2920       3       java.lang.invoke.MethodHandle::isAncestorLoaderOf (35 bytes)
Event: 47.169 Thread 0x000001db19012c00 nmethod 2920 0x000001db58876e10 code [0x000001db58877040, 0x000001db588777b0]
Event: 47.307 Thread 0x000001db19012c00 2921       1       java.lang.reflect.Method::getMethodAccessor (5 bytes)
Event: 47.307 Thread 0x000001db19012c00 nmethod 2921 0x000001db5ff06990 code [0x000001db5ff06b20, 0x000001db5ff06be8]
Event: 47.307 Thread 0x000001db19012c00 2922       3       java.lang.invoke.MethodHandle::asFixedArity (23 bytes)
Event: 47.307 Thread 0x000001db19012c00 nmethod 2922 0x000001db58877a10 code [0x000001db58877ba0, 0x000001db58877cc0]
Event: 47.307 Thread 0x000001db19012c00 2923       3       java.lang.invoke.BoundMethodHandle::speciesDataFor (32 bytes)
Event: 47.307 Thread 0x000001db19012c00 nmethod 2923 0x000001db58877d90 code [0x000001db58877f60, 0x000001db588782e0]
Event: 47.308 Thread 0x000001db19012c00 2924       3       java.lang.invoke.LambdaFormEditor::oldSpeciesData (8 bytes)
Event: 47.308 Thread 0x000001db19012c00 nmethod 2924 0x000001db58878410 code [0x000001db588785e0, 0x000001db588789e0]
Event: 47.344 Thread 0x000001db6aa8c910 2925       4       jdk.internal.org.objectweb.asm.Frame::push (109 bytes)
Event: 47.346 Thread 0x000001db19012c00 2927       3       java.lang.reflect.Method::setMethodAccessor (20 bytes)
Event: 47.346 Thread 0x000001db19012c00 nmethod 2927 0x000001db58878b10 code [0x000001db58878ce0, 0x000001db58878fa0]
Event: 47.353 Thread 0x000001db6aa8c910 nmethod 2925 0x000001db5ff06c90 code [0x000001db5ff06e40, 0x000001db5ff07508]
Event: 47.353 Thread 0x000001db6aa8c910 2926       4       jdk.internal.org.objectweb.asm.Frame::execute (2305 bytes)
Event: 47.805 Thread 0x000001db19012c00 2928       3       org.gradle.internal.logging.slf4j.OutputEventListenerBackedLogger::isLevelAtMost (20 bytes)

GC Heap History (4 events):
Event: 1.974 GC heap before
{Heap before GC invocations=0 (full 0):
 garbage-first heap   total 262144K, used 26624K [0x00000000e0000000, 0x0000000100000000)
  region size 1024K, 23 young (23552K), 0 survivors (0K)
 Metaspace       used 3200K, committed 3328K, reserved 393216K
  class space    used 418K, committed 448K, reserved 327680K
}
Event: 2.138 GC heap after
{Heap after GC invocations=1 (full 0):
 garbage-first heap   total 262144K, used 10240K [0x00000000e0000000, 0x0000000100000000)
  region size 1024K, 3 young (3072K), 3 survivors (3072K)
 Metaspace       used 3200K, committed 3328K, reserved 393216K
  class space    used 418K, committed 448K, reserved 327680K
}
Event: 4.666 GC heap before
{Heap before GC invocations=1 (full 0):
 garbage-first heap   total 262144K, used 36864K [0x00000000e0000000, 0x0000000100000000)
  region size 1024K, 30 young (30720K), 3 survivors (3072K)
 Metaspace       used 4084K, committed 4288K, reserved 393216K
  class space    used 512K, committed 640K, reserved 327680K
}
Event: 4.669 GC heap after
{Heap after GC invocations=2 (full 0):
 garbage-first heap   total 262144K, used 11418K [0x00000000e0000000, 0x0000000100000000)
  region size 1024K, 1 young (1024K), 1 survivors (1024K)
 Metaspace       used 4084K, committed 4288K, reserved 393216K
  class space    used 512K, committed 640K, reserved 327680K
}

Dll operation events (20 events):
Event: 0.423 Attempting to load shared library C:\Users\amald\.vscode\extensions\redhat.java-1.56.0-win32-x64\jre\21.0.12.1-win32-x86_64\bin\nio.dll
Event: 0.424 Loaded shared library C:\Users\amald\.vscode\extensions\redhat.java-1.56.0-win32-x64\jre\21.0.12.1-win32-x86_64\bin\nio.dll
Event: 0.431 Attempting to load shared library C:\Users\amald\.vscode\extensions\redhat.java-1.56.0-win32-x64\jre\21.0.12.1-win32-x86_64\bin\zip.dll
Event: 0.431 Loaded shared library C:\Users\amald\.vscode\extensions\redhat.java-1.56.0-win32-x64\jre\21.0.12.1-win32-x86_64\bin\zip.dll
Event: 1.210 Attempting to load shared library C:\Users\amald\.vscode\extensions\redhat.java-1.56.0-win32-x64\jre\21.0.12.1-win32-x86_64\bin\jimage.dll
Event: 1.210 Loaded shared library C:\Users\amald\.vscode\extensions\redhat.java-1.56.0-win32-x64\jre\21.0.12.1-win32-x86_64\bin\jimage.dll
Event: 1.382 Attempting to load shared library C:\Users\amald\.vscode\extensions\redhat.java-1.56.0-win32-x64\jre\21.0.12.1-win32-x86_64\bin\verify.dll
Event: 1.382 Loaded shared library C:\Users\amald\.vscode\extensions\redhat.java-1.56.0-win32-x64\jre\21.0.12.1-win32-x86_64\bin\verify.dll
Event: 1.743 Attempting to load shared library C:\Users\amald\.gradle\native\c067742578af261105cb4f569cf0c3c89f3d7b1fecec35dd04571415982c5e48\windows-amd64\native-platform.dll
Event: 1.744 Loaded shared library C:\Users\amald\.gradle\native\c067742578af261105cb4f569cf0c3c89f3d7b1fecec35dd04571415982c5e48\windows-amd64\native-platform.dll
Event: 1.755 Attempting to load shared library C:\Users\amald\.gradle\native\38dada09dfb8b06ba9b0570ebf7e218e3eb74d4ef43ca46872605cf95ebc2f47\windows-amd64\native-platform-file-events.dll
Event: 1.757 Loaded shared library C:\Users\amald\.gradle\native\38dada09dfb8b06ba9b0570ebf7e218e3eb74d4ef43ca46872605cf95ebc2f47\windows-amd64\native-platform-file-events.dll
Event: 7.104 Attempting to load shared library C:\Users\amald\.vscode\extensions\redhat.java-1.56.0-win32-x64\jre\21.0.12.1-win32-x86_64\bin\management.dll
Event: 7.127 Loaded shared library C:\Users\amald\.vscode\extensions\redhat.java-1.56.0-win32-x64\jre\21.0.12.1-win32-x86_64\bin\management.dll
Event: 7.135 Attempting to load shared library C:\Users\amald\.vscode\extensions\redhat.java-1.56.0-win32-x64\jre\21.0.12.1-win32-x86_64\bin\management_ext.dll
Event: 7.139 Loaded shared library C:\Users\amald\.vscode\extensions\redhat.java-1.56.0-win32-x64\jre\21.0.12.1-win32-x86_64\bin\management_ext.dll
Event: 8.182 Attempting to load shared library C:\Users\amald\.vscode\extensions\redhat.java-1.56.0-win32-x64\jre\21.0.12.1-win32-x86_64\bin\extnet.dll
Event: 8.184 Loaded shared library C:\Users\amald\.vscode\extensions\redhat.java-1.56.0-win32-x64\jre\21.0.12.1-win32-x86_64\bin\extnet.dll
Event: 13.605 Attempting to load shared library C:\Users\amald\.vscode\extensions\redhat.java-1.56.0-win32-x64\jre\21.0.12.1-win32-x86_64\bin\sunmscapi.dll
Event: 13.646 Loaded shared library C:\Users\amald\.vscode\extensions\redhat.java-1.56.0-win32-x64\jre\21.0.12.1-win32-x86_64\bin\sunmscapi.dll

Deoptimization events (20 events):
Event: 37.190 Thread 0x000001db194bc670 DEOPT PACKING pc=0x000001db5feb55cc sp=0x0000007eb7bfc6f0
Event: 37.190 Thread 0x000001db194bc670 DEOPT UNPACKING pc=0x000001db5f854422 sp=0x0000007eb7bfc688 mode 2
Event: 37.764 Thread 0x000001db194bc670 Uncommon trap: trap_request=0xffffff45 fr.pc=0x000001db5fe47c90 relative=0x00000000000002d0
Event: 37.764 Thread 0x000001db194bc670 Uncommon trap: reason=unstable_if action=reinterpret pc=0x000001db5fe47c90 method=java.util.concurrent.ConcurrentHashMap.get(Ljava/lang/Object;)Ljava/lang/Object; @ 152 c2
Event: 37.764 Thread 0x000001db194bc670 DEOPT PACKING pc=0x000001db5fe47c90 sp=0x0000007eb7bfbcc0
Event: 37.764 Thread 0x000001db194bc670 DEOPT UNPACKING pc=0x000001db5f854422 sp=0x0000007eb7bfbc28 mode 2
Event: 43.361 Thread 0x000001db19a8d2d0 DEOPT PACKING pc=0x000001db5884ea29 sp=0x0000007eb77fe740
Event: 43.361 Thread 0x000001db19a8d2d0 DEOPT UNPACKING pc=0x000001db5f854bc2 sp=0x0000007eb77fdc80 mode 0
Event: 43.361 Thread 0x000001db19a8d2d0 DEOPT PACKING pc=0x000001db586bd79f sp=0x0000007eb77fe780
Event: 43.361 Thread 0x000001db19a8d2d0 DEOPT UNPACKING pc=0x000001db5f854bc2 sp=0x0000007eb77fdc58 mode 0
Event: 43.361 Thread 0x000001db19a8d2d0 DEOPT PACKING pc=0x000001db5884ea29 sp=0x0000007eb77fe7e0
Event: 43.361 Thread 0x000001db19a8d2d0 DEOPT UNPACKING pc=0x000001db5f854bc2 sp=0x0000007eb77fdd20 mode 0
Event: 44.850 Thread 0x000001db194bc670 Uncommon trap: trap_request=0xffffff45 fr.pc=0x000001db5fdcbbd8 relative=0x0000000000000d58
Event: 44.850 Thread 0x000001db194bc670 Uncommon trap: reason=unstable_if action=reinterpret pc=0x000001db5fdcbbd8 method=java.io.WinNTFileSystem.resolve(Ljava/lang/String;Ljava/lang/String;)Ljava/lang/String; @ 19 c2
Event: 44.850 Thread 0x000001db194bc670 DEOPT PACKING pc=0x000001db5fdcbbd8 sp=0x0000007eb7bfba60
Event: 44.850 Thread 0x000001db194bc670 DEOPT UNPACKING pc=0x000001db5f854422 sp=0x0000007eb7bfb9f8 mode 2
Event: 44.852 Thread 0x000001db194bc670 Uncommon trap: trap_request=0xffffff45 fr.pc=0x000001db5fe20920 relative=0x00000000000006c0
Event: 44.852 Thread 0x000001db194bc670 Uncommon trap: reason=unstable_if action=reinterpret pc=0x000001db5fe20920 method=java.io.File.getName()Ljava/lang/String; @ 16 c2
Event: 44.852 Thread 0x000001db194bc670 DEOPT PACKING pc=0x000001db5fe20920 sp=0x0000007eb7bfba10
Event: 44.852 Thread 0x000001db194bc670 DEOPT UNPACKING pc=0x000001db5f854422 sp=0x0000007eb7bfb9e0 mode 2

Classes loaded (20 events):
Event: 42.308 Loading class sun/misc/Unsafe
Event: 42.309 Loading class sun/misc/Unsafe done
Event: 43.005 Loading class sun/nio/ch/DatagramChannelImpl$DatagramPackets
Event: 43.047 Loading class sun/nio/ch/DatagramChannelImpl$DatagramPackets done
Event: 44.183 Loading class sun/security/provider/MD5
Event: 44.247 Loading class sun/security/provider/MD5 done
Event: 44.248 Loading class sun/security/provider/SHA5$SHA512
Event: 44.248 Loading class sun/security/provider/SHA5
Event: 44.249 Loading class sun/security/provider/SHA5 done
Event: 44.249 Loading class sun/security/provider/SHA5$SHA512 done
Event: 44.357 Loading class sun/security/provider/ByteArrayAccess$LE
Event: 44.357 Loading class sun/security/provider/ByteArrayAccess$LE done
Event: 44.851 Loading class java/io/File$TempDirectory
Event: 44.851 Loading class java/io/File$TempDirectory done
Event: 46.524 Loading class java/util/zip/CheckedInputStream
Event: 46.615 Loading class java/util/zip/CheckedInputStream done
Event: 46.677 Loading class java/nio/file/FileVisitor
Event: 46.677 Loading class java/nio/file/FileVisitor done
Event: 46.677 Loading class java/io/FilenameFilter
Event: 46.677 Loading class java/io/FilenameFilter done

Classes unloaded (0 events):
No events

Classes redefined (0 events):
No events

Internal exceptions (20 events):
Event: 24.967 Thread 0x000001db19a8d2d0 Implicit null exception at 0x000001db5fdf0e20 to 0x000001db5fdf13e8
Event: 24.967 Thread 0x000001db19a8d2d0 Implicit null exception at 0x000001db5fdf1d20 to 0x000001db5fdf22d8
Event: 32.637 Thread 0x000001db194bc670 Exception <a 'java/lang/NoSuchMethodError'{0x00000000ed1fd940}: 'long java.lang.invoke.DirectMethodHandle$Holder.invokeInterface(java.lang.Object, java.lang.Object)'> (0x00000000ed1fd940) 
thrown [s\src\hotspot\share\interpreter\linkResolver.cpp, line 773]
Event: 35.923 Thread 0x000001db194bc670 Exception <a 'java/lang/NoSuchMethodError'{0x00000000ecc8c8f0}: 'java.lang.Object java.lang.invoke.DirectMethodHandle$Holder.invokeVirtual(java.lang.Object, java.lang.Object, java.lang.Object, java.lang.Object, java.lang.Object, java.lang.Object, java.lang.Object, java.lang.Object, java.lang.Object, java.lang.Object, java.lang.Object, java.lang.Object)'> (0x00000000ecc8c8f0) 
thrown [s\src\hotspot\share\interpreter\linkResolver.cpp, line 773]
Event: 35.983 Thread 0x000001db194bc670 Exception <a 'java/lang/NoSuchMethodError'{0x00000000eccd3e48}: 'java.lang.Object java.lang.invoke.DirectMethodHandle$Holder.invokeStatic(java.lang.Object, java.lang.Object, java.lang.Object, java.lang.Object, java.lang.Object, java.lang.Object, java.lang.Object, java.lang.Object, java.lang.Object, java.lang.Object, java.lang.Object, java.lang.Object, java.lang.Object)'> (0x00000000eccd3e48) 
thrown [s\src\hotspot\share\interpreter\linkResolver.cpp, line 773]
Event: 36.151 Thread 0x000001db194bc670 Exception <a 'java/lang/NoSuchMethodError'{0x00000000eccf35c8}: 'java.lang.Object java.lang.invoke.DirectMethodHandle$Holder.invokeStatic(java.lang.Object, java.lang.Object, java.lang.Object, java.lang.Object, java.lang.Object, java.lang.Object, java.lang.Object, java.lang.Object, java.lang.Object, java.lang.Object, java.lang.Object, java.lang.Object, java.lang.Object, java.lang.Object)'> (0x00000000eccf35c8) 
thrown [s\src\hotspot\share\interpreter\linkResolver.cpp, line 773]
Event: 37.592 Thread 0x000001db194bc670 Exception <a 'java/lang/NoSuchMethodError'{0x00000000eca5da08}: 'java.lang.Object java.lang.invoke.DirectMethodHandle$Holder.newInvokeSpecial(java.lang.Object, java.lang.Object, java.lang.Object, java.lang.Object, java.lang.Object)'> (0x00000000eca5da08) 
thrown [s\src\hotspot\share\interpreter\linkResolver.cpp, line 773]
Event: 40.006 Thread 0x000001db194bc670 Exception <a 'java/lang/NoSuchMethodError'{0x00000000ec707518}: 'java.lang.Object java.lang.invoke.DirectMethodHandle$Holder.newInvokeSpecial(java.lang.Object, java.lang.Object, java.lang.Object, java.lang.Object, java.lang.Object, java.lang.Object)'> (0x00000000ec707518) 
thrown [s\src\hotspot\share\interpreter\linkResolver.cpp, line 773]
Event: 40.220 Thread 0x000001db194bc670 Exception <a 'java/lang/NoSuchMethodError'{0x00000000ec72d4c8}: 'void java.lang.invoke.DirectMethodHandle$Holder.invokeStaticInit(java.lang.Object, java.lang.Object)'> (0x00000000ec72d4c8) 
thrown [s\src\hotspot\share\interpreter\linkResolver.cpp, line 773]
Event: 41.930 Thread 0x000001db194bc670 Exception <a 'java/lang/NoSuchMethodError'{0x00000000ec5b77b8}: 'void java.lang.invoke.DelegatingMethodHandle$Holder.reinvoke_L(java.lang.Object, java.lang.Object, java.lang.Object, java.lang.Object, java.lang.Object, java.lang.Object, java.lang.Object, java.lang.Object, java.lang.Object, java.lang.Object)'> (0x00000000ec5b77b8) 
thrown [s\src\hotspot\share\interpreter\linkResolver.cpp, line 773]
Event: 41.932 Thread 0x000001db194bc670 Exception <a 'java/lang/NoSuchMethodError'{0x00000000ec5bf298}: 'java.lang.Object java.lang.invoke.Invokers$Holder.invoker(java.lang.Object, java.lang.Object, java.lang.Object, java.lang.Object, java.lang.Object, java.lang.Object, java.lang.Object, java.lang.Object, java.lang.Object, java.lang.Object)'> (0x00000000ec5bf298) 
thrown [s\src\hotspot\share\interpreter\linkResolver.cpp, line 773]
Event: 42.204 Thread 0x000001db194bc670 Exception <a 'java/lang/NoSuchMethodError'{0x00000000ec132410}: 'void java.lang.invoke.DirectMethodHandle$Holder.invokeVirtual(java.lang.Object, java.lang.Object, java.lang.Object, java.lang.Object, java.lang.Object)'> (0x00000000ec132410) 
thrown [s\src\hotspot\share\interpreter\linkResolver.cpp, line 773]
Event: 42.271 Thread 0x000001db194bc670 Exception <a 'java/lang/NoSuchMethodError'{0x00000000ec0faf78}: 'void java.lang.invoke.DirectMethodHandle$Holder.invokeInterface(java.lang.Object, java.lang.Object)'> (0x00000000ec0faf78) 
thrown [s\src\hotspot\share\interpreter\linkResolver.cpp, line 773]
Event: 42.271 Thread 0x000001db194bc670 Exception <a 'java/lang/IncompatibleClassChangeError'{0x00000000ec0fe4f8}: Found class java.lang.Object, but interface was expected> (0x00000000ec0fe4f8) 
thrown [s\src\hotspot\share\interpreter\linkResolver.cpp, line 840]
Event: 42.284 Thread 0x000001db194bc670 Exception <a 'java/lang/NoSuchMethodError'{0x00000000ebf6de58}: 'void java.lang.invoke.DirectMethodHandle$Holder.invokeStaticInit(java.lang.Object)'> (0x00000000ebf6de58) 
thrown [s\src\hotspot\share\interpreter\linkResolver.cpp, line 773]
Event: 42.303 Thread 0x000001db194bc670 Exception <a 'java/lang/NoSuchMethodError'{0x00000000ebe17488}: 'java.lang.Object java.lang.invoke.DirectMethodHandle$Holder.newInvokeSpecial(java.lang.Object, java.lang.Object, java.lang.Object, int)'> (0x00000000ebe17488) 
thrown [s\src\hotspot\share\interpreter\linkResolver.cpp, line 773]
Event: 42.304 Thread 0x000001db194bc670 Exception <a 'java/lang/NoSuchMethodError'{0x00000000ebe1bbf0}: 'java.lang.Object java.lang.invoke.DirectMethodHandle$Holder.invokeSpecial(java.lang.Object, java.lang.Object, java.lang.Object, java.lang.Object, int)'> (0x00000000ebe1bbf0) 
thrown [s\src\hotspot\share\interpreter\linkResolver.cpp, line 773]
Event: 42.304 Thread 0x000001db194bc670 Exception <a 'java/lang/NoSuchMethodError'{0x00000000ebe1fab8}: 'java.lang.Object java.lang.invoke.Invokers$Holder.linkToTargetMethod(java.lang.Object, java.lang.Object, int, java.lang.Object)'> (0x00000000ebe1fab8) 
thrown [s\src\hotspot\share\interpreter\linkResolver.cpp, line 773]
Event: 43.186 Thread 0x000001db194bc670 Exception <a 'java/lang/NoSuchMethodError'{0x00000000ebd95af0}: 'java.lang.Object java.lang.invoke.DirectMethodHandle$Holder.invokeVirtual(java.lang.Object, java.lang.Object, java.lang.Object, java.lang.Object, java.lang.Object, java.lang.Object, java.lang.Object, java.lang.Object)'> (0x00000000ebd95af0) 
thrown [s\src\hotspot\share\interpreter\linkResolver.cpp, line 773]
Event: 46.797 Thread 0x000001db194bc670 Exception <a 'java/lang/NoSuchMethodError'{0x00000000eb83eb38}: 'int java.lang.invoke.DirectMethodHandle$Holder.invokeVirtual(java.lang.Object, java.lang.Object, java.lang.Object)'> (0x00000000eb83eb38) 
thrown [s\src\hotspot\share\interpreter\linkResolver.cpp, line 773]

ZGC Phase Switch (0 events):
No events

VM Operations (20 events):
Event: 37.390 Executing safepoint VM operation: Cleanup
Event: 37.406 Executing safepoint VM operation: Cleanup done
Event: 38.416 Executing safepoint VM operation: Cleanup
Event: 38.417 Executing safepoint VM operation: Cleanup done
Event: 39.425 Executing safepoint VM operation: Cleanup
Event: 39.441 Executing safepoint VM operation: Cleanup done
Event: 40.454 Executing safepoint VM operation: Cleanup
Event: 40.514 Executing safepoint VM operation: Cleanup done
Event: 41.533 Executing safepoint VM operation: Cleanup
Event: 41.698 Executing safepoint VM operation: Cleanup done
Event: 42.301 Executing non-safepoint VM operation: HandshakeAllThreads (Deoptimize)
Event: 42.301 Executing non-safepoint VM operation: HandshakeAllThreads (Deoptimize) done
Event: 43.307 Executing safepoint VM operation: Cleanup
Event: 43.324 Executing safepoint VM operation: Cleanup done
Event: 44.333 Executing safepoint VM operation: Cleanup
Event: 44.333 Executing safepoint VM operation: Cleanup done
Event: 45.343 Executing safepoint VM operation: Cleanup
Event: 45.359 Executing safepoint VM operation: Cleanup done
Event: 47.378 Executing safepoint VM operation: Cleanup
Event: 47.378 Executing safepoint VM operation: Cleanup done

Memory protections (0 events):
No events

Nmethod flushes (0 events):
No events

Events (20 events):
Event: 15.596 Thread 0x000001db190bb7f0 Thread added: 0x000001db19ec2be0
Event: 15.896 Thread 0x000001db190bb7f0 Thread added: 0x000001db1a6c2970
Event: 15.927 Thread 0x000001db190bb7f0 Thread added: 0x000001db194bc670
Event: 16.204 Thread 0x000001db194bc670 Thread added: 0x000001db194b9f10
Event: 16.377 Thread 0x000001db194bc670 Thread added: 0x000001db194ba5a0
Event: 16.722 Thread 0x000001db194bc670 Thread added: 0x000001db194bac30
Event: 18.988 Thread 0x000001db194bac30 Thread exited: 0x000001db194bac30
Event: 18.991 Thread 0x000001db194ba5a0 Thread exited: 0x000001db194ba5a0
Event: 19.089 Thread 0x000001db194b9f10 Thread exited: 0x000001db194b9f10
Event: 24.562 Thread 0x000001db1a6c2970 Thread exited: 0x000001db1a6c2970
Event: 24.580 Thread 0x000001db19ec2be0 Thread exited: 0x000001db19ec2be0
Event: 26.097 Thread 0x000001db190bb7f0 Thread added: 0x000001db194bbfe0
Event: 27.181 Thread 0x000001db190bb7f0 Thread added: 0x000001db194b9f10
Event: 30.140 Thread 0x000001db194bc670 Thread added: 0x000001db194bac30
Event: 30.148 Thread 0x000001db194bc670 Thread added: 0x000001db194b9880
Event: 30.150 Thread 0x000001db194bc670 Thread added: 0x000001db194bb2c0
Event: 42.302 Thread 0x000001db194bc670 Thread added: 0x000001db194bb950
Event: 43.003 Thread 0x000001db194bc670 Thread added: 0x000001db194bcd00
Event: 43.724 Thread 0x000001db194bc670 Thread added: 0x000001db19634350
Event: 45.811 Thread 0x000001db194bcd00 Thread added: 0x000001db19633cc0


Dynamic libraries:
0x00007ff621ac0000 - 0x00007ff621ace000 	C:\Users\amald\.vscode\extensions\redhat.java-1.56.0-win32-x64\jre\21.0.12.1-win32-x86_64\bin\java.exe
0x00007ff8dc300000 - 0x00007ff8dc566000 	C:\WINDOWS\SYSTEM32\ntdll.dll
0x00007ff8daa00000 - 0x00007ff8daac9000 	C:\WINDOWS\System32\KERNEL32.DLL
0x00007ff8d98a0000 - 0x00007ff8d9c9f000 	C:\WINDOWS\System32\KERNELBASE.dll
0x00007ff8d9d40000 - 0x00007ff8d9e8c000 	C:\WINDOWS\System32\ucrtbase.dll
0x00007ff8b61b0000 - 0x00007ff8b61c8000 	C:\Users\amald\.vscode\extensions\redhat.java-1.56.0-win32-x64\jre\21.0.12.1-win32-x86_64\bin\jli.dll
0x00007ff8db7f0000 - 0x00007ff8db9b6000 	C:\WINDOWS\System32\USER32.dll
0x00007ff8d95c0000 - 0x00007ff8d95e7000 	C:\WINDOWS\System32\win32u.dll
0x00007ff8dac80000 - 0x00007ff8dacab000 	C:\WINDOWS\System32\GDI32.dll
0x00007ff8d95f0000 - 0x00007ff8d9719000 	C:\WINDOWS\System32\gdi32full.dll
0x00007ff8d9510000 - 0x00007ff8d95b3000 	C:\WINDOWS\System32\msvcp_win.dll
0x00007ff8bbae0000 - 0x00007ff8bbafe000 	C:\Users\amald\.vscode\extensions\redhat.java-1.56.0-win32-x64\jre\21.0.12.1-win32-x86_64\bin\VCRUNTIME140.dll
0x00007ff8c2e80000 - 0x00007ff8c3111000 	C:\WINDOWS\WinSxS\amd64_microsoft.windows.common-controls_6595b64144ccf1df_6.0.26100.8972_none_3e0da176e32f9d4b\COMCTL32.dll
0x00007ff8da650000 - 0x00007ff8da6f9000 	C:\WINDOWS\System32\msvcrt.dll
0x00007ff8da9c0000 - 0x00007ff8da9f2000 	C:\WINDOWS\System32\IMM32.DLL
0x00007ff8bc8e0000 - 0x00007ff8bc8ec000 	C:\Users\amald\.vscode\extensions\redhat.java-1.56.0-win32-x64\jre\21.0.12.1-win32-x86_64\bin\vcruntime140_1.dll
0x00007ff899e10000 - 0x00007ff899e9d000 	C:\Users\amald\.vscode\extensions\redhat.java-1.56.0-win32-x64\jre\21.0.12.1-win32-x86_64\bin\msvcp140.dll
0x00007ff85bc20000 - 0x00007ff85c9c2000 	C:\Users\amald\.vscode\extensions\redhat.java-1.56.0-win32-x64\jre\21.0.12.1-win32-x86_64\bin\server\jvm.dll
0x00007ff8da700000 - 0x00007ff8da7bc000 	C:\WINDOWS\System32\ADVAPI32.dll
0x00007ff8da2a0000 - 0x00007ff8da34a000 	C:\WINDOWS\System32\sechost.dll
0x00007ff8da180000 - 0x00007ff8da298000 	C:\WINDOWS\System32\RPCRT4.dll
0x00007ff8da0e0000 - 0x00007ff8da162000 	C:\WINDOWS\System32\WS2_32.dll
0x00007ff8d9370000 - 0x00007ff8d93ce000 	C:\WINDOWS\SYSTEM32\POWRPROF.dll
0x00007ff8c34d0000 - 0x00007ff8c3506000 	C:\WINDOWS\SYSTEM32\WINMM.dll
0x00007ff8ce600000 - 0x00007ff8ce60b000 	C:\WINDOWS\SYSTEM32\VERSION.dll
0x00007ff8d9350000 - 0x00007ff8d9365000 	C:\WINDOWS\SYSTEM32\UMPDC.dll
0x00007ff8d8200000 - 0x00007ff8d821b000 	C:\WINDOWS\SYSTEM32\kernel.appcore.dll
0x00007ff8bc8d0000 - 0x00007ff8bc8da000 	C:\Users\amald\.vscode\extensions\redhat.java-1.56.0-win32-x64\jre\21.0.12.1-win32-x86_64\bin\jimage.dll
0x00007ff8d3c50000 - 0x00007ff8d3e92000 	C:\WINDOWS\SYSTEM32\DBGHELP.DLL
0x00007ff8db9e0000 - 0x00007ff8dbd65000 	C:\WINDOWS\System32\combase.dll
0x00007ff8da850000 - 0x00007ff8da929000 	C:\WINDOWS\System32\OLEAUT32.dll
0x00007ff8d2eb0000 - 0x00007ff8d2eeb000 	C:\WINDOWS\SYSTEM32\dbgcore.DLL
0x00007ff8d97e0000 - 0x00007ff8d988c000 	C:\WINDOWS\System32\bcryptPrimitives.dll
0x00007ff8bbc60000 - 0x00007ff8bbc6f000 	C:\Users\amald\.vscode\extensions\redhat.java-1.56.0-win32-x64\jre\21.0.12.1-win32-x86_64\bin\instrument.dll
0x00007ff8bbc70000 - 0x00007ff8bbc90000 	C:\Users\amald\.vscode\extensions\redhat.java-1.56.0-win32-x64\jre\21.0.12.1-win32-x86_64\bin\java.dll
0x00007ff8dacb0000 - 0x00007ff8db438000 	C:\WINDOWS\System32\SHELL32.dll
0x00007ff8d6fe0000 - 0x00007ff8d787b000 	C:\WINDOWS\SYSTEM32\windows.storage.dll
0x00007ff8da350000 - 0x00007ff8da449000 	C:\WINDOWS\System32\SHCORE.dll
0x00007ff8da450000 - 0x00007ff8da4b6000 	C:\WINDOWS\System32\shlwapi.dll
0x00007ff8d9400000 - 0x00007ff8d9429000 	C:\WINDOWS\SYSTEM32\profapi.dll
0x00007ff8b61e0000 - 0x00007ff8b61f8000 	C:\Users\amald\.vscode\extensions\redhat.java-1.56.0-win32-x64\jre\21.0.12.1-win32-x86_64\bin\zip.dll
0x00007ff8bbc50000 - 0x00007ff8bbc60000 	C:\Users\amald\.vscode\extensions\redhat.java-1.56.0-win32-x64\jre\21.0.12.1-win32-x86_64\bin\net.dll
0x00007ff8cdb10000 - 0x00007ff8cdc38000 	C:\WINDOWS\SYSTEM32\WINHTTP.dll
0x00007ff8d87b0000 - 0x00007ff8d881c000 	C:\WINDOWS\system32\mswsock.dll
0x00007ff8a7780000 - 0x00007ff8a7796000 	C:\Users\amald\.vscode\extensions\redhat.java-1.56.0-win32-x64\jre\21.0.12.1-win32-x86_64\bin\nio.dll
0x00007ff8bbab0000 - 0x00007ff8bbac0000 	C:\Users\amald\.vscode\extensions\redhat.java-1.56.0-win32-x64\jre\21.0.12.1-win32-x86_64\bin\verify.dll
0x00007ff8b6180000 - 0x00007ff8b61a7000 	C:\Users\amald\.gradle\native\c067742578af261105cb4f569cf0c3c89f3d7b1fecec35dd04571415982c5e48\windows-amd64\native-platform.dll
0x00007ff85cd40000 - 0x00007ff85ce84000 	C:\Users\amald\.gradle\native\38dada09dfb8b06ba9b0570ebf7e218e3eb74d4ef43ca46872605cf95ebc2f47\windows-amd64\native-platform-file-events.dll
0x00007ff8c85f0000 - 0x00007ff8c85fa000 	C:\Users\amald\.vscode\extensions\redhat.java-1.56.0-win32-x64\jre\21.0.12.1-win32-x86_64\bin\management.dll
0x00007ff8c85e0000 - 0x00007ff8c85ec000 	C:\Users\amald\.vscode\extensions\redhat.java-1.56.0-win32-x64\jre\21.0.12.1-win32-x86_64\bin\management_ext.dll
0x00007ff8da170000 - 0x00007ff8da178000 	C:\WINDOWS\System32\PSAPI.DLL
0x00007ff8d8aa0000 - 0x00007ff8d8abb000 	C:\WINDOWS\SYSTEM32\CRYPTSP.dll
0x00007ff8d8160000 - 0x00007ff8d8199000 	C:\WINDOWS\system32\rsaenh.dll
0x00007ff8d8860000 - 0x00007ff8d8892000 	C:\WINDOWS\SYSTEM32\USERENV.dll
0x00007ff8d9430000 - 0x00007ff8d945a000 	C:\WINDOWS\SYSTEM32\bcrypt.dll
0x00007ff8d8ac0000 - 0x00007ff8d8acc000 	C:\WINDOWS\SYSTEM32\CRYPTBASE.dll
0x00007ff8d7bd0000 - 0x00007ff8d7c03000 	C:\WINDOWS\SYSTEM32\IPHLPAPI.DLL
0x00007ff8da080000 - 0x00007ff8da08a000 	C:\WINDOWS\System32\NSI.dll
0x00007ff8b61d0000 - 0x00007ff8b61d9000 	C:\Users\amald\.vscode\extensions\redhat.java-1.56.0-win32-x64\jre\21.0.12.1-win32-x86_64\bin\extnet.dll
0x00007ff8b9ae0000 - 0x00007ff8b9aee000 	C:\Users\amald\.vscode\extensions\redhat.java-1.56.0-win32-x64\jre\21.0.12.1-win32-x86_64\bin\sunmscapi.dll
0x00007ff8d9ea0000 - 0x00007ff8da01e000 	C:\WINDOWS\System32\CRYPT32.dll
0x00007ff8d8ce0000 - 0x00007ff8d8d10000 	C:\WINDOWS\SYSTEM32\ncrypt.dll
0x00007ff8d8c90000 - 0x00007ff8d8ccf000 	C:\WINDOWS\SYSTEM32\NTASN1.dll
0x00007ff8b9630000 - 0x00007ff8b9638000 	C:\WINDOWS\system32\wshunix.dll

JVMTI agents:
C:\Users\amald\.gradle\wrapper\dists\gradle-8.7-bin\bhs2wmbdwecv87pi65oeuq5iu\gradle-8.7\lib\agents\gradle-instrumentation-agent-8.7.jar path:C:\Users\amald\.vscode\extensions\redhat.java-1.56.0-win32-x64\jre\21.0.12.1-win32-x86_64\bin\instrument.dll, loaded, initialized, instrumentlib options:none

dbghelp: loaded successfully - version: 4.0.5 - missing functions: none
symbol engine: initialized successfully - sym options: 0x614 - pdb path: .;C:\Users\amald\.vscode\extensions\redhat.java-1.56.0-win32-x64\jre\21.0.12.1-win32-x86_64\bin;C:\WINDOWS\SYSTEM32;C:\WINDOWS\WinSxS\amd64_microsoft.windows.common-controls_6595b64144ccf1df_6.0.26100.8972_none_3e0da176e32f9d4b;C:\Users\amald\.vscode\extensions\redhat.java-1.56.0-win32-x64\jre\21.0.12.1-win32-x86_64\bin\server;C:\Users\amald\.gradle\native\c067742578af261105cb4f569cf0c3c89f3d7b1fecec35dd04571415982c5e48\windows-amd64;C:\Users\amald\.gradle\native\38dada09dfb8b06ba9b0570ebf7e218e3eb74d4ef43ca46872605cf95ebc2f47\windows-amd64

VM Arguments:
jvm_args: --add-opens=java.base/java.util=ALL-UNNAMED --add-opens=java.base/java.lang=ALL-UNNAMED --add-opens=java.base/java.lang.invoke=ALL-UNNAMED --add-opens=java.prefs/java.util.prefs=ALL-UNNAMED --add-opens=java.base/java.nio.charset=ALL-UNNAMED --add-opens=java.base/java.net=ALL-UNNAMED --add-opens=java.base/java.util.concurrent.atomic=ALL-UNNAMED -XX:MaxMetaspaceSize=384m -XX:+HeapDumpOnOutOfMemoryError -Xms256m -Xmx512m -Dfile.encoding=utf8 -Duser.country=IN -Duser.language=en -Duser.variant -javaagent:C:\Users\amald\.gradle\wrapper\dists\gradle-8.7-bin\bhs2wmbdwecv87pi65oeuq5iu\gradle-8.7\lib\agents\gradle-instrumentation-agent-8.7.jar 
java_command: org.gradle.launcher.daemon.bootstrap.GradleDaemon 8.7
java_class_path (initial): C:\Users\amald\.gradle\wrapper\dists\gradle-8.7-bin\bhs2wmbdwecv87pi65oeuq5iu\gradle-8.7\lib\gradle-launcher-8.7.jar
Launcher Type: SUN_STANDARD

[Global flags]
     intx CICompilerCount                          = 4                                         {product} {ergonomic}
   size_t CompressedClassSpaceSize                 = 335544320                                 {product} {ergonomic}
     uint ConcGCThreads                            = 2                                         {product} {ergonomic}
     uint G1ConcRefinementThreads                  = 8                                         {product} {ergonomic}
   size_t G1HeapRegionSize                         = 1048576                                   {product} {ergonomic}
    uintx GCDrainStackTargetSize                   = 64                                        {product} {ergonomic}
     bool HeapDumpOnOutOfMemoryError               = true                                   {manageable} {command line}
   size_t InitialHeapSize                          = 268435456                                 {product} {command line}
   size_t MarkStackSize                            = 4194304                                   {product} {ergonomic}
   size_t MaxHeapSize                              = 536870912                                 {product} {command line}
   size_t MaxMetaspaceSize                         = 402653184                                 {product} {command line}
   size_t MaxNewSize                               = 321912832                                 {product} {ergonomic}
   size_t MinHeapDeltaBytes                        = 1048576                                   {product} {ergonomic}
   size_t MinHeapSize                              = 268435456                                 {product} {command line}
    uintx NonNMethodCodeHeapSize                   = 5839372                                {pd product} {ergonomic}
    uintx NonProfiledCodeHeapSize                  = 122909434                              {pd product} {ergonomic}
    uintx ProfiledCodeHeapSize                     = 122909434                              {pd product} {ergonomic}
    uintx ReservedCodeCacheSize                    = 251658240                              {pd product} {ergonomic}
     bool SegmentedCodeCache                       = true                                      {product} {ergonomic}
   size_t SoftMaxHeapSize                          = 536870912                              {manageable} {ergonomic}
     bool UseCompressedOops                        = true                           {product lp64_product} {ergonomic}
     bool UseG1GC                                  = true                                      {product} {ergonomic}
     bool UseLargePagesIndividualAllocation        = false                                  {pd product} {ergonomic}

Logging:
Log output configuration:
 #0: stdout all=warning uptime,level,tags foldmultilines=false
 #1: stderr all=off uptime,level,tags foldmultilines=false

Release file:
JAVA_VERSION="21.0.12.1" 
MODULES="java.base java.compiler java.datatransfer java.xml java.prefs java.desktop java.instrument java.logging java.management java.security.sasl java.naming java.rmi java.management.rmi java.net.http java.scripting java.security.jgss java.transaction.xa java.sql java.sql.rowset java.xml.crypto java.se java.smartcardio jdk.accessibility jdk.internal.jvmstat jdk.attach jdk.charsets jdk.internal.opt jdk.zipfs jdk.compiler jdk.crypto.ec jdk.crypto.cryptoki jdk.crypto.mscapi jdk.dynalink jdk.internal.ed jdk.editpad jdk.hotspot.agent jdk.httpserver jdk.internal.le jdk.internal.vm.ci jdk.internal.vm.compiler jdk.internal.vm.compiler.management jdk.jartool jdk.javadoc jdk.jcmd jdk.management jdk.management.agent jdk.jconsole jdk.jdeps jdk.jdwp.agent jdk.jdi jdk.jfr jdk.jshell jdk.jsobject jdk.jstatd jdk.localedata jdk.management.jfr jdk.naming.dns jdk.naming.rmi jdk.net jdk.nio.mapmode jdk.random jdk.sctp jdk.security.auth jdk.security.jgss jdk.unsupported jdk.unsupported.desktop jdk.xml.dom" 

Environment Variables:
PATH=C:\Program Files\Common Files\Oracle\Java\javapath;C:\Windows\system32;C:\Windows;C:\Windows\System32\Wbem;C:\Windows\System32\WindowsPowerShell\v1.0\;C:\Windows\System32\OpenSSH\;C:\Program Files (x86)\NVIDIA Corporation\PhysX\Common;C:\Program Files\NVIDIA Corporation\NVIDIA NvDLISR;C:\WINDOWS\system32;C:\WINDOWS;C:\WINDOWS\System32\Wbem;C:\WINDOWS\System32\WindowsPowerShell\v1.0\;C:\WINDOWS\System32\OpenSSH\;C:\Program Files\Git\cmd;C:\Program Files\apache-maven-3.9.8\bin;C:\Program Files\nodejs\;C:\Users\amald\AppData\Local\Microsoft\WindowsApps;C:\Users\amald\AppData\Local\Programs\Microsoft VS Code\bin;C:\Users\amald\AppData\Local\Programs\cursor\resources\app\bin;C:\Users\amald\AppData\Roaming\npm;C:\Users\amald\.local\bin;C:\Program Files\JetBrains\IntelliJ IDEA 2026.1.3\bin
USERNAME=amald
OS=Windows_NT
PROCESSOR_IDENTIFIER=Intel64 Family 6 Model 142 Stepping 12, GenuineIntel
TMP=C:\Users\amald\AppData\Local\Temp
TEMP=C:\Users\amald\AppData\Local\Temp




Periodic native trim disabled

---------------  S Y S T E M  ---------------

OS:
 Windows 11 , 64 bit Build 26100 (10.0.26100.9168)
OS uptime: 7 days 2:05 hours

CPU: total 8 (initial active 8) (4 cores per cpu, 2 threads per core) family 6 model 142 stepping 12 microcode 0xde, cx8, cmov, fxsr, ht, mmx, 3dnowpref, sse, sse2, sse3, ssse3, sse4.1, sse4.2, popcnt, lzcnt, tsc, tscinvbit, avx, avx2, aes, erms, clmul, bmi1, bmi2, adx, fma, vzeroupper, clflush, clflushopt, rdtscp, f16c
Processor Information for the first 8 processors :
  Max Mhz: 2304, Current Mhz: 1803, Mhz Limit: 1797

Memory: 4k page, system-wide physical 8022M (328M free)
TotalPageFile size 32598M (AvailPageFile size 32M)
current process WorkingSet (physical memory assigned to process): 110M, peak: 128M
current process commit charge ("private bytes"): 388M, peak: 410M

vm_info: OpenJDK 64-Bit Server VM (21.0.12.1+1-LTS) for windows-amd64 JRE (21.0.12.1+1-LTS), built on 2026-08-18T00:00:00Z by "admin" with MS VC++ 17.12 (VS2022)

END.
