#
# There is insufficient memory for the Java Runtime Environment to continue.
# Native memory allocation (malloc) failed to allocate 32744 bytes. Error detail: Chunk::new
# Possible reasons:
#   The system is out of physical RAM or swap space
#   This process is running with CompressedOops enabled, and the Java Heap may be blocking the growth of the native heap
# Possible solutions:
#   Reduce memory load on the system
#   Increase physical memory or swap space
#   Check if swap backing store is full
#   Decrease Java heap size (-Xmx/-Xms)
#   Decrease number of Java threads
#   Decrease Java thread stack sizes (-Xss)
#   Set larger code cache with -XX:ReservedCodeCacheSize=
#   JVM is running with Unscaled Compressed Oops mode in which the Java heap is
#     placed in the first 4GB address space. The Java Heap base address is the
#     maximum limit for the native heap growth. Please use -XX:HeapBaseMinAddress
#     to set the Java Heap base and to place the Java Heap above 4GB virtual address.
# This output file may be truncated or incomplete.
#
#  Out of Memory Error (arena.cpp:168), pid=297112, tid=289108
#
# JRE version: OpenJDK Runtime Environment Temurin-21.0.12.1+1 (21.0.12.1+1) (build 21.0.12.1+1-LTS)
# Java VM: OpenJDK 64-Bit Server VM Temurin-21.0.12.1+1 (21.0.12.1+1-LTS, mixed mode, sharing, tiered, compressed oops, compressed class ptrs, g1 gc, windows-amd64)
# No core dump will be written. Minidumps are not enabled by default on client versions of Windows
#

---------------  S U M M A R Y ------------

Command Line: --add-opens=java.base/java.util=ALL-UNNAMED --add-opens=java.base/java.lang=ALL-UNNAMED --add-opens=java.base/java.lang.invoke=ALL-UNNAMED --add-opens=java.prefs/java.util.prefs=ALL-UNNAMED --add-opens=java.base/java.nio.charset=ALL-UNNAMED --add-opens=java.base/java.net=ALL-UNNAMED --add-opens=java.base/java.util.concurrent.atomic=ALL-UNNAMED -XX:MaxMetaspaceSize=384m -XX:+HeapDumpOnOutOfMemoryError -Xms256m -Xmx512m -Dfile.encoding=utf8 -Duser.country=IN -Duser.language=en -Duser.variant -javaagent:C:\Users\amald\.gradle\wrapper\dists\gradle-8.7-bin\bhs2wmbdwecv87pi65oeuq5iu\gradle-8.7\lib\agents\gradle-instrumentation-agent-8.7.jar org.gradle.launcher.daemon.bootstrap.GradleDaemon 8.7

Host: Intel(R) Core(TM) i7-10510U CPU @ 1.80GHz, 8 cores, 7G,  Windows 11 , 64 bit Build 26100 (10.0.26100.9168)
Time: Sat Sep 19 12:20:20 2026 India Standard Time elapsed time: 59.867238 seconds (0d 0h 0m 59s)

---------------  T H R E A D  ---------------

Current thread (0x0000016c9d6ad150):  JavaThread "C2 CompilerThread0" daemon [_thread_in_native, id=289108, stack(0x00000042a9700000,0x00000042a9800000) (1024K)]


Current CompileTask:
C2:59867 5916       4       java.lang.invoke.InvokerBytecodeGenerator::addMethod (725 bytes)

Stack: [0x00000042a9700000,0x00000042a9800000]
Native frames: (J=compiled Java code, j=interpreted, Vv=VM code, C=native code)
V  [jvm.dll+0x6d83e9]
V  [jvm.dll+0x8b5736]
V  [jvm.dll+0x8b7cee]
V  [jvm.dll+0x8b83d3]
V  [jvm.dll+0x284596]
V  [jvm.dll+0xc685d]
V  [jvm.dll+0xc6da1]
V  [jvm.dll+0x1f9bb2]
V  [jvm.dll+0x1f6e9d]
V  [jvm.dll+0x20972d]
V  [jvm.dll+0x1f6cf1]
V  [jvm.dll+0x14a0be]
V  [jvm.dll+0x2f876a]
V  [jvm.dll+0x2fa762]
V  [jvm.dll+0x6f2873]
V  [jvm.dll+0x6ea969]
V  [jvm.dll+0x6ea069]
V  [jvm.dll+0x6e80ee]
V  [jvm.dll+0x1ce4fc]
V  [jvm.dll+0x24b919]
V  [jvm.dll+0x1cb4ae]
V  [jvm.dll+0x25baad]
V  [jvm.dll+0x25a03a]
V  [jvm.dll+0x3f8aae]
V  [jvm.dll+0x8600cd]
V  [jvm.dll+0x6d6c1d]
C  [ucrtbase.dll+0x2cd30]
C  [KERNEL32.DLL+0x2ccb7]
C  [ntdll.dll+0xaad6c]


---------------  P R O C E S S  ---------------

Threads class SMR info:
_java_thread_list=0x0000016cb9452420, length=55, elements={
0x0000016c85f6ca90, 0x0000016c9d698870, 0x0000016c9d69cf00, 0x0000016c9d6a61d0,
0x0000016c9d69db60, 0x0000016c9d69e1d0, 0x0000016c9d6aaad0, 0x0000016c9d6ad150,
0x0000016c9d6c3120, 0x0000016c9d8bd950, 0x0000016c9d8f1350, 0x0000016cb7e69f50,
0x0000016cb861fb90, 0x0000016cb878bab0, 0x0000016cb8181240, 0x0000016cb8751560,
0x0000016cb8752280, 0x0000016cb8750ed0, 0x0000016cb874f490, 0x0000016cb874fb20,
0x0000016cb8750840, 0x0000016cb86fc710, 0x0000016cb86fcda0, 0x0000016cb86fb360,
0x0000016cb86fd430, 0x0000016cb86f9fb0, 0x0000016cb86fdac0, 0x0000016cb86fb9f0,
0x0000016cb86fa640, 0x0000016cb86fe150, 0x0000016cb87008b0, 0x0000016cb8700220,
0x0000016cb87015d0, 0x0000016cb86fe7e0, 0x0000016cb86fee70, 0x0000016cb86ff500,
0x0000016cb86ffb90, 0x0000016cb8751bf0, 0x0000016cbad38e00, 0x0000016cbad3c280,
0x0000016cbad3a840, 0x0000016cbad3bbf0, 0x0000016cbad3cfa0, 0x0000016cbad3aed0,
0x0000016cbad39b20, 0x0000016cbad3e350, 0x0000016cbad3d630, 0x0000016cbad3dcc0,
0x0000016cbad3e9e0, 0x0000016cbad3f070, 0x0000016cbad3f700, 0x0000016cbad3fd90,
0x0000016cbad40420, 0x0000016cba705b50, 0x0000016cba703a80
}

Java Threads: ( => current thread )
  0x0000016c85f6ca90 JavaThread "main"                              [_thread_blocked, id=297028, stack(0x00000042a8900000,0x00000042a8a00000) (1024K)]
  0x0000016c9d698870 JavaThread "Reference Handler"          daemon [_thread_blocked, id=296496, stack(0x00000042a9100000,0x00000042a9200000) (1024K)]
  0x0000016c9d69cf00 JavaThread "Finalizer"                  daemon [_thread_blocked, id=297448, stack(0x00000042a9200000,0x00000042a9300000) (1024K)]
  0x0000016c9d6a61d0 JavaThread "Signal Dispatcher"          daemon [_thread_blocked, id=296520, stack(0x00000042a9300000,0x00000042a9400000) (1024K)]
  0x0000016c9d69db60 JavaThread "Attach Listener"            daemon [_thread_blocked, id=276524, stack(0x00000042a9400000,0x00000042a9500000) (1024K)]
  0x0000016c9d69e1d0 JavaThread "Service Thread"             daemon [_thread_blocked, id=296516, stack(0x00000042a9500000,0x00000042a9600000) (1024K)]
  0x0000016c9d6aaad0 JavaThread "Monitor Deflation Thread"   daemon [_thread_blocked, id=296508, stack(0x00000042a9600000,0x00000042a9700000) (1024K)]
=>0x0000016c9d6ad150 JavaThread "C2 CompilerThread0"         daemon [_thread_in_native, id=289108, stack(0x00000042a9700000,0x00000042a9800000) (1024K)]
  0x0000016c9d6c3120 JavaThread "C1 CompilerThread0"         daemon [_thread_blocked, id=295864, stack(0x00000042a9800000,0x00000042a9900000) (1024K)]
  0x0000016c9d8bd950 JavaThread "Common-Cleaner"             daemon [_thread_blocked, id=295460, stack(0x00000042a9900000,0x00000042a9a00000) (1024K)]
  0x0000016c9d8f1350 JavaThread "Notification Thread"        daemon [_thread_blocked, id=295268, stack(0x00000042a9a00000,0x00000042a9b00000) (1024K)]
  0x0000016cb7e69f50 JavaThread "Daemon health stats"               [_thread_blocked, id=295444, stack(0x00000042aa100000,0x00000042aa200000) (1024K)]
  0x0000016cb861fb90 JavaThread "Incoming local TCP Connector on port 50203"        [_thread_in_native, id=296308, stack(0x00000042aa200000,0x00000042aa300000) (1024K)]
  0x0000016cb878bab0 JavaThread "Daemon periodic checks"            [_thread_blocked, id=289688, stack(0x00000042aa300000,0x00000042aa400000) (1024K)]
  0x0000016cb8181240 JavaThread "Daemon"                            [_thread_blocked, id=293960, stack(0x00000042aa400000,0x00000042aa500000) (1024K)]
  0x0000016cb8751560 JavaThread "Daemon worker"                     [_thread_in_vm, id=294416, stack(0x00000042aa700000,0x00000042aa800000) (1024K)]
  0x0000016cb8752280 JavaThread "Handler for socket connection from /127.0.0.1:50203 to /127.0.0.1:50220"        [_thread_in_native, id=298652, stack(0x00000042a9b00000,0x00000042a9c00000) (1024K)]
  0x0000016cb8750ed0 JavaThread "Cancel handler"                    [_thread_blocked, id=292272, stack(0x00000042aa500000,0x00000042aa600000) (1024K)]
  0x0000016cb874f490 JavaThread "Daemon Thread 2"                   [_thread_blocked, id=291468, stack(0x00000042aa600000,0x00000042aa700000) (1024K)]
  0x0000016cb874fb20 JavaThread "Daemon Thread 3"                   [_thread_blocked, id=253292, stack(0x00000042aa900000,0x00000042aaa00000) (1024K)]
  0x0000016cb8750840 JavaThread "Asynchronous log dispatcher for DefaultDaemonConnection: socket connection from /127.0.0.1:50203 to /127.0.0.1:50220"        [_thread_blocked, id=292484, stack(0x00000042aab00000,0x00000042aac00000) (1024K)]
  0x0000016cb86fc710 JavaThread "Stdin handler"                     [_thread_blocked, id=294432, stack(0x00000042aad00000,0x00000042aae00000) (1024K)]
  0x0000016cb86fcda0 JavaThread "Daemon Thread 4"                   [_thread_blocked, id=287404, stack(0x00000042aae00000,0x00000042aaf00000) (1024K)]
  0x0000016cb86fb360 JavaThread "Daemon client event forwarder"        [_thread_blocked, id=295380, stack(0x00000042aaf00000,0x00000042ab000000) (1024K)]
  0x0000016cb86fd430 JavaThread "Daemon Thread 5"                   [_thread_blocked, id=295316, stack(0x00000042ab000000,0x00000042ab100000) (1024K)]
  0x0000016cb86f9fb0 JavaThread "VFS cleanup"                       [_thread_blocked, id=298104, stack(0x00000042aaa00000,0x00000042aab00000) (1024K)]
  0x0000016cb86fdac0 JavaThread "Cache worker for journal cache (C:\Users\amald\.gradle\caches\journal-1)"        [_thread_blocked, id=298468, stack(0x00000042aa800000,0x00000042aa900000) (1024K)]
  0x0000016cb86fb9f0 JavaThread "File lock request listener"        [_thread_in_native, id=299408, stack(0x00000042aac00000,0x00000042aad00000) (1024K)]
  0x0000016cb86fa640 JavaThread "Cache worker for file hash cache (C:\Users\amald\.gradle\caches\8.7\fileHashes)"        [_thread_blocked, id=299892, stack(0x00000042ab100000,0x00000042ab200000) (1024K)]
  0x0000016cb86fe150 JavaThread "File lock release action executor"        [_thread_blocked, id=292032, stack(0x00000042ab200000,0x00000042ab300000) (1024K)]
  0x0000016cb87008b0 JavaThread "Cache worker for file hash cache (E:\Code\amavya\ShoppingCart\backend\.gradle\8.7\fileHashes)"        [_thread_blocked, id=296884, stack(0x00000042ab600000,0x00000042ab700000) (1024K)]
  0x0000016cb8700220 JavaThread "File watcher server"        daemon [_thread_in_native, id=300864, stack(0x00000042ab800000,0x00000042ab900000) (1024K)]
  0x0000016cb87015d0 JavaThread "File watcher consumer"      daemon [_thread_blocked, id=300120, stack(0x00000042ab900000,0x00000042aba00000) (1024K)]
  0x0000016cb86fe7e0 JavaThread "Cache worker for checksums cache (E:\Code\amavya\ShoppingCart\backend\.gradle\8.7\checksums)"        [_thread_blocked, id=291740, stack(0x00000042ab300000,0x00000042ab400000) (1024K)]
  0x0000016cb86fee70 JavaThread "Cache worker for cache directory md-supplier (C:\Users\amald\.gradle\caches\8.7\md-supplier)"        [_thread_blocked, id=298760, stack(0x00000042aba00000,0x00000042abb00000) (1024K)]
  0x0000016cb86ff500 JavaThread "Cache worker for cache directory md-rule (C:\Users\amald\.gradle\caches\8.7\md-rule)"        [_thread_blocked, id=299600, stack(0x00000042abb00000,0x00000042abc00000) (1024K)]
  0x0000016cb86ffb90 JavaThread "Cache worker for file content cache (C:\Users\amald\.gradle\caches\8.7\fileContent)"        [_thread_blocked, id=296168, stack(0x00000042abc00000,0x00000042abd00000) (1024K)]
  0x0000016cb8751bf0 JavaThread "jar transforms"                    [_thread_blocked, id=300440, stack(0x00000042a8600000,0x00000042a8700000) (1024K)]
  0x0000016cbad38e00 JavaThread "jar transforms Thread 2"           [_thread_blocked, id=301656, stack(0x00000042abd00000,0x00000042abe00000) (1024K)]
  0x0000016cbad3c280 JavaThread "Cache worker for Build Output Cleanup Cache (E:\Code\amavya\ShoppingCart\backend\.gradle\buildOutputCleanup)"        [_thread_blocked, id=312108, stack(0x00000042abe00000,0x00000042abf00000) (1024K)]
  0x0000016cbad3a840 JavaThread "jar transforms Thread 3"           [_thread_blocked, id=298624, stack(0x00000042abf00000,0x00000042ac000000) (1024K)]
  0x0000016cbad3bbf0 JavaThread "Unconstrained build operations"        [_thread_blocked, id=308484, stack(0x00000042ac000000,0x00000042ac100000) (1024K)]
  0x0000016cbad3cfa0 JavaThread "Unconstrained build operations Thread 2"        [_thread_blocked, id=312536, stack(0x00000042ac100000,0x00000042ac200000) (1024K)]
  0x0000016cbad3aed0 JavaThread "Unconstrained build operations Thread 3"        [_thread_blocked, id=312540, stack(0x00000042ac200000,0x00000042ac300000) (1024K)]
  0x0000016cbad39b20 JavaThread "Unconstrained build operations Thread 4"        [_thread_blocked, id=312740, stack(0x00000042ac300000,0x00000042ac400000) (1024K)]
  0x0000016cbad3e350 JavaThread "Unconstrained build operations Thread 5"        [_thread_blocked, id=309556, stack(0x00000042ac400000,0x00000042ac500000) (1024K)]
  0x0000016cbad3d630 JavaThread "Unconstrained build operations Thread 6"        [_thread_blocked, id=313736, stack(0x00000042ac500000,0x00000042ac600000) (1024K)]
  0x0000016cbad3dcc0 JavaThread "Unconstrained build operations Thread 7"        [_thread_blocked, id=281832, stack(0x00000042ac600000,0x00000042ac700000) (1024K)]
  0x0000016cbad3e9e0 JavaThread "Unconstrained build operations Thread 8"        [_thread_blocked, id=308232, stack(0x00000042ac700000,0x00000042ac800000) (1024K)]
  0x0000016cbad3f070 JavaThread "Unconstrained build operations Thread 9"        [_thread_blocked, id=306244, stack(0x00000042ac800000,0x00000042ac900000) (1024K)]
  0x0000016cbad3f700 JavaThread "Unconstrained build operations Thread 10"        [_thread_blocked, id=312692, stack(0x00000042ac900000,0x00000042aca00000) (1024K)]
  0x0000016cbad3fd90 JavaThread "Unconstrained build operations Thread 11"        [_thread_blocked, id=312708, stack(0x00000042aca00000,0x00000042acb00000) (1024K)]
  0x0000016cbad40420 JavaThread "Unconstrained build operations Thread 12"        [_thread_blocked, id=297548, stack(0x00000042acb00000,0x00000042acc00000) (1024K)]
  0x0000016cba705b50 JavaThread "Unconstrained build operations Thread 13"        [_thread_blocked, id=311288, stack(0x00000042acc00000,0x00000042acd00000) (1024K)]
  0x0000016cba703a80 JavaThread "Unconstrained build operations Thread 14"        [_thread_blocked, id=313328, stack(0x00000042acd00000,0x00000042ace00000) (1024K)]
Total: 55

Other Threads:
  0x0000016c9d67e390 VMThread "VM Thread"                           [id=296524, stack(0x00000042a9000000,0x00000042a9100000) (1024K)]
  0x0000016c9d672a10 WatcherThread "VM Periodic Task Thread"        [id=297932, stack(0x00000042a8f00000,0x00000042a9000000) (1024K)]
  0x0000016c85f98da0 WorkerThread "GC Thread#0"                     [id=296972, stack(0x00000042a8a00000,0x00000042a8b00000) (1024K)]
  0x0000016cb7b21630 WorkerThread "GC Thread#1"                     [id=297328, stack(0x00000042a9c00000,0x00000042a9d00000) (1024K)]
  0x0000016cb7b20770 WorkerThread "GC Thread#2"                     [id=297308, stack(0x00000042a9d00000,0x00000042a9e00000) (1024K)]
  0x0000016cb7b20010 WorkerThread "GC Thread#3"                     [id=297288, stack(0x00000042a9e00000,0x00000042a9f00000) (1024K)]
  0x0000016cb7b21280 WorkerThread "GC Thread#4"                     [id=297280, stack(0x00000042a9f00000,0x00000042aa000000) (1024K)]
  0x0000016cb7b20ed0 WorkerThread "GC Thread#5"                     [id=297276, stack(0x00000042aa000000,0x00000042aa100000) (1024K)]
  0x0000016cb7cd0310 WorkerThread "GC Thread#6"                     [id=299296, stack(0x00000042ab400000,0x00000042ab500000) (1024K)]
  0x0000016cb7cd06c0 WorkerThread "GC Thread#7"                     [id=299792, stack(0x00000042ab500000,0x00000042ab600000) (1024K)]
  0x0000016c85f9fb30 ConcurrentGCThread "G1 Main Marker"            [id=296968, stack(0x00000042a8b00000,0x00000042a8c00000) (1024K)]
  0x0000016c85fa1500 WorkerThread "G1 Conc#0"                       [id=296064, stack(0x00000042a8c00000,0x00000042a8d00000) (1024K)]
  0x0000016cb7cd11d0 WorkerThread "G1 Conc#1"                       [id=297504, stack(0x00000042ab700000,0x00000042ab800000) (1024K)]
  0x0000016c9d540650 ConcurrentGCThread "G1 Refine#0"               [id=297304, stack(0x00000042a8d00000,0x00000042a8e00000) (1024K)]
  0x0000016c9d542aa0 ConcurrentGCThread "G1 Service"                [id=269184, stack(0x00000042a8e00000,0x00000042a8f00000) (1024K)]
Total: 15

Threads with active compile tasks:
C2 CompilerThread0  59912 5916       4       java.lang.invoke.InvokerBytecodeGenerator::addMethod (725 bytes)
Total: 1

VM state: not at safepoint (normal execution)

VM Mutex/Monitor currently owned by a thread: None

Heap address: 0x00000000e0000000, size: 512 MB, Compressed Oops mode: 32-bit

CDS archive(s) mapped at: [0x0000016c9e000000-0x0000016c9eba0000-0x0000016c9eba0000), size 12189696, SharedBaseAddress: 0x0000016c9e000000, ArchiveRelocationMode: 1.
Compressed class space mapped at: 0x0000016c9f000000-0x0000016cb3000000, reserved size: 335544320
Narrow klass base: 0x0000016c9e000000, Narrow klass shift: 0, Narrow klass range: 0x100000000

GC Precious Log:
 CardTable entry size: 512
 Card Set container configuration: InlinePtr #cards 5 size 8 Array Of Cards #cards 12 size 40 Howl #buckets 4 coarsen threshold 1843 Howl Bitmap #cards 512 size 80 coarsen threshold 460 Card regions per heap region 1 cards per card region 2048
 CPUs: 8 total, 8 available
 Memory: 8022M
 Large Page Support: Disabled
 NUMA Support: Disabled
 Compressed Oops: Enabled (32-bit)
 Heap Region Size: 1M
 Heap Min Capacity: 256M
 Heap Initial Capacity: 256M
 Heap Max Capacity: 512M
 Pre-touch: Disabled
 Parallel Workers: 8
 Concurrent Workers: 2
 Concurrent Refinement Workers: 8
 Periodic GC: Disabled

Heap:
 garbage-first heap   total 262144K, used 152925K [0x00000000e0000000, 0x0000000100000000)
  region size 1024K, 122 young (124928K), 8 survivors (8192K)
 Metaspace       used 47691K, committed 49344K, reserved 393216K
  class space    used 6936K, committed 7744K, reserved 327680K

Heap Regions: E=young(eden), S=young(survivor), O=old, HS=humongous(starts), HC=humongous(continues), CS=collection set, F=free, TAMS=top-at-mark-start, PB=parsable bottom
|   0|0x00000000e0000000, 0x00000000e0100000, 0x00000000e0100000|100%|HS|  |TAMS 0x00000000e0000000| PB 0x00000000e0000000| Complete 
|   1|0x00000000e0100000, 0x00000000e0200000, 0x00000000e0200000|100%|HC|  |TAMS 0x00000000e0100000| PB 0x00000000e0100000| Complete 
|   2|0x00000000e0200000, 0x00000000e0300000, 0x00000000e0300000|100%|HC|  |TAMS 0x00000000e0200000| PB 0x00000000e0200000| Complete 
|   3|0x00000000e0300000, 0x00000000e0400000, 0x00000000e0400000|100%|HC|  |TAMS 0x00000000e0300000| PB 0x00000000e0300000| Complete 
|   4|0x00000000e0400000, 0x00000000e0500000, 0x00000000e0500000|100%| O|  |TAMS 0x00000000e0400000| PB 0x00000000e0400000| Untracked 
|   5|0x00000000e0500000, 0x00000000e0600000, 0x00000000e0600000|100%| O|  |TAMS 0x00000000e0500000| PB 0x00000000e0500000| Untracked 
|   6|0x00000000e0600000, 0x00000000e0700000, 0x00000000e0700000|100%| O|  |TAMS 0x00000000e0600000| PB 0x00000000e0600000| Untracked 
|   7|0x00000000e0700000, 0x00000000e0800000, 0x00000000e0800000|100%| O|  |TAMS 0x00000000e0700000| PB 0x00000000e0700000| Untracked 
|   8|0x00000000e0800000, 0x00000000e0900000, 0x00000000e0900000|100%| O|  |TAMS 0x00000000e0800000| PB 0x00000000e0800000| Untracked 
|   9|0x00000000e0900000, 0x00000000e0a00000, 0x00000000e0a00000|100%| O|  |TAMS 0x00000000e0900000| PB 0x00000000e0900000| Untracked 
|  10|0x00000000e0a00000, 0x00000000e0b00000, 0x00000000e0b00000|100%| O|  |TAMS 0x00000000e0a00000| PB 0x00000000e0a00000| Untracked 
|  11|0x00000000e0b00000, 0x00000000e0c00000, 0x00000000e0c00000|100%| O|  |TAMS 0x00000000e0b00000| PB 0x00000000e0b00000| Untracked 
|  12|0x00000000e0c00000, 0x00000000e0d00000, 0x00000000e0d00000|100%| O|  |TAMS 0x00000000e0c00000| PB 0x00000000e0c00000| Untracked 
|  13|0x00000000e0d00000, 0x00000000e0e00000, 0x00000000e0e00000|100%| O|  |TAMS 0x00000000e0d00000| PB 0x00000000e0d00000| Untracked 
|  14|0x00000000e0e00000, 0x00000000e0f00000, 0x00000000e0f00000|100%| O|  |TAMS 0x00000000e0e00000| PB 0x00000000e0e00000| Untracked 
|  15|0x00000000e0f00000, 0x00000000e1000000, 0x00000000e1000000|100%| O|  |TAMS 0x00000000e0f00000| PB 0x00000000e0f00000| Untracked 
|  16|0x00000000e1000000, 0x00000000e1100000, 0x00000000e1100000|100%| O|  |TAMS 0x00000000e1000000| PB 0x00000000e1000000| Untracked 
|  17|0x00000000e1100000, 0x00000000e1200000, 0x00000000e1200000|100%| O|  |TAMS 0x00000000e1100000| PB 0x00000000e1100000| Untracked 
|  18|0x00000000e1200000, 0x00000000e1300000, 0x00000000e1300000|100%| O|  |TAMS 0x00000000e1200000| PB 0x00000000e1200000| Untracked 
|  19|0x00000000e1300000, 0x00000000e1400000, 0x00000000e1400000|100%| O|  |TAMS 0x00000000e1300000| PB 0x00000000e1300000| Untracked 
|  20|0x00000000e1400000, 0x00000000e1500000, 0x00000000e1500000|100%| O|  |TAMS 0x00000000e1400000| PB 0x00000000e1400000| Untracked 
|  21|0x00000000e1500000, 0x00000000e1600000, 0x00000000e1600000|100%| O|  |TAMS 0x00000000e1500000| PB 0x00000000e1500000| Untracked 
|  22|0x00000000e1600000, 0x00000000e1665b80, 0x00000000e1700000| 39%| O|  |TAMS 0x00000000e1600000| PB 0x00000000e1600000| Untracked 
|  23|0x00000000e1700000, 0x00000000e1800000, 0x00000000e1800000|100%|HS|  |TAMS 0x00000000e1700000| PB 0x00000000e1700000| Complete 
|  24|0x00000000e1800000, 0x00000000e1900000, 0x00000000e1900000|100%|HS|  |TAMS 0x00000000e1800000| PB 0x00000000e1800000| Complete 
|  25|0x00000000e1900000, 0x00000000e1a00000, 0x00000000e1a00000|100%|HC|  |TAMS 0x00000000e1900000| PB 0x00000000e1900000| Complete 
|  26|0x00000000e1a00000, 0x00000000e1b00000, 0x00000000e1b00000|100%|HS|  |TAMS 0x00000000e1a00000| PB 0x00000000e1a00000| Complete 
|  27|0x00000000e1b00000, 0x00000000e1c00000, 0x00000000e1c00000|100%|HC|  |TAMS 0x00000000e1b00000| PB 0x00000000e1b00000| Complete 
|  28|0x00000000e1c00000, 0x00000000e1d00000, 0x00000000e1d00000|100%|HS|  |TAMS 0x00000000e1c00000| PB 0x00000000e1c00000| Complete 
|  29|0x00000000e1d00000, 0x00000000e1e00000, 0x00000000e1e00000|100%|HS|  |TAMS 0x00000000e1d00000| PB 0x00000000e1d00000| Complete 
|  30|0x00000000e1e00000, 0x00000000e1e00000, 0x00000000e1f00000|  0%| F|  |TAMS 0x00000000e1e00000| PB 0x00000000e1e00000| Untracked 
|  31|0x00000000e1f00000, 0x00000000e1f00000, 0x00000000e2000000|  0%| F|  |TAMS 0x00000000e1f00000| PB 0x00000000e1f00000| Untracked 
|  32|0x00000000e2000000, 0x00000000e2000000, 0x00000000e2100000|  0%| F|  |TAMS 0x00000000e2000000| PB 0x00000000e2000000| Untracked 
|  33|0x00000000e2100000, 0x00000000e2100000, 0x00000000e2200000|  0%| F|  |TAMS 0x00000000e2100000| PB 0x00000000e2100000| Untracked 
|  34|0x00000000e2200000, 0x00000000e2200000, 0x00000000e2300000|  0%| F|  |TAMS 0x00000000e2200000| PB 0x00000000e2200000| Untracked 
|  35|0x00000000e2300000, 0x00000000e2300000, 0x00000000e2400000|  0%| F|  |TAMS 0x00000000e2300000| PB 0x00000000e2300000| Untracked 
|  36|0x00000000e2400000, 0x00000000e2400000, 0x00000000e2500000|  0%| F|  |TAMS 0x00000000e2400000| PB 0x00000000e2400000| Untracked 
|  37|0x00000000e2500000, 0x00000000e2500000, 0x00000000e2600000|  0%| F|  |TAMS 0x00000000e2500000| PB 0x00000000e2500000| Untracked 
|  38|0x00000000e2600000, 0x00000000e2600000, 0x00000000e2700000|  0%| F|  |TAMS 0x00000000e2600000| PB 0x00000000e2600000| Untracked 
|  39|0x00000000e2700000, 0x00000000e2700000, 0x00000000e2800000|  0%| F|  |TAMS 0x00000000e2700000| PB 0x00000000e2700000| Untracked 
|  40|0x00000000e2800000, 0x00000000e2800000, 0x00000000e2900000|  0%| F|  |TAMS 0x00000000e2800000| PB 0x00000000e2800000| Untracked 
|  41|0x00000000e2900000, 0x00000000e2900000, 0x00000000e2a00000|  0%| F|  |TAMS 0x00000000e2900000| PB 0x00000000e2900000| Untracked 
|  42|0x00000000e2a00000, 0x00000000e2a00000, 0x00000000e2b00000|  0%| F|  |TAMS 0x00000000e2a00000| PB 0x00000000e2a00000| Untracked 
|  43|0x00000000e2b00000, 0x00000000e2b00000, 0x00000000e2c00000|  0%| F|  |TAMS 0x00000000e2b00000| PB 0x00000000e2b00000| Untracked 
|  44|0x00000000e2c00000, 0x00000000e2c00000, 0x00000000e2d00000|  0%| F|  |TAMS 0x00000000e2c00000| PB 0x00000000e2c00000| Untracked 
|  45|0x00000000e2d00000, 0x00000000e2d00000, 0x00000000e2e00000|  0%| F|  |TAMS 0x00000000e2d00000| PB 0x00000000e2d00000| Untracked 
|  46|0x00000000e2e00000, 0x00000000e2e00000, 0x00000000e2f00000|  0%| F|  |TAMS 0x00000000e2e00000| PB 0x00000000e2e00000| Untracked 
|  47|0x00000000e2f00000, 0x00000000e2f00000, 0x00000000e3000000|  0%| F|  |TAMS 0x00000000e2f00000| PB 0x00000000e2f00000| Untracked 
|  48|0x00000000e3000000, 0x00000000e3000000, 0x00000000e3100000|  0%| F|  |TAMS 0x00000000e3000000| PB 0x00000000e3000000| Untracked 
|  49|0x00000000e3100000, 0x00000000e3100000, 0x00000000e3200000|  0%| F|  |TAMS 0x00000000e3100000| PB 0x00000000e3100000| Untracked 
|  50|0x00000000e3200000, 0x00000000e3200000, 0x00000000e3300000|  0%| F|  |TAMS 0x00000000e3200000| PB 0x00000000e3200000| Untracked 
|  51|0x00000000e3300000, 0x00000000e3300000, 0x00000000e3400000|  0%| F|  |TAMS 0x00000000e3300000| PB 0x00000000e3300000| Untracked 
|  52|0x00000000e3400000, 0x00000000e3400000, 0x00000000e3500000|  0%| F|  |TAMS 0x00000000e3400000| PB 0x00000000e3400000| Untracked 
|  53|0x00000000e3500000, 0x00000000e3500000, 0x00000000e3600000|  0%| F|  |TAMS 0x00000000e3500000| PB 0x00000000e3500000| Untracked 
|  54|0x00000000e3600000, 0x00000000e3600000, 0x00000000e3700000|  0%| F|  |TAMS 0x00000000e3600000| PB 0x00000000e3600000| Untracked 
|  55|0x00000000e3700000, 0x00000000e3700000, 0x00000000e3800000|  0%| F|  |TAMS 0x00000000e3700000| PB 0x00000000e3700000| Untracked 
|  56|0x00000000e3800000, 0x00000000e3800000, 0x00000000e3900000|  0%| F|  |TAMS 0x00000000e3800000| PB 0x00000000e3800000| Untracked 
|  57|0x00000000e3900000, 0x00000000e3900000, 0x00000000e3a00000|  0%| F|  |TAMS 0x00000000e3900000| PB 0x00000000e3900000| Untracked 
|  58|0x00000000e3a00000, 0x00000000e3a00000, 0x00000000e3b00000|  0%| F|  |TAMS 0x00000000e3a00000| PB 0x00000000e3a00000| Untracked 
|  59|0x00000000e3b00000, 0x00000000e3b00000, 0x00000000e3c00000|  0%| F|  |TAMS 0x00000000e3b00000| PB 0x00000000e3b00000| Untracked 
|  60|0x00000000e3c00000, 0x00000000e3c00000, 0x00000000e3d00000|  0%| F|  |TAMS 0x00000000e3c00000| PB 0x00000000e3c00000| Untracked 
|  61|0x00000000e3d00000, 0x00000000e3d00000, 0x00000000e3e00000|  0%| F|  |TAMS 0x00000000e3d00000| PB 0x00000000e3d00000| Untracked 
|  62|0x00000000e3e00000, 0x00000000e3e00000, 0x00000000e3f00000|  0%| F|  |TAMS 0x00000000e3e00000| PB 0x00000000e3e00000| Untracked 
|  63|0x00000000e3f00000, 0x00000000e3f00000, 0x00000000e4000000|  0%| F|  |TAMS 0x00000000e3f00000| PB 0x00000000e3f00000| Untracked 
|  64|0x00000000e4000000, 0x00000000e4000000, 0x00000000e4100000|  0%| F|  |TAMS 0x00000000e4000000| PB 0x00000000e4000000| Untracked 
|  65|0x00000000e4100000, 0x00000000e4100000, 0x00000000e4200000|  0%| F|  |TAMS 0x00000000e4100000| PB 0x00000000e4100000| Untracked 
|  66|0x00000000e4200000, 0x00000000e4200000, 0x00000000e4300000|  0%| F|  |TAMS 0x00000000e4200000| PB 0x00000000e4200000| Untracked 
|  67|0x00000000e4300000, 0x00000000e4300000, 0x00000000e4400000|  0%| F|  |TAMS 0x00000000e4300000| PB 0x00000000e4300000| Untracked 
|  68|0x00000000e4400000, 0x00000000e4400000, 0x00000000e4500000|  0%| F|  |TAMS 0x00000000e4400000| PB 0x00000000e4400000| Untracked 
|  69|0x00000000e4500000, 0x00000000e4500000, 0x00000000e4600000|  0%| F|  |TAMS 0x00000000e4500000| PB 0x00000000e4500000| Untracked 
|  70|0x00000000e4600000, 0x00000000e4600000, 0x00000000e4700000|  0%| F|  |TAMS 0x00000000e4600000| PB 0x00000000e4600000| Untracked 
|  71|0x00000000e4700000, 0x00000000e4700000, 0x00000000e4800000|  0%| F|  |TAMS 0x00000000e4700000| PB 0x00000000e4700000| Untracked 
|  72|0x00000000e4800000, 0x00000000e4800000, 0x00000000e4900000|  0%| F|  |TAMS 0x00000000e4800000| PB 0x00000000e4800000| Untracked 
|  73|0x00000000e4900000, 0x00000000e4900000, 0x00000000e4a00000|  0%| F|  |TAMS 0x00000000e4900000| PB 0x00000000e4900000| Untracked 
|  74|0x00000000e4a00000, 0x00000000e4a00000, 0x00000000e4b00000|  0%| F|  |TAMS 0x00000000e4a00000| PB 0x00000000e4a00000| Untracked 
|  75|0x00000000e4b00000, 0x00000000e4b00000, 0x00000000e4c00000|  0%| F|  |TAMS 0x00000000e4b00000| PB 0x00000000e4b00000| Untracked 
|  76|0x00000000e4c00000, 0x00000000e4c00000, 0x00000000e4d00000|  0%| F|  |TAMS 0x00000000e4c00000| PB 0x00000000e4c00000| Untracked 
|  77|0x00000000e4d00000, 0x00000000e4d00000, 0x00000000e4e00000|  0%| F|  |TAMS 0x00000000e4d00000| PB 0x00000000e4d00000| Untracked 
|  78|0x00000000e4e00000, 0x00000000e4e00000, 0x00000000e4f00000|  0%| F|  |TAMS 0x00000000e4e00000| PB 0x00000000e4e00000| Untracked 
|  79|0x00000000e4f00000, 0x00000000e4f00000, 0x00000000e5000000|  0%| F|  |TAMS 0x00000000e4f00000| PB 0x00000000e4f00000| Untracked 
|  80|0x00000000e5000000, 0x00000000e5000000, 0x00000000e5100000|  0%| F|  |TAMS 0x00000000e5000000| PB 0x00000000e5000000| Untracked 
|  81|0x00000000e5100000, 0x00000000e5100000, 0x00000000e5200000|  0%| F|  |TAMS 0x00000000e5100000| PB 0x00000000e5100000| Untracked 
|  82|0x00000000e5200000, 0x00000000e5200000, 0x00000000e5300000|  0%| F|  |TAMS 0x00000000e5200000| PB 0x00000000e5200000| Untracked 
|  83|0x00000000e5300000, 0x00000000e5300000, 0x00000000e5400000|  0%| F|  |TAMS 0x00000000e5300000| PB 0x00000000e5300000| Untracked 
|  84|0x00000000e5400000, 0x00000000e5400000, 0x00000000e5500000|  0%| F|  |TAMS 0x00000000e5400000| PB 0x00000000e5400000| Untracked 
|  85|0x00000000e5500000, 0x00000000e5500000, 0x00000000e5600000|  0%| F|  |TAMS 0x00000000e5500000| PB 0x00000000e5500000| Untracked 
|  86|0x00000000e5600000, 0x00000000e5600000, 0x00000000e5700000|  0%| F|  |TAMS 0x00000000e5600000| PB 0x00000000e5600000| Untracked 
|  87|0x00000000e5700000, 0x00000000e5700000, 0x00000000e5800000|  0%| F|  |TAMS 0x00000000e5700000| PB 0x00000000e5700000| Untracked 
|  88|0x00000000e5800000, 0x00000000e5800000, 0x00000000e5900000|  0%| F|  |TAMS 0x00000000e5800000| PB 0x00000000e5800000| Untracked 
|  89|0x00000000e5900000, 0x00000000e5900000, 0x00000000e5a00000|  0%| F|  |TAMS 0x00000000e5900000| PB 0x00000000e5900000| Untracked 
|  90|0x00000000e5a00000, 0x00000000e5a00000, 0x00000000e5b00000|  0%| F|  |TAMS 0x00000000e5a00000| PB 0x00000000e5a00000| Untracked 
|  91|0x00000000e5b00000, 0x00000000e5b00000, 0x00000000e5c00000|  0%| F|  |TAMS 0x00000000e5b00000| PB 0x00000000e5b00000| Untracked 
|  92|0x00000000e5c00000, 0x00000000e5c00000, 0x00000000e5d00000|  0%| F|  |TAMS 0x00000000e5c00000| PB 0x00000000e5c00000| Untracked 
|  93|0x00000000e5d00000, 0x00000000e5d00000, 0x00000000e5e00000|  0%| F|  |TAMS 0x00000000e5d00000| PB 0x00000000e5d00000| Untracked 
|  94|0x00000000e5e00000, 0x00000000e5e00000, 0x00000000e5f00000|  0%| F|  |TAMS 0x00000000e5e00000| PB 0x00000000e5e00000| Untracked 
|  95|0x00000000e5f00000, 0x00000000e5f00000, 0x00000000e6000000|  0%| F|  |TAMS 0x00000000e5f00000| PB 0x00000000e5f00000| Untracked 
|  96|0x00000000e6000000, 0x00000000e6000000, 0x00000000e6100000|  0%| F|  |TAMS 0x00000000e6000000| PB 0x00000000e6000000| Untracked 
|  97|0x00000000e6100000, 0x00000000e6100000, 0x00000000e6200000|  0%| F|  |TAMS 0x00000000e6100000| PB 0x00000000e6100000| Untracked 
|  98|0x00000000e6200000, 0x00000000e6200000, 0x00000000e6300000|  0%| F|  |TAMS 0x00000000e6200000| PB 0x00000000e6200000| Untracked 
|  99|0x00000000e6300000, 0x00000000e6300000, 0x00000000e6400000|  0%| F|  |TAMS 0x00000000e6300000| PB 0x00000000e6300000| Untracked 
| 100|0x00000000e6400000, 0x00000000e6400000, 0x00000000e6500000|  0%| F|  |TAMS 0x00000000e6400000| PB 0x00000000e6400000| Untracked 
| 101|0x00000000e6500000, 0x00000000e6500000, 0x00000000e6600000|  0%| F|  |TAMS 0x00000000e6500000| PB 0x00000000e6500000| Untracked 
| 102|0x00000000e6600000, 0x00000000e6600000, 0x00000000e6700000|  0%| F|  |TAMS 0x00000000e6600000| PB 0x00000000e6600000| Untracked 
| 103|0x00000000e6700000, 0x00000000e6700000, 0x00000000e6800000|  0%| F|  |TAMS 0x00000000e6700000| PB 0x00000000e6700000| Untracked 
| 104|0x00000000e6800000, 0x00000000e6800000, 0x00000000e6900000|  0%| F|  |TAMS 0x00000000e6800000| PB 0x00000000e6800000| Untracked 
| 105|0x00000000e6900000, 0x00000000e6900000, 0x00000000e6a00000|  0%| F|  |TAMS 0x00000000e6900000| PB 0x00000000e6900000| Untracked 
| 106|0x00000000e6a00000, 0x00000000e6a00000, 0x00000000e6b00000|  0%| F|  |TAMS 0x00000000e6a00000| PB 0x00000000e6a00000| Untracked 
| 107|0x00000000e6b00000, 0x00000000e6b00000, 0x00000000e6c00000|  0%| F|  |TAMS 0x00000000e6b00000| PB 0x00000000e6b00000| Untracked 
| 108|0x00000000e6c00000, 0x00000000e6c00000, 0x00000000e6d00000|  0%| F|  |TAMS 0x00000000e6c00000| PB 0x00000000e6c00000| Untracked 
| 109|0x00000000e6d00000, 0x00000000e6d00000, 0x00000000e6e00000|  0%| F|  |TAMS 0x00000000e6d00000| PB 0x00000000e6d00000| Untracked 
| 110|0x00000000e6e00000, 0x00000000e6e00000, 0x00000000e6f00000|  0%| F|  |TAMS 0x00000000e6e00000| PB 0x00000000e6e00000| Untracked 
| 111|0x00000000e6f00000, 0x00000000e6f00000, 0x00000000e7000000|  0%| F|  |TAMS 0x00000000e6f00000| PB 0x00000000e6f00000| Untracked 
| 112|0x00000000e7000000, 0x00000000e7000000, 0x00000000e7100000|  0%| F|  |TAMS 0x00000000e7000000| PB 0x00000000e7000000| Untracked 
| 113|0x00000000e7100000, 0x00000000e7100000, 0x00000000e7200000|  0%| F|  |TAMS 0x00000000e7100000| PB 0x00000000e7100000| Untracked 
| 114|0x00000000e7200000, 0x00000000e7200000, 0x00000000e7300000|  0%| F|  |TAMS 0x00000000e7200000| PB 0x00000000e7200000| Untracked 
| 115|0x00000000e7300000, 0x00000000e7300000, 0x00000000e7400000|  0%| F|  |TAMS 0x00000000e7300000| PB 0x00000000e7300000| Untracked 
| 116|0x00000000e7400000, 0x00000000e7400000, 0x00000000e7500000|  0%| F|  |TAMS 0x00000000e7400000| PB 0x00000000e7400000| Untracked 
| 117|0x00000000e7500000, 0x00000000e7500000, 0x00000000e7600000|  0%| F|  |TAMS 0x00000000e7500000| PB 0x00000000e7500000| Untracked 
| 118|0x00000000e7600000, 0x00000000e7600000, 0x00000000e7700000|  0%| F|  |TAMS 0x00000000e7600000| PB 0x00000000e7600000| Untracked 
| 119|0x00000000e7700000, 0x00000000e7700000, 0x00000000e7800000|  0%| F|  |TAMS 0x00000000e7700000| PB 0x00000000e7700000| Untracked 
| 120|0x00000000e7800000, 0x00000000e7800000, 0x00000000e7900000|  0%| F|  |TAMS 0x00000000e7800000| PB 0x00000000e7800000| Untracked 
| 121|0x00000000e7900000, 0x00000000e7900000, 0x00000000e7a00000|  0%| F|  |TAMS 0x00000000e7900000| PB 0x00000000e7900000| Untracked 
| 122|0x00000000e7a00000, 0x00000000e7a00000, 0x00000000e7b00000|  0%| F|  |TAMS 0x00000000e7a00000| PB 0x00000000e7a00000| Untracked 
| 123|0x00000000e7b00000, 0x00000000e7b00000, 0x00000000e7c00000|  0%| F|  |TAMS 0x00000000e7b00000| PB 0x00000000e7b00000| Untracked 
| 124|0x00000000e7c00000, 0x00000000e7c00000, 0x00000000e7d00000|  0%| F|  |TAMS 0x00000000e7c00000| PB 0x00000000e7c00000| Untracked 
| 125|0x00000000e7d00000, 0x00000000e7d00000, 0x00000000e7e00000|  0%| F|  |TAMS 0x00000000e7d00000| PB 0x00000000e7d00000| Untracked 
| 126|0x00000000e7e00000, 0x00000000e7e00000, 0x00000000e7f00000|  0%| F|  |TAMS 0x00000000e7e00000| PB 0x00000000e7e00000| Untracked 
| 127|0x00000000e7f00000, 0x00000000e7f00000, 0x00000000e8000000|  0%| F|  |TAMS 0x00000000e7f00000| PB 0x00000000e7f00000| Untracked 
| 128|0x00000000e8000000, 0x00000000e8000000, 0x00000000e8100000|  0%| F|  |TAMS 0x00000000e8000000| PB 0x00000000e8000000| Untracked 
| 129|0x00000000e8100000, 0x00000000e8100000, 0x00000000e8200000|  0%| F|  |TAMS 0x00000000e8100000| PB 0x00000000e8100000| Untracked 
| 130|0x00000000e8200000, 0x00000000e8200000, 0x00000000e8300000|  0%| F|  |TAMS 0x00000000e8200000| PB 0x00000000e8200000| Untracked 
| 131|0x00000000e8300000, 0x00000000e8300000, 0x00000000e8400000|  0%| F|  |TAMS 0x00000000e8300000| PB 0x00000000e8300000| Untracked 
| 132|0x00000000e8400000, 0x00000000e8400000, 0x00000000e8500000|  0%| F|  |TAMS 0x00000000e8400000| PB 0x00000000e8400000| Untracked 
| 133|0x00000000e8500000, 0x00000000e8500000, 0x00000000e8600000|  0%| F|  |TAMS 0x00000000e8500000| PB 0x00000000e8500000| Untracked 
| 134|0x00000000e8600000, 0x00000000e8700000, 0x00000000e8700000|100%| E|  |TAMS 0x00000000e8600000| PB 0x00000000e8600000| Complete 
| 135|0x00000000e8700000, 0x00000000e8800000, 0x00000000e8800000|100%| E|CS|TAMS 0x00000000e8700000| PB 0x00000000e8700000| Complete 
| 136|0x00000000e8800000, 0x00000000e8900000, 0x00000000e8900000|100%| E|CS|TAMS 0x00000000e8800000| PB 0x00000000e8800000| Complete 
| 137|0x00000000e8900000, 0x00000000e8a00000, 0x00000000e8a00000|100%| E|CS|TAMS 0x00000000e8900000| PB 0x00000000e8900000| Complete 
| 138|0x00000000e8a00000, 0x00000000e8af1a88, 0x00000000e8b00000| 94%| S|CS|TAMS 0x00000000e8a00000| PB 0x00000000e8a00000| Complete 
| 139|0x00000000e8b00000, 0x00000000e8c00000, 0x00000000e8c00000|100%| S|CS|TAMS 0x00000000e8b00000| PB 0x00000000e8b00000| Complete 
| 140|0x00000000e8c00000, 0x00000000e8d00000, 0x00000000e8d00000|100%| S|CS|TAMS 0x00000000e8c00000| PB 0x00000000e8c00000| Complete 
| 141|0x00000000e8d00000, 0x00000000e8e00000, 0x00000000e8e00000|100%| S|CS|TAMS 0x00000000e8d00000| PB 0x00000000e8d00000| Complete 
| 142|0x00000000e8e00000, 0x00000000e8f00000, 0x00000000e8f00000|100%| S|CS|TAMS 0x00000000e8e00000| PB 0x00000000e8e00000| Complete 
| 143|0x00000000e8f00000, 0x00000000e9000000, 0x00000000e9000000|100%| S|CS|TAMS 0x00000000e8f00000| PB 0x00000000e8f00000| Complete 
| 144|0x00000000e9000000, 0x00000000e9100000, 0x00000000e9100000|100%| S|CS|TAMS 0x00000000e9000000| PB 0x00000000e9000000| Complete 
| 145|0x00000000e9100000, 0x00000000e9200000, 0x00000000e9200000|100%| S|CS|TAMS 0x00000000e9100000| PB 0x00000000e9100000| Complete 
| 146|0x00000000e9200000, 0x00000000e9300000, 0x00000000e9300000|100%| E|CS|TAMS 0x00000000e9200000| PB 0x00000000e9200000| Complete 
| 147|0x00000000e9300000, 0x00000000e9400000, 0x00000000e9400000|100%| E|CS|TAMS 0x00000000e9300000| PB 0x00000000e9300000| Complete 
| 148|0x00000000e9400000, 0x00000000e9500000, 0x00000000e9500000|100%| E|CS|TAMS 0x00000000e9400000| PB 0x00000000e9400000| Complete 
| 149|0x00000000e9500000, 0x00000000e9600000, 0x00000000e9600000|100%| E|CS|TAMS 0x00000000e9500000| PB 0x00000000e9500000| Complete 
| 150|0x00000000e9600000, 0x00000000e9700000, 0x00000000e9700000|100%| E|CS|TAMS 0x00000000e9600000| PB 0x00000000e9600000| Complete 
| 151|0x00000000e9700000, 0x00000000e9800000, 0x00000000e9800000|100%| E|CS|TAMS 0x00000000e9700000| PB 0x00000000e9700000| Complete 
| 152|0x00000000e9800000, 0x00000000e9900000, 0x00000000e9900000|100%| E|CS|TAMS 0x00000000e9800000| PB 0x00000000e9800000| Complete 
| 153|0x00000000e9900000, 0x00000000e9a00000, 0x00000000e9a00000|100%| E|CS|TAMS 0x00000000e9900000| PB 0x00000000e9900000| Complete 
| 154|0x00000000e9a00000, 0x00000000e9b00000, 0x00000000e9b00000|100%| E|CS|TAMS 0x00000000e9a00000| PB 0x00000000e9a00000| Complete 
| 155|0x00000000e9b00000, 0x00000000e9c00000, 0x00000000e9c00000|100%| E|CS|TAMS 0x00000000e9b00000| PB 0x00000000e9b00000| Complete 
| 156|0x00000000e9c00000, 0x00000000e9d00000, 0x00000000e9d00000|100%| E|CS|TAMS 0x00000000e9c00000| PB 0x00000000e9c00000| Complete 
| 157|0x00000000e9d00000, 0x00000000e9e00000, 0x00000000e9e00000|100%| E|CS|TAMS 0x00000000e9d00000| PB 0x00000000e9d00000| Complete 
| 158|0x00000000e9e00000, 0x00000000e9f00000, 0x00000000e9f00000|100%| E|CS|TAMS 0x00000000e9e00000| PB 0x00000000e9e00000| Complete 
| 159|0x00000000e9f00000, 0x00000000ea000000, 0x00000000ea000000|100%| E|CS|TAMS 0x00000000e9f00000| PB 0x00000000e9f00000| Complete 
| 160|0x00000000ea000000, 0x00000000ea100000, 0x00000000ea100000|100%| E|CS|TAMS 0x00000000ea000000| PB 0x00000000ea000000| Complete 
| 161|0x00000000ea100000, 0x00000000ea200000, 0x00000000ea200000|100%| E|CS|TAMS 0x00000000ea100000| PB 0x00000000ea100000| Complete 
| 162|0x00000000ea200000, 0x00000000ea300000, 0x00000000ea300000|100%| E|CS|TAMS 0x00000000ea200000| PB 0x00000000ea200000| Complete 
| 163|0x00000000ea300000, 0x00000000ea400000, 0x00000000ea400000|100%| E|CS|TAMS 0x00000000ea300000| PB 0x00000000ea300000| Complete 
| 164|0x00000000ea400000, 0x00000000ea500000, 0x00000000ea500000|100%| E|CS|TAMS 0x00000000ea400000| PB 0x00000000ea400000| Complete 
| 165|0x00000000ea500000, 0x00000000ea600000, 0x00000000ea600000|100%| E|CS|TAMS 0x00000000ea500000| PB 0x00000000ea500000| Complete 
| 166|0x00000000ea600000, 0x00000000ea700000, 0x00000000ea700000|100%| E|CS|TAMS 0x00000000ea600000| PB 0x00000000ea600000| Complete 
| 167|0x00000000ea700000, 0x00000000ea800000, 0x00000000ea800000|100%| E|CS|TAMS 0x00000000ea700000| PB 0x00000000ea700000| Complete 
| 168|0x00000000ea800000, 0x00000000ea900000, 0x00000000ea900000|100%| E|CS|TAMS 0x00000000ea800000| PB 0x00000000ea800000| Complete 
| 169|0x00000000ea900000, 0x00000000eaa00000, 0x00000000eaa00000|100%| E|CS|TAMS 0x00000000ea900000| PB 0x00000000ea900000| Complete 
| 170|0x00000000eaa00000, 0x00000000eab00000, 0x00000000eab00000|100%| E|CS|TAMS 0x00000000eaa00000| PB 0x00000000eaa00000| Complete 
| 171|0x00000000eab00000, 0x00000000eac00000, 0x00000000eac00000|100%| E|CS|TAMS 0x00000000eab00000| PB 0x00000000eab00000| Complete 
| 172|0x00000000eac00000, 0x00000000ead00000, 0x00000000ead00000|100%| E|CS|TAMS 0x00000000eac00000| PB 0x00000000eac00000| Complete 
| 173|0x00000000ead00000, 0x00000000eae00000, 0x00000000eae00000|100%| E|CS|TAMS 0x00000000ead00000| PB 0x00000000ead00000| Complete 
| 174|0x00000000eae00000, 0x00000000eaf00000, 0x00000000eaf00000|100%| E|CS|TAMS 0x00000000eae00000| PB 0x00000000eae00000| Complete 
| 175|0x00000000eaf00000, 0x00000000eb000000, 0x00000000eb000000|100%| E|CS|TAMS 0x00000000eaf00000| PB 0x00000000eaf00000| Complete 
| 176|0x00000000eb000000, 0x00000000eb100000, 0x00000000eb100000|100%| E|CS|TAMS 0x00000000eb000000| PB 0x00000000eb000000| Complete 
| 177|0x00000000eb100000, 0x00000000eb200000, 0x00000000eb200000|100%| E|CS|TAMS 0x00000000eb100000| PB 0x00000000eb100000| Complete 
| 178|0x00000000eb200000, 0x00000000eb300000, 0x00000000eb300000|100%| E|CS|TAMS 0x00000000eb200000| PB 0x00000000eb200000| Complete 
| 179|0x00000000eb300000, 0x00000000eb400000, 0x00000000eb400000|100%| E|CS|TAMS 0x00000000eb300000| PB 0x00000000eb300000| Complete 
| 180|0x00000000eb400000, 0x00000000eb500000, 0x00000000eb500000|100%| E|CS|TAMS 0x00000000eb400000| PB 0x00000000eb400000| Complete 
| 181|0x00000000eb500000, 0x00000000eb600000, 0x00000000eb600000|100%| E|CS|TAMS 0x00000000eb500000| PB 0x00000000eb500000| Complete 
| 182|0x00000000eb600000, 0x00000000eb700000, 0x00000000eb700000|100%| E|CS|TAMS 0x00000000eb600000| PB 0x00000000eb600000| Complete 
| 183|0x00000000eb700000, 0x00000000eb800000, 0x00000000eb800000|100%| E|CS|TAMS 0x00000000eb700000| PB 0x00000000eb700000| Complete 
| 184|0x00000000eb800000, 0x00000000eb900000, 0x00000000eb900000|100%| E|CS|TAMS 0x00000000eb800000| PB 0x00000000eb800000| Complete 
| 185|0x00000000eb900000, 0x00000000eba00000, 0x00000000eba00000|100%| E|CS|TAMS 0x00000000eb900000| PB 0x00000000eb900000| Complete 
| 186|0x00000000eba00000, 0x00000000ebb00000, 0x00000000ebb00000|100%| E|CS|TAMS 0x00000000eba00000| PB 0x00000000eba00000| Complete 
| 187|0x00000000ebb00000, 0x00000000ebc00000, 0x00000000ebc00000|100%| E|CS|TAMS 0x00000000ebb00000| PB 0x00000000ebb00000| Complete 
| 188|0x00000000ebc00000, 0x00000000ebd00000, 0x00000000ebd00000|100%| E|CS|TAMS 0x00000000ebc00000| PB 0x00000000ebc00000| Complete 
| 189|0x00000000ebd00000, 0x00000000ebe00000, 0x00000000ebe00000|100%| E|CS|TAMS 0x00000000ebd00000| PB 0x00000000ebd00000| Complete 
| 190|0x00000000ebe00000, 0x00000000ebf00000, 0x00000000ebf00000|100%| E|CS|TAMS 0x00000000ebe00000| PB 0x00000000ebe00000| Complete 
| 191|0x00000000ebf00000, 0x00000000ec000000, 0x00000000ec000000|100%| E|CS|TAMS 0x00000000ebf00000| PB 0x00000000ebf00000| Complete 
| 192|0x00000000ec000000, 0x00000000ec100000, 0x00000000ec100000|100%| E|CS|TAMS 0x00000000ec000000| PB 0x00000000ec000000| Complete 
| 193|0x00000000ec100000, 0x00000000ec200000, 0x00000000ec200000|100%| E|CS|TAMS 0x00000000ec100000| PB 0x00000000ec100000| Complete 
| 194|0x00000000ec200000, 0x00000000ec300000, 0x00000000ec300000|100%| E|CS|TAMS 0x00000000ec200000| PB 0x00000000ec200000| Complete 
| 195|0x00000000ec300000, 0x00000000ec400000, 0x00000000ec400000|100%| E|CS|TAMS 0x00000000ec300000| PB 0x00000000ec300000| Complete 
| 196|0x00000000ec400000, 0x00000000ec500000, 0x00000000ec500000|100%| E|CS|TAMS 0x00000000ec400000| PB 0x00000000ec400000| Complete 
| 197|0x00000000ec500000, 0x00000000ec600000, 0x00000000ec600000|100%| E|CS|TAMS 0x00000000ec500000| PB 0x00000000ec500000| Complete 
| 198|0x00000000ec600000, 0x00000000ec700000, 0x00000000ec700000|100%| E|  |TAMS 0x00000000ec600000| PB 0x00000000ec600000| Complete 
| 199|0x00000000ec700000, 0x00000000ec800000, 0x00000000ec800000|100%| E|CS|TAMS 0x00000000ec700000| PB 0x00000000ec700000| Complete 
| 200|0x00000000ec800000, 0x00000000ec900000, 0x00000000ec900000|100%| E|CS|TAMS 0x00000000ec800000| PB 0x00000000ec800000| Complete 
| 201|0x00000000ec900000, 0x00000000eca00000, 0x00000000eca00000|100%| E|CS|TAMS 0x00000000ec900000| PB 0x00000000ec900000| Complete 
| 202|0x00000000eca00000, 0x00000000ecb00000, 0x00000000ecb00000|100%| E|CS|TAMS 0x00000000eca00000| PB 0x00000000eca00000| Complete 
| 203|0x00000000ecb00000, 0x00000000ecc00000, 0x00000000ecc00000|100%| E|CS|TAMS 0x00000000ecb00000| PB 0x00000000ecb00000| Complete 
| 204|0x00000000ecc00000, 0x00000000ecd00000, 0x00000000ecd00000|100%| E|CS|TAMS 0x00000000ecc00000| PB 0x00000000ecc00000| Complete 
| 205|0x00000000ecd00000, 0x00000000ece00000, 0x00000000ece00000|100%| E|CS|TAMS 0x00000000ecd00000| PB 0x00000000ecd00000| Complete 
| 206|0x00000000ece00000, 0x00000000ecf00000, 0x00000000ecf00000|100%| E|CS|TAMS 0x00000000ece00000| PB 0x00000000ece00000| Complete 
| 207|0x00000000ecf00000, 0x00000000ed000000, 0x00000000ed000000|100%| E|CS|TAMS 0x00000000ecf00000| PB 0x00000000ecf00000| Complete 
| 208|0x00000000ed000000, 0x00000000ed100000, 0x00000000ed100000|100%| E|CS|TAMS 0x00000000ed000000| PB 0x00000000ed000000| Complete 
| 209|0x00000000ed100000, 0x00000000ed200000, 0x00000000ed200000|100%| E|CS|TAMS 0x00000000ed100000| PB 0x00000000ed100000| Complete 
| 210|0x00000000ed200000, 0x00000000ed300000, 0x00000000ed300000|100%| E|CS|TAMS 0x00000000ed200000| PB 0x00000000ed200000| Complete 
| 211|0x00000000ed300000, 0x00000000ed400000, 0x00000000ed400000|100%| E|CS|TAMS 0x00000000ed300000| PB 0x00000000ed300000| Complete 
| 212|0x00000000ed400000, 0x00000000ed500000, 0x00000000ed500000|100%| E|CS|TAMS 0x00000000ed400000| PB 0x00000000ed400000| Complete 
| 213|0x00000000ed500000, 0x00000000ed600000, 0x00000000ed600000|100%| E|CS|TAMS 0x00000000ed500000| PB 0x00000000ed500000| Complete 
| 214|0x00000000ed600000, 0x00000000ed700000, 0x00000000ed700000|100%| E|CS|TAMS 0x00000000ed600000| PB 0x00000000ed600000| Complete 
| 215|0x00000000ed700000, 0x00000000ed800000, 0x00000000ed800000|100%| E|CS|TAMS 0x00000000ed700000| PB 0x00000000ed700000| Complete 
| 216|0x00000000ed800000, 0x00000000ed900000, 0x00000000ed900000|100%| E|CS|TAMS 0x00000000ed800000| PB 0x00000000ed800000| Complete 
| 217|0x00000000ed900000, 0x00000000eda00000, 0x00000000eda00000|100%| E|CS|TAMS 0x00000000ed900000| PB 0x00000000ed900000| Complete 
| 218|0x00000000eda00000, 0x00000000edb00000, 0x00000000edb00000|100%| E|CS|TAMS 0x00000000eda00000| PB 0x00000000eda00000| Complete 
| 219|0x00000000edb00000, 0x00000000edc00000, 0x00000000edc00000|100%| E|CS|TAMS 0x00000000edb00000| PB 0x00000000edb00000| Complete 
| 220|0x00000000edc00000, 0x00000000edd00000, 0x00000000edd00000|100%| E|CS|TAMS 0x00000000edc00000| PB 0x00000000edc00000| Complete 
| 221|0x00000000edd00000, 0x00000000ede00000, 0x00000000ede00000|100%| E|CS|TAMS 0x00000000edd00000| PB 0x00000000edd00000| Complete 
| 222|0x00000000ede00000, 0x00000000edf00000, 0x00000000edf00000|100%| E|CS|TAMS 0x00000000ede00000| PB 0x00000000ede00000| Complete 
| 223|0x00000000edf00000, 0x00000000ee000000, 0x00000000ee000000|100%| E|CS|TAMS 0x00000000edf00000| PB 0x00000000edf00000| Complete 
| 224|0x00000000ee000000, 0x00000000ee100000, 0x00000000ee100000|100%| E|CS|TAMS 0x00000000ee000000| PB 0x00000000ee000000| Complete 
| 225|0x00000000ee100000, 0x00000000ee200000, 0x00000000ee200000|100%| E|CS|TAMS 0x00000000ee100000| PB 0x00000000ee100000| Complete 
| 226|0x00000000ee200000, 0x00000000ee300000, 0x00000000ee300000|100%| E|CS|TAMS 0x00000000ee200000| PB 0x00000000ee200000| Complete 
| 227|0x00000000ee300000, 0x00000000ee400000, 0x00000000ee400000|100%| E|CS|TAMS 0x00000000ee300000| PB 0x00000000ee300000| Complete 
| 228|0x00000000ee400000, 0x00000000ee500000, 0x00000000ee500000|100%| E|CS|TAMS 0x00000000ee400000| PB 0x00000000ee400000| Complete 
| 229|0x00000000ee500000, 0x00000000ee600000, 0x00000000ee600000|100%| E|CS|TAMS 0x00000000ee500000| PB 0x00000000ee500000| Complete 
| 230|0x00000000ee600000, 0x00000000ee700000, 0x00000000ee700000|100%| E|CS|TAMS 0x00000000ee600000| PB 0x00000000ee600000| Complete 
| 231|0x00000000ee700000, 0x00000000ee800000, 0x00000000ee800000|100%| E|CS|TAMS 0x00000000ee700000| PB 0x00000000ee700000| Complete 
| 232|0x00000000ee800000, 0x00000000ee900000, 0x00000000ee900000|100%| E|CS|TAMS 0x00000000ee800000| PB 0x00000000ee800000| Complete 
| 233|0x00000000ee900000, 0x00000000eea00000, 0x00000000eea00000|100%| E|CS|TAMS 0x00000000ee900000| PB 0x00000000ee900000| Complete 
| 234|0x00000000eea00000, 0x00000000eeb00000, 0x00000000eeb00000|100%| E|CS|TAMS 0x00000000eea00000| PB 0x00000000eea00000| Complete 
| 235|0x00000000eeb00000, 0x00000000eec00000, 0x00000000eec00000|100%| E|CS|TAMS 0x00000000eeb00000| PB 0x00000000eeb00000| Complete 
| 236|0x00000000eec00000, 0x00000000eed00000, 0x00000000eed00000|100%| E|CS|TAMS 0x00000000eec00000| PB 0x00000000eec00000| Complete 
| 237|0x00000000eed00000, 0x00000000eee00000, 0x00000000eee00000|100%| E|CS|TAMS 0x00000000eed00000| PB 0x00000000eed00000| Complete 
| 238|0x00000000eee00000, 0x00000000eef00000, 0x00000000eef00000|100%| E|CS|TAMS 0x00000000eee00000| PB 0x00000000eee00000| Complete 
| 239|0x00000000eef00000, 0x00000000ef000000, 0x00000000ef000000|100%| E|CS|TAMS 0x00000000eef00000| PB 0x00000000eef00000| Complete 
| 240|0x00000000ef000000, 0x00000000ef100000, 0x00000000ef100000|100%| E|CS|TAMS 0x00000000ef000000| PB 0x00000000ef000000| Complete 
| 241|0x00000000ef100000, 0x00000000ef200000, 0x00000000ef200000|100%| E|CS|TAMS 0x00000000ef100000| PB 0x00000000ef100000| Complete 
| 242|0x00000000ef200000, 0x00000000ef300000, 0x00000000ef300000|100%| E|CS|TAMS 0x00000000ef200000| PB 0x00000000ef200000| Complete 
| 243|0x00000000ef300000, 0x00000000ef400000, 0x00000000ef400000|100%| E|CS|TAMS 0x00000000ef300000| PB 0x00000000ef300000| Complete 
| 244|0x00000000ef400000, 0x00000000ef500000, 0x00000000ef500000|100%| E|CS|TAMS 0x00000000ef400000| PB 0x00000000ef400000| Complete 
| 245|0x00000000ef500000, 0x00000000ef600000, 0x00000000ef600000|100%| E|CS|TAMS 0x00000000ef500000| PB 0x00000000ef500000| Complete 
| 246|0x00000000ef600000, 0x00000000ef700000, 0x00000000ef700000|100%| E|CS|TAMS 0x00000000ef600000| PB 0x00000000ef600000| Complete 
| 247|0x00000000ef700000, 0x00000000ef800000, 0x00000000ef800000|100%| E|CS|TAMS 0x00000000ef700000| PB 0x00000000ef700000| Complete 
| 248|0x00000000ef800000, 0x00000000ef900000, 0x00000000ef900000|100%| E|CS|TAMS 0x00000000ef800000| PB 0x00000000ef800000| Complete 
| 249|0x00000000ef900000, 0x00000000efa00000, 0x00000000efa00000|100%| E|CS|TAMS 0x00000000ef900000| PB 0x00000000ef900000| Complete 
| 250|0x00000000efa00000, 0x00000000efb00000, 0x00000000efb00000|100%| E|CS|TAMS 0x00000000efa00000| PB 0x00000000efa00000| Complete 
| 251|0x00000000efb00000, 0x00000000efc00000, 0x00000000efc00000|100%| E|CS|TAMS 0x00000000efb00000| PB 0x00000000efb00000| Complete 
| 252|0x00000000efc00000, 0x00000000efd00000, 0x00000000efd00000|100%| E|CS|TAMS 0x00000000efc00000| PB 0x00000000efc00000| Complete 
| 253|0x00000000efd00000, 0x00000000efe00000, 0x00000000efe00000|100%| E|CS|TAMS 0x00000000efd00000| PB 0x00000000efd00000| Complete 
| 254|0x00000000efe00000, 0x00000000eff00000, 0x00000000eff00000|100%| E|CS|TAMS 0x00000000efe00000| PB 0x00000000efe00000| Complete 
| 255|0x00000000eff00000, 0x00000000f0000000, 0x00000000f0000000|100%| E|CS|TAMS 0x00000000eff00000| PB 0x00000000eff00000| Complete 

Card table byte_map: [0x0000016c9a300000,0x0000016c9a400000] _byte_map_base: 0x0000016c99c00000

Marking Bits: (CMBitMap*) 0x0000016c85f993c0
 Bits: [0x0000016c9a400000, 0x0000016c9ac00000)

Polling page: 0x0000016c86030000

Metaspace:

Usage:
  Non-class:     39.81 MB used.
      Class:      6.78 MB used.
       Both:     46.58 MB used.

Virtual space:
  Non-class space:       64.00 MB reserved,      40.62 MB ( 63%) committed,  1 nodes.
      Class space:      320.00 MB reserved,       7.56 MB (  2%) committed,  1 nodes.
             Both:      384.00 MB reserved,      48.19 MB ( 13%) committed. 

Chunk freelists:
   Non-Class:  7.00 MB
       Class:  8.48 MB
        Both:  15.48 MB

MaxMetaspaceSize: 384.00 MB
CompressedClassSpaceSize: 320.00 MB
Initial GC threshold: 21.00 MB
Current GC threshold: 59.38 MB
CDS: on
 - commit_granule_bytes: 65536.
 - commit_granule_words: 8192.
 - virtual_space_node_default_size: 8388608.
 - enlarge_chunks_in_place: 1.
 - use_allocation_guard: 0.


Internal statistics:

num_allocs_failed_limit: 6.
num_arena_births: 2924.
num_arena_deaths: 0.
num_vsnodes_births: 2.
num_vsnodes_deaths: 0.
num_space_committed: 771.
num_space_uncommitted: 0.
num_chunks_returned_to_freelist: 6.
num_chunks_taken_from_freelist: 5154.
num_chunk_merges: 6.
num_chunk_splits: 3340.
num_chunks_enlarged: 2035.
num_inconsistent_stats: 0.

CodeHeap 'non-profiled nmethods': size=120000Kb used=3100Kb max_used=3100Kb free=116899Kb
 bounds [0x0000016c92270000, 0x0000016c92580000, 0x0000016c997a0000]
CodeHeap 'profiled nmethods': size=120000Kb used=10304Kb max_used=10304Kb free=109695Kb
 bounds [0x0000016c8a7a0000, 0x0000016c8b1c0000, 0x0000016c91cd0000]
CodeHeap 'non-nmethods': size=5760Kb used=2592Kb max_used=2622Kb free=3167Kb
 bounds [0x0000016c91cd0000, 0x0000016c91f70000, 0x0000016c92270000]
CodeCache: size=245760Kb, used=15996Kb, max_used=16026Kb, free=229761Kb
 total_blobs=6271, nmethods=5410, adapters=764, full_count=0
Compilation: enabled, stopped_count=0, restarted_count=0

Compilation events (20 events):
Event: 56.615 Thread 0x0000016c9d6c3120 nmethod 5907 0x0000016c8b1a7190 code [0x0000016c8b1a7360, 0x0000016c8b1a7598]
Event: 56.800 Thread 0x0000016c9d6c3120 5908       1       java.util.stream.FindOps$FindOp::getOpFlags (5 bytes)
Event: 56.800 Thread 0x0000016c9d6c3120 nmethod 5908 0x0000016c92574a10 code [0x0000016c92574ba0, 0x0000016c92574c68]
Event: 57.651 Thread 0x0000016c9d6ad150 5909       4       org.gradle.internal.instantiation.generator.AbstractClassGenerator$InjectionAnnotationValidator::validateMethod (502 bytes)
Event: 57.681 Thread 0x0000016c9d6c3120 5910       3       com.google.common.cache.LocalCache::get (21 bytes)
Event: 57.682 Thread 0x0000016c9d6c3120 nmethod 5910 0x0000016c8b1a7710 code [0x0000016c8b1a7920, 0x0000016c8b1a7ec0]
Event: 57.682 Thread 0x0000016c9d6c3120 5911   !   3       com.google.common.cache.LocalCache$Segment::get (210 bytes)
Event: 57.683 Thread 0x0000016c9d6ad150 nmethod 5909 0x0000016c92574d10 code [0x0000016c92575000, 0x0000016c92575f28]
Event: 57.684 Thread 0x0000016c9d6c3120 nmethod 5911 0x0000016c8b1a8190 code [0x0000016c8b1a85a0, 0x0000016c8b1a9ea0]
Event: 57.784 Thread 0x0000016c9d6c3120 5912       1       org.gradle.api.internal.collections.AbstractIterationOrderRetainingElementSource$Element::isRealized (5 bytes)
Event: 57.784 Thread 0x0000016c9d6c3120 nmethod 5912 0x0000016c92576b10 code [0x0000016c92576ca0, 0x0000016c92576d70]
Event: 57.793 Thread 0x0000016c9d6c3120 5913       3       org.objectweb.asm.SymbolTable::addConstantMethodHandle (197 bytes)
Event: 57.793 Thread 0x0000016c9d6ad150 5914       4       org.objectweb.asm.Frame::getLocal (46 bytes)
Event: 57.795 Thread 0x0000016c9d6c3120 nmethod 5913 0x0000016c8b1aac10 code [0x0000016c8b1aaea0, 0x0000016c8b1ab7f0]
Event: 57.795 Thread 0x0000016c9d6c3120 5915       3       java.lang.reflect.Constructor::getGenericParameterTypes (5 bytes)
Event: 57.795 Thread 0x0000016c9d6ad150 nmethod 5914 0x0000016c92576e10 code [0x0000016c92576fa0, 0x0000016c92577098]
Event: 57.796 Thread 0x0000016c9d6c3120 nmethod 5915 0x0000016c8b1abd90 code [0x0000016c8b1ac040, 0x0000016c8b1acff8]
Event: 57.802 Thread 0x0000016c9d6ad150 5916       4       java.lang.invoke.InvokerBytecodeGenerator::addMethod (725 bytes)
Event: 57.825 Thread 0x0000016c9d6c3120 5917   !   3       java.lang.reflect.Field::declaredAnnotations (82 bytes)
Event: 57.826 Thread 0x0000016c9d6c3120 nmethod 5917 0x0000016c8b1ad490 code [0x0000016c8b1ad680, 0x0000016c8b1adb90]

GC Heap History (10 events):
Event: 1.108 GC heap before
{Heap before GC invocations=0 (full 0):
 garbage-first heap   total 262144K, used 26624K [0x00000000e0000000, 0x0000000100000000)
  region size 1024K, 23 young (23552K), 0 survivors (0K)
 Metaspace       used 3078K, committed 3200K, reserved 393216K
  class space    used 401K, committed 448K, reserved 327680K
}
Event: 1.114 GC heap after
{Heap after GC invocations=1 (full 0):
 garbage-first heap   total 262144K, used 10325K [0x00000000e0000000, 0x0000000100000000)
  region size 1024K, 3 young (3072K), 3 survivors (3072K)
 Metaspace       used 3078K, committed 3200K, reserved 393216K
  class space    used 401K, committed 448K, reserved 327680K
}
Event: 2.073 GC heap before
{Heap before GC invocations=1 (full 0):
 garbage-first heap   total 262144K, used 40021K [0x00000000e0000000, 0x0000000100000000)
  region size 1024K, 32 young (32768K), 3 survivors (3072K)
 Metaspace       used 4085K, committed 4288K, reserved 393216K
  class space    used 511K, committed 640K, reserved 327680K
}
Event: 2.077 GC heap after
{Heap after GC invocations=2 (full 0):
 garbage-first heap   total 262144K, used 11329K [0x00000000e0000000, 0x0000000100000000)
  region size 1024K, 1 young (1024K), 1 survivors (1024K)
 Metaspace       used 4085K, committed 4288K, reserved 393216K
  class space    used 511K, committed 640K, reserved 327680K
}
Event: 8.972 GC heap before
{Heap before GC invocations=2 (full 0):
 garbage-first heap   total 262144K, used 127041K [0x00000000e0000000, 0x0000000100000000)
  region size 1024K, 113 young (115712K), 1 survivors (1024K)
 Metaspace       used 20727K, committed 21376K, reserved 393216K
  class space    used 3026K, committed 3328K, reserved 327680K
}
Event: 9.023 GC heap after
{Heap after GC invocations=3 (full 0):
 garbage-first heap   total 262144K, used 23091K [0x00000000e0000000, 0x0000000100000000)
  region size 1024K, 13 young (13312K), 13 survivors (13312K)
 Metaspace       used 20727K, committed 21376K, reserved 393216K
  class space    used 3026K, committed 3328K, reserved 327680K
}
Event: 9.197 GC heap before
{Heap before GC invocations=3 (full 0):
 garbage-first heap   total 262144K, used 24115K [0x00000000e0000000, 0x0000000100000000)
  region size 1024K, 15 young (15360K), 13 survivors (13312K)
 Metaspace       used 20864K, committed 21504K, reserved 393216K
  class space    used 3045K, committed 3328K, reserved 327680K
}
Event: 9.212 GC heap after
{Heap after GC invocations=4 (full 0):
 garbage-first heap   total 262144K, used 24328K [0x00000000e0000000, 0x0000000100000000)
  region size 1024K, 2 young (2048K), 2 survivors (2048K)
 Metaspace       used 20864K, committed 21504K, reserved 393216K
  class space    used 3045K, committed 3328K, reserved 327680K
}
Event: 34.069 GC heap before
{Heap before GC invocations=5 (full 0):
 garbage-first heap   total 262144K, used 132872K [0x00000000e0000000, 0x0000000100000000)
  region size 1024K, 110 young (112640K), 2 survivors (2048K)
 Metaspace       used 35213K, committed 36416K, reserved 393216K
  class space    used 5134K, committed 5760K, reserved 327680K
}
Event: 34.077 GC heap after
{Heap after GC invocations=6 (full 0):
 garbage-first heap   total 262144K, used 31069K [0x00000000e0000000, 0x0000000100000000)
  region size 1024K, 8 young (8192K), 8 survivors (8192K)
 Metaspace       used 35213K, committed 36416K, reserved 393216K
  class space    used 5134K, committed 5760K, reserved 327680K
}

Dll operation events (20 events):
Event: 0.147 Attempting to load shared library C:\Users\amald\.vscode\extensions\redhat.java-1.56.0-win32-x64\jre\21.0.12.1-win32-x86_64\bin\nio.dll
Event: 0.148 Loaded shared library C:\Users\amald\.vscode\extensions\redhat.java-1.56.0-win32-x64\jre\21.0.12.1-win32-x86_64\bin\nio.dll
Event: 0.155 Attempting to load shared library C:\Users\amald\.vscode\extensions\redhat.java-1.56.0-win32-x64\jre\21.0.12.1-win32-x86_64\bin\zip.dll
Event: 0.155 Loaded shared library C:\Users\amald\.vscode\extensions\redhat.java-1.56.0-win32-x64\jre\21.0.12.1-win32-x86_64\bin\zip.dll
Event: 0.625 Attempting to load shared library C:\Users\amald\.vscode\extensions\redhat.java-1.56.0-win32-x64\jre\21.0.12.1-win32-x86_64\bin\jimage.dll
Event: 0.625 Loaded shared library C:\Users\amald\.vscode\extensions\redhat.java-1.56.0-win32-x64\jre\21.0.12.1-win32-x86_64\bin\jimage.dll
Event: 0.735 Attempting to load shared library C:\Users\amald\.vscode\extensions\redhat.java-1.56.0-win32-x64\jre\21.0.12.1-win32-x86_64\bin\verify.dll
Event: 0.735 Loaded shared library C:\Users\amald\.vscode\extensions\redhat.java-1.56.0-win32-x64\jre\21.0.12.1-win32-x86_64\bin\verify.dll
Event: 0.993 Attempting to load shared library C:\Users\amald\.gradle\native\c067742578af261105cb4f569cf0c3c89f3d7b1fecec35dd04571415982c5e48\windows-amd64\native-platform.dll
Event: 0.994 Loaded shared library C:\Users\amald\.gradle\native\c067742578af261105cb4f569cf0c3c89f3d7b1fecec35dd04571415982c5e48\windows-amd64\native-platform.dll
Event: 1.000 Attempting to load shared library C:\Users\amald\.gradle\native\38dada09dfb8b06ba9b0570ebf7e218e3eb74d4ef43ca46872605cf95ebc2f47\windows-amd64\native-platform-file-events.dll
Event: 1.002 Loaded shared library C:\Users\amald\.gradle\native\38dada09dfb8b06ba9b0570ebf7e218e3eb74d4ef43ca46872605cf95ebc2f47\windows-amd64\native-platform-file-events.dll
Event: 2.703 Attempting to load shared library C:\Users\amald\.vscode\extensions\redhat.java-1.56.0-win32-x64\jre\21.0.12.1-win32-x86_64\bin\management.dll
Event: 2.704 Loaded shared library C:\Users\amald\.vscode\extensions\redhat.java-1.56.0-win32-x64\jre\21.0.12.1-win32-x86_64\bin\management.dll
Event: 2.707 Attempting to load shared library C:\Users\amald\.vscode\extensions\redhat.java-1.56.0-win32-x64\jre\21.0.12.1-win32-x86_64\bin\management_ext.dll
Event: 2.708 Loaded shared library C:\Users\amald\.vscode\extensions\redhat.java-1.56.0-win32-x64\jre\21.0.12.1-win32-x86_64\bin\management_ext.dll
Event: 2.942 Attempting to load shared library C:\Users\amald\.vscode\extensions\redhat.java-1.56.0-win32-x64\jre\21.0.12.1-win32-x86_64\bin\extnet.dll
Event: 2.943 Loaded shared library C:\Users\amald\.vscode\extensions\redhat.java-1.56.0-win32-x64\jre\21.0.12.1-win32-x86_64\bin\extnet.dll
Event: 3.229 Attempting to load shared library C:\Users\amald\.vscode\extensions\redhat.java-1.56.0-win32-x64\jre\21.0.12.1-win32-x86_64\bin\sunmscapi.dll
Event: 3.231 Loaded shared library C:\Users\amald\.vscode\extensions\redhat.java-1.56.0-win32-x64\jre\21.0.12.1-win32-x86_64\bin\sunmscapi.dll

Deoptimization events (20 events):
Event: 53.664 Thread 0x0000016cb8751560 Uncommon trap: trap_request=0xffffff45 fr.pc=0x0000016c923ab1fc relative=0x0000000000000bfc
Event: 53.664 Thread 0x0000016cbad3cfa0 Uncommon trap: trap_request=0xffffff45 fr.pc=0x0000016c923ab1fc relative=0x0000000000000bfc
Event: 53.664 Thread 0x0000016cbad3cfa0 Uncommon trap: reason=unstable_if action=reinterpret pc=0x0000016c923ab1fc method=java.util.concurrent.ConcurrentHashMap.addCount(JI)V @ 7 c2
Event: 53.664 Thread 0x0000016cbad3cfa0 DEOPT PACKING pc=0x0000016c923ab1fc sp=0x00000042ac1fe7e0
Event: 53.664 Thread 0x0000016cbad3cfa0 DEOPT UNPACKING pc=0x0000016c91d24422 sp=0x00000042ac1fe6a0 mode 2
Event: 53.664 Thread 0x0000016cb8751560 Uncommon trap: reason=unstable_if action=reinterpret pc=0x0000016c923ab1fc method=java.util.concurrent.ConcurrentHashMap.addCount(JI)V @ 7 c2
Event: 53.664 Thread 0x0000016cb8751560 DEOPT PACKING pc=0x0000016c923ab1fc sp=0x00000042aa7f7c30
Event: 53.664 Thread 0x0000016cb8751560 DEOPT UNPACKING pc=0x0000016c91d24422 sp=0x00000042aa7f7af0 mode 2
Event: 53.666 Thread 0x0000016cbad3cfa0 DEOPT PACKING pc=0x0000016c8ac20146 sp=0x00000042ac1fd410
Event: 53.666 Thread 0x0000016cbad3cfa0 DEOPT UNPACKING pc=0x0000016c91d24bc2 sp=0x00000042ac1fc990 mode 0
Event: 55.645 Thread 0x0000016cb8751560 Uncommon trap: trap_request=0xffffff45 fr.pc=0x0000016c923d8cc0 relative=0x0000000000000280
Event: 55.645 Thread 0x0000016cb8751560 Uncommon trap: reason=unstable_if action=reinterpret pc=0x0000016c923d8cc0 method=java.util.concurrent.ConcurrentHashMap.get(Ljava/lang/Object;)Ljava/lang/Object; @ 86 c2
Event: 55.645 Thread 0x0000016cb8751560 DEOPT PACKING pc=0x0000016c923d8cc0 sp=0x00000042aa7f7f50
Event: 55.645 Thread 0x0000016cb8751560 DEOPT UNPACKING pc=0x0000016c91d24422 sp=0x00000042aa7f7ec8 mode 2
Event: 55.928 Thread 0x0000016cba705b50 Uncommon trap: trap_request=0xffffff45 fr.pc=0x0000016c9252f6ac relative=0x000000000000126c
Event: 55.928 Thread 0x0000016cba705b50 Uncommon trap: reason=unstable_if action=reinterpret pc=0x0000016c9252f6ac method=java.util.concurrent.ConcurrentHashMap.computeIfAbsent(Ljava/lang/Object;Ljava/util/function/Function;)Ljava/lang/Object; @ 279 c2
Event: 55.928 Thread 0x0000016cba705b50 DEOPT PACKING pc=0x0000016c9252f6ac sp=0x00000042accfe420
Event: 55.928 Thread 0x0000016cba705b50 DEOPT UNPACKING pc=0x0000016c91d24422 sp=0x00000042accfe398 mode 2
Event: 57.074 Thread 0x0000016cb8751560 DEOPT PACKING pc=0x0000016c8ac20146 sp=0x00000042aa7f7b00
Event: 57.074 Thread 0x0000016cb8751560 DEOPT UNPACKING pc=0x0000016c91d24bc2 sp=0x00000042aa7f7080 mode 0

Classes loaded (20 events):
Event: 51.873 Loading class java/util/Collections$2
Event: 51.873 Loading class java/util/Collections$2 done
Event: 54.684 Loading class sun/reflect/ReflectionFactory
Event: 54.685 Loading class sun/reflect/ReflectionFactory done
Event: 54.685 Loading class sun/reflect/ReflectionFactory$1
Event: 54.685 Loading class sun/reflect/ReflectionFactory$1 done
Event: 54.846 Loading class java/nio/channels/Channels
Event: 54.846 Loading class java/nio/channels/Channels done
Event: 54.846 Loading class sun/nio/ch/Streams
Event: 54.846 Loading class sun/nio/ch/Streams done
Event: 54.846 Loading class sun/nio/ch/ChannelInputStream
Event: 54.846 Loading class sun/nio/ch/ChannelInputStream done
Event: 56.518 Loading class java/util/stream/SortedOps
Event: 56.519 Loading class java/util/stream/SortedOps done
Event: 56.519 Loading class java/util/stream/SortedOps$OfRef
Event: 56.521 Loading class java/util/stream/SortedOps$OfRef done
Event: 56.522 Loading class java/util/stream/SortedOps$SizedRefSortingSink
Event: 56.522 Loading class java/util/stream/SortedOps$AbstractRefSortingSink
Event: 56.522 Loading class java/util/stream/SortedOps$AbstractRefSortingSink done
Event: 56.522 Loading class java/util/stream/SortedOps$SizedRefSortingSink done

Classes unloaded (0 events):
No events

Classes redefined (0 events):
No events

Internal exceptions (20 events):
Event: 44.016 Thread 0x0000016cb8751560 Exception <a 'java/lang/ClassNotFoundException'{0x00000000ebc4a138}: org/gradle/plugin/use/internal/PluginRequestCollector$PluginDependencySpecImplBeanInfo> (0x00000000ebc4a138) 
thrown [s\src\hotspot\share\classfile\systemDictionary.cpp, line 313]
Event: 44.018 Thread 0x0000016cb8751560 Exception <a 'java/lang/ClassNotFoundException'{0x00000000ebc59778}: org/gradle/plugin/use/internal/PluginRequestCollector$PluginDependencySpecImplCustomizer> (0x00000000ebc59778) 
thrown [s\src\hotspot\share\classfile\systemDictionary.cpp, line 313]
Event: 44.630 Thread 0x0000016cb8751560 Exception <a 'java/lang/NoSuchMethodError'{0x00000000eb96ea58}: 'java.lang.Object java.lang.invoke.DirectMethodHandle$Holder.newInvokeSpecial(java.lang.Object, java.lang.Object, java.lang.Object, java.lang.Object, java.lang.Object, java.lang.Object, java.lang.Object, java.lang.Object, java.lang.Object, java.lang.Object, java.lang.Object, java.lang.Object, java.lang.Object, java.lang.Object, java.lang.Object, java.lang.Object, java.lang.Object, java.lang.Object, java.lang.Object, java.lang.Object, java.lang
Event: 44.631 Thread 0x0000016cb8751560 Exception <a 'java/lang/NoSuchMethodError'{0x00000000eb9765d0}: 'java.lang.Object java.lang.invoke.DirectMethodHandle$Holder.invokeSpecial(java.lang.Object, java.lang.Object, java.lang.Object, java.lang.Object, java.lang.Object, java.lang.Object, java.lang.Object, java.lang.Object, java.lang.Object, java.lang.Object, java.lang.Object, java.lang.Object, java.lang.Object, java.lang.Object, java.lang.Object, java.lang.Object, java.lang.Object, java.lang.Object, java.lang.Object, java.lang.Object, java.lang.Ob
Event: 44.631 Thread 0x0000016cb8751560 Exception <a 'java/lang/NoSuchMethodError'{0x00000000eb97c8e8}: 'java.lang.Object java.lang.invoke.DelegatingMethodHandle$Holder.reinvoke_L(java.lang.Object, java.lang.Object, java.lang.Object, java.lang.Object, java.lang.Object, java.lang.Object, java.lang.Object, java.lang.Object, java.lang.Object, java.lang.Object, java.lang.Object, java.lang.Object, java.lang.Object, java.lang.Object, java.lang.Object, java.lang.Object, java.lang.Object, java.lang.Object, java.lang.Object, java.lang.Object, java.lang.O
Event: 45.057 Thread 0x0000016cb8751560 Exception <a 'java/lang/NoSuchMethodError'{0x00000000eb35b508}: 'java.lang.Object java.lang.invoke.DirectMethodHandle$Holder.newInvokeSpecial(java.lang.Object, int, java.lang.Object)'> (0x00000000eb35b508) 
thrown [s\src\hotspot\share\interpreter\linkResolver.cpp, line 773]
Event: 47.664 Thread 0x0000016cb8751560 Exception <a 'java/lang/NoSuchMethodError'{0x00000000eab59920}: 'int java.lang.invoke.DirectMethodHandle$Holder.invokeSpecialIFC(java.lang.Object, java.lang.Object, java.lang.Object)'> (0x00000000eab59920) 
thrown [s\src\hotspot\share\interpreter\linkResolver.cpp, line 773]
Event: 49.395 Thread 0x0000016cb8751560 Exception <a 'java/lang/NoSuchMethodError'{0x00000000ea8ba7f8}: 'java.lang.Object java.lang.invoke.DirectMethodHandle$Holder.newInvokeSpecial(java.lang.Object, java.lang.Object, java.lang.Object, java.lang.Object, java.lang.Object, int)'> (0x00000000ea8ba7f8) 
thrown [s\src\hotspot\share\interpreter\linkResolver.cpp, line 773]
Event: 49.397 Thread 0x0000016cb8751560 Exception <a 'java/lang/NoSuchMethodError'{0x00000000ea8bfb58}: 'java.lang.Object java.lang.invoke.DirectMethodHandle$Holder.invokeSpecial(java.lang.Object, java.lang.Object, java.lang.Object, java.lang.Object, java.lang.Object, java.lang.Object, int)'> (0x00000000ea8bfb58) 
thrown [s\src\hotspot\share\interpreter\linkResolver.cpp, line 773]
Event: 49.524 Thread 0x0000016cb8751560 Exception <a 'java/lang/NoSuchMethodError'{0x00000000ea7111e0}: 'java.lang.Object java.lang.invoke.DirectMethodHandle$Holder.invokeSpecial(java.lang.Object, java.lang.Object, java.lang.Object, java.lang.Object, java.lang.Object, long)'> (0x00000000ea7111e0) 
thrown [s\src\hotspot\share\interpreter\linkResolver.cpp, line 773]
Event: 49.589 Thread 0x0000016cb8751560 Exception <a 'java/lang/NoSuchMethodError'{0x00000000ea735eb8}: 'void java.lang.invoke.DirectMethodHandle$Holder.invokeStatic(java.lang.Object, java.lang.Object, java.lang.Object, int, java.lang.Object)'> (0x00000000ea735eb8) 
thrown [s\src\hotspot\share\interpreter\linkResolver.cpp, line 773]
Event: 50.916 Thread 0x0000016cb8751560 Exception <a 'java/lang/NoSuchMethodError'{0x00000000ea3fdf10}: 'java.lang.Object java.lang.invoke.DirectMethodHandle$Holder.newInvokeSpecial(java.lang.Object, java.lang.Object, java.lang.Object, java.lang.Object, java.lang.Object, java.lang.Object, java.lang.Object, java.lang.Object, java.lang.Object, java.lang.Object, java.lang.Object, java.lang.Object, java.lang.Object)'> (0x00000000ea3fdf10) 
thrown [s\src\hotspot\share\interpreter\linkResolver.cpp, line 773]
Event: 51.015 Thread 0x0000016cb8751560 Exception <a 'java/lang/NoSuchMethodError'{0x00000000ea26cdf0}: 'java.lang.Object java.lang.invoke.DirectMethodHandle$Holder.invokeSpecial(java.lang.Object, java.lang.Object, java.lang.Object, java.lang.Object, int, java.lang.Object)'> (0x00000000ea26cdf0) 
thrown [s\src\hotspot\share\interpreter\linkResolver.cpp, line 773]
Event: 51.016 Thread 0x0000016cb8751560 Exception <a 'java/lang/NoSuchMethodError'{0x00000000ea274b98}: 'java.lang.Object java.lang.invoke.DirectMethodHandle$Holder.newInvokeSpecial(java.lang.Object, java.lang.Object, java.lang.Object, java.lang.Object, int)'> (0x00000000ea274b98) 
thrown [s\src\hotspot\share\interpreter\linkResolver.cpp, line 773]
Event: 51.016 Thread 0x0000016cb8751560 Exception <a 'java/lang/NoSuchMethodError'{0x00000000ea279760}: 'java.lang.Object java.lang.invoke.DirectMethodHandle$Holder.invokeSpecial(java.lang.Object, java.lang.Object, java.lang.Object, java.lang.Object, java.lang.Object, int)'> (0x00000000ea279760) 
thrown [s\src\hotspot\share\interpreter\linkResolver.cpp, line 773]
Event: 51.019 Thread 0x0000016cb8751560 Exception <a 'java/lang/NoSuchMethodError'{0x00000000ea27dc98}: 'java.lang.Object java.lang.invoke.Invokers$Holder.linkToTargetMethod(java.lang.Object, java.lang.Object, java.lang.Object, int, java.lang.Object)'> (0x00000000ea27dc98) 
thrown [s\src\hotspot\share\interpreter\linkResolver.cpp, line 773]
Event: 51.313 Thread 0x0000016cb8751560 Exception <a 'java/lang/NoSuchMethodError'{0x00000000ea020fb8}: 'int java.lang.invoke.DirectMethodHandle$Holder.invokeInterface(java.lang.Object, java.lang.Object, java.lang.Object, java.lang.Object)'> (0x00000000ea020fb8) 
thrown [s\src\hotspot\share\interpreter\linkResolver.cpp, line 773]
Event: 52.005 Thread 0x0000016cb8751560 Exception <a 'java/lang/NoSuchMethodError'{0x00000000e9dc1598}: 'java.lang.Object java.lang.invoke.DirectMethodHandle$Holder.newInvokeSpecial(java.lang.Object, java.lang.Object, int)'> (0x00000000e9dc1598) 
thrown [s\src\hotspot\share\interpreter\linkResolver.cpp, line 773]
Event: 54.690 Thread 0x0000016cb8751560 Exception <a 'java/lang/NoSuchMethodError'{0x00000000e97bda68}: 'java.lang.Object java.lang.invoke.DirectMethodHandle$Holder.newInvokeSpecial(java.lang.Object, java.lang.Object, java.lang.Object, java.lang.Object, int, java.lang.Object)'> (0x00000000e97bda68) 
thrown [s\src\hotspot\share\interpreter\linkResolver.cpp, line 773]
Event: 54.690 Thread 0x0000016cb8751560 Exception <a 'java/lang/NoSuchMethodError'{0x00000000e97c2810}: 'java.lang.Object java.lang.invoke.Invokers$Holder.linkToTargetMethod(java.lang.Object, java.lang.Object, java.lang.Object, int, java.lang.Object, java.lang.Object)'> (0x00000000e97c2810) 
thrown [s\src\hotspot\share\interpreter\linkResolver.cpp, line 773]

ZGC Phase Switch (0 events):
No events

VM Operations (20 events):
Event: 48.995 Executing safepoint VM operation: Cleanup done
Event: 50.004 Executing safepoint VM operation: Cleanup
Event: 50.004 Executing safepoint VM operation: Cleanup done
Event: 51.014 Executing safepoint VM operation: Cleanup
Event: 51.014 Executing safepoint VM operation: Cleanup done
Event: 51.217 Executing non-safepoint VM operation: HandshakeAllThreads (Deoptimize)
Event: 51.217 Executing non-safepoint VM operation: HandshakeAllThreads (Deoptimize) done
Event: 51.311 Executing non-safepoint VM operation: HandshakeAllThreads (Deoptimize)
Event: 51.311 Executing non-safepoint VM operation: HandshakeAllThreads (Deoptimize) done
Event: 52.323 Executing safepoint VM operation: Cleanup
Event: 52.323 Executing safepoint VM operation: Cleanup done
Event: 53.333 Executing safepoint VM operation: Cleanup
Event: 53.333 Executing safepoint VM operation: Cleanup done
Event: 54.334 Executing safepoint VM operation: Cleanup
Event: 54.654 Executing safepoint VM operation: Cleanup done
Event: 55.662 Executing safepoint VM operation: Cleanup
Event: 55.915 Executing safepoint VM operation: Cleanup done
Event: 56.925 Executing safepoint VM operation: Cleanup
Event: 56.926 Executing safepoint VM operation: Cleanup done
Event: 57.936 Executing safepoint VM operation: Cleanup

Memory protections (0 events):
No events

Nmethod flushes (20 events):
Event: 34.260 Thread 0x0000016c9d67e390 flushing  nmethod 0x0000016c8a9bcc90
Event: 34.260 Thread 0x0000016c9d67e390 flushing  nmethod 0x0000016c8a9bd310
Event: 34.260 Thread 0x0000016c9d67e390 flushing  nmethod 0x0000016c8a9bd810
Event: 34.260 Thread 0x0000016c9d67e390 flushing  nmethod 0x0000016c8aa27290
Event: 34.260 Thread 0x0000016c9d67e390 flushing  nmethod 0x0000016c8aa27d10
Event: 34.260 Thread 0x0000016c9d67e390 flushing  nmethod 0x0000016c8aa78190
Event: 34.260 Thread 0x0000016c9d67e390 flushing  nmethod 0x0000016c8aa7af10
Event: 34.260 Thread 0x0000016c9d67e390 flushing  nmethod 0x0000016c8aa7b910
Event: 34.260 Thread 0x0000016c9d67e390 flushing  nmethod 0x0000016c8aba0990
Event: 34.260 Thread 0x0000016c9d67e390 flushing  nmethod 0x0000016c8aba1390
Event: 34.260 Thread 0x0000016c9d67e390 flushing  nmethod 0x0000016c8aba2510
Event: 34.260 Thread 0x0000016c9d67e390 flushing  nmethod 0x0000016c8aba5310
Event: 34.260 Thread 0x0000016c9d67e390 flushing  nmethod 0x0000016c8abc6290
Event: 34.260 Thread 0x0000016c9d67e390 flushing  nmethod 0x0000016c8abc6a90
Event: 34.260 Thread 0x0000016c9d67e390 flushing  nmethod 0x0000016c8abf4e90
Event: 34.260 Thread 0x0000016c9d67e390 flushing  nmethod 0x0000016c8abf7590
Event: 34.260 Thread 0x0000016c9d67e390 flushing  nmethod 0x0000016c8abf7a10
Event: 34.260 Thread 0x0000016c9d67e390 flushing  nmethod 0x0000016c8ac66210
Event: 34.260 Thread 0x0000016c9d67e390 flushing  nmethod 0x0000016c8ad1fb90
Event: 34.260 Thread 0x0000016c9d67e390 flushing  nmethod 0x0000016c8ad22810

Events (20 events):
Event: 30.990 Thread 0x0000016cb8751560 Thread added: 0x0000016cb8751bf0
Event: 35.945 Thread 0x0000016cb8751560 Thread added: 0x0000016cbad38e00
Event: 36.258 Thread 0x0000016c9d6c3120 Thread added: 0x0000016cb729eb40
Event: 36.592 Thread 0x0000016cb729eb40 Thread exited: 0x0000016cb729eb40
Event: 42.641 Thread 0x0000016cb8751560 Thread added: 0x0000016cbad3c280
Event: 43.849 Thread 0x0000016cb8751560 Thread added: 0x0000016cbad3a840
Event: 53.622 Thread 0x0000016cb8751560 Thread added: 0x0000016cbad3bbf0
Event: 53.622 Thread 0x0000016cb8751560 Thread added: 0x0000016cbad3cfa0
Event: 53.623 Thread 0x0000016cb8751560 Thread added: 0x0000016cbad3aed0
Event: 53.624 Thread 0x0000016cb8751560 Thread added: 0x0000016cbad39b20
Event: 53.624 Thread 0x0000016cb8751560 Thread added: 0x0000016cbad3e350
Event: 53.624 Thread 0x0000016cb8751560 Thread added: 0x0000016cbad3d630
Event: 53.625 Thread 0x0000016cb8751560 Thread added: 0x0000016cbad3dcc0
Event: 54.837 Thread 0x0000016cb8751560 Thread added: 0x0000016cbad3e9e0
Event: 54.839 Thread 0x0000016cb8751560 Thread added: 0x0000016cbad3f070
Event: 54.839 Thread 0x0000016cb8751560 Thread added: 0x0000016cbad3f700
Event: 54.842 Thread 0x0000016cb8751560 Thread added: 0x0000016cbad3fd90
Event: 54.843 Thread 0x0000016cb8751560 Thread added: 0x0000016cbad40420
Event: 54.844 Thread 0x0000016cb8751560 Thread added: 0x0000016cba705b50
Event: 55.479 Thread 0x0000016cb8751560 Thread added: 0x0000016cba703a80


Dynamic libraries:
0x00007ff621ac0000 - 0x00007ff621ace000 	C:\Users\amald\.vscode\extensions\redhat.java-1.56.0-win32-x64\jre\21.0.12.1-win32-x86_64\bin\java.exe
0x00007ff8dc300000 - 0x00007ff8dc566000 	C:\WINDOWS\SYSTEM32\ntdll.dll
0x00007ff8daa00000 - 0x00007ff8daac9000 	C:\WINDOWS\System32\KERNEL32.DLL
0x00007ff8d98a0000 - 0x00007ff8d9c9f000 	C:\WINDOWS\System32\KERNELBASE.dll
0x00007ff8d9d40000 - 0x00007ff8d9e8c000 	C:\WINDOWS\System32\ucrtbase.dll
0x00007ff8b61b0000 - 0x00007ff8b61c8000 	C:\Users\amald\.vscode\extensions\redhat.java-1.56.0-win32-x64\jre\21.0.12.1-win32-x86_64\bin\jli.dll
0x00007ff8bbae0000 - 0x00007ff8bbafe000 	C:\Users\amald\.vscode\extensions\redhat.java-1.56.0-win32-x64\jre\21.0.12.1-win32-x86_64\bin\VCRUNTIME140.dll
0x00007ff8db7f0000 - 0x00007ff8db9b6000 	C:\WINDOWS\System32\USER32.dll
0x00007ff8d95c0000 - 0x00007ff8d95e7000 	C:\WINDOWS\System32\win32u.dll
0x00007ff8dac80000 - 0x00007ff8dacab000 	C:\WINDOWS\System32\GDI32.dll
0x00007ff8d95f0000 - 0x00007ff8d9719000 	C:\WINDOWS\System32\gdi32full.dll
0x00007ff8d9510000 - 0x00007ff8d95b3000 	C:\WINDOWS\System32\msvcp_win.dll
0x00007ff8c2e80000 - 0x00007ff8c3111000 	C:\WINDOWS\WinSxS\amd64_microsoft.windows.common-controls_6595b64144ccf1df_6.0.26100.8972_none_3e0da176e32f9d4b\COMCTL32.dll
0x00007ff8da650000 - 0x00007ff8da6f9000 	C:\WINDOWS\System32\msvcrt.dll
0x00007ff8da9c0000 - 0x00007ff8da9f2000 	C:\WINDOWS\System32\IMM32.DLL
0x00007ff8bc8e0000 - 0x00007ff8bc8ec000 	C:\Users\amald\.vscode\extensions\redhat.java-1.56.0-win32-x64\jre\21.0.12.1-win32-x86_64\bin\vcruntime140_1.dll
0x00007ff899e10000 - 0x00007ff899e9d000 	C:\Users\amald\.vscode\extensions\redhat.java-1.56.0-win32-x64\jre\21.0.12.1-win32-x86_64\bin\msvcp140.dll
0x00007ff85bc20000 - 0x00007ff85c9c2000 	C:\Users\amald\.vscode\extensions\redhat.java-1.56.0-win32-x64\jre\21.0.12.1-win32-x86_64\bin\server\jvm.dll
0x00007ff8da700000 - 0x00007ff8da7bc000 	C:\WINDOWS\System32\ADVAPI32.dll
0x00007ff8da2a0000 - 0x00007ff8da34a000 	C:\WINDOWS\System32\sechost.dll
0x00007ff8da180000 - 0x00007ff8da298000 	C:\WINDOWS\System32\RPCRT4.dll
0x00007ff8da0e0000 - 0x00007ff8da162000 	C:\WINDOWS\System32\WS2_32.dll
0x00007ff8d9370000 - 0x00007ff8d93ce000 	C:\WINDOWS\SYSTEM32\POWRPROF.dll
0x00007ff8c34d0000 - 0x00007ff8c3506000 	C:\WINDOWS\SYSTEM32\WINMM.dll
0x00007ff8ce600000 - 0x00007ff8ce60b000 	C:\WINDOWS\SYSTEM32\VERSION.dll
0x00007ff8d9350000 - 0x00007ff8d9365000 	C:\WINDOWS\SYSTEM32\UMPDC.dll
0x00007ff8d8200000 - 0x00007ff8d821b000 	C:\WINDOWS\SYSTEM32\kernel.appcore.dll
0x00007ff8bc8d0000 - 0x00007ff8bc8da000 	C:\Users\amald\.vscode\extensions\redhat.java-1.56.0-win32-x64\jre\21.0.12.1-win32-x86_64\bin\jimage.dll
0x00007ff8d3c50000 - 0x00007ff8d3e92000 	C:\WINDOWS\SYSTEM32\DBGHELP.DLL
0x00007ff8db9e0000 - 0x00007ff8dbd65000 	C:\WINDOWS\System32\combase.dll
0x00007ff8da850000 - 0x00007ff8da929000 	C:\WINDOWS\System32\OLEAUT32.dll
0x00007ff8d2eb0000 - 0x00007ff8d2eeb000 	C:\WINDOWS\SYSTEM32\dbgcore.DLL
0x00007ff8d97e0000 - 0x00007ff8d988c000 	C:\WINDOWS\System32\bcryptPrimitives.dll
0x00007ff8bbc60000 - 0x00007ff8bbc6f000 	C:\Users\amald\.vscode\extensions\redhat.java-1.56.0-win32-x64\jre\21.0.12.1-win32-x86_64\bin\instrument.dll
0x00007ff8bbc70000 - 0x00007ff8bbc90000 	C:\Users\amald\.vscode\extensions\redhat.java-1.56.0-win32-x64\jre\21.0.12.1-win32-x86_64\bin\java.dll
0x00007ff8dacb0000 - 0x00007ff8db438000 	C:\WINDOWS\System32\SHELL32.dll
0x00007ff8d6fe0000 - 0x00007ff8d787b000 	C:\WINDOWS\SYSTEM32\windows.storage.dll
0x00007ff8da350000 - 0x00007ff8da449000 	C:\WINDOWS\System32\SHCORE.dll
0x00007ff8da450000 - 0x00007ff8da4b6000 	C:\WINDOWS\System32\shlwapi.dll
0x00007ff8d9400000 - 0x00007ff8d9429000 	C:\WINDOWS\SYSTEM32\profapi.dll
0x00007ff8b61e0000 - 0x00007ff8b61f8000 	C:\Users\amald\.vscode\extensions\redhat.java-1.56.0-win32-x64\jre\21.0.12.1-win32-x86_64\bin\zip.dll
0x00007ff8bbc50000 - 0x00007ff8bbc60000 	C:\Users\amald\.vscode\extensions\redhat.java-1.56.0-win32-x64\jre\21.0.12.1-win32-x86_64\bin\net.dll
0x00007ff8cdb10000 - 0x00007ff8cdc38000 	C:\WINDOWS\SYSTEM32\WINHTTP.dll
0x00007ff8d87b0000 - 0x00007ff8d881c000 	C:\WINDOWS\system32\mswsock.dll
0x00007ff8a7780000 - 0x00007ff8a7796000 	C:\Users\amald\.vscode\extensions\redhat.java-1.56.0-win32-x64\jre\21.0.12.1-win32-x86_64\bin\nio.dll
0x00007ff8bbab0000 - 0x00007ff8bbac0000 	C:\Users\amald\.vscode\extensions\redhat.java-1.56.0-win32-x64\jre\21.0.12.1-win32-x86_64\bin\verify.dll
0x00007ff8b6180000 - 0x00007ff8b61a7000 	C:\Users\amald\.gradle\native\c067742578af261105cb4f569cf0c3c89f3d7b1fecec35dd04571415982c5e48\windows-amd64\native-platform.dll
0x00007ff85cd40000 - 0x00007ff85ce84000 	C:\Users\amald\.gradle\native\38dada09dfb8b06ba9b0570ebf7e218e3eb74d4ef43ca46872605cf95ebc2f47\windows-amd64\native-platform-file-events.dll
0x00007ff8c85f0000 - 0x00007ff8c85fa000 	C:\Users\amald\.vscode\extensions\redhat.java-1.56.0-win32-x64\jre\21.0.12.1-win32-x86_64\bin\management.dll
0x00007ff8c85e0000 - 0x00007ff8c85ec000 	C:\Users\amald\.vscode\extensions\redhat.java-1.56.0-win32-x64\jre\21.0.12.1-win32-x86_64\bin\management_ext.dll
0x00007ff8da170000 - 0x00007ff8da178000 	C:\WINDOWS\System32\PSAPI.DLL
0x00007ff8d8aa0000 - 0x00007ff8d8abb000 	C:\WINDOWS\SYSTEM32\CRYPTSP.dll
0x00007ff8d8160000 - 0x00007ff8d8199000 	C:\WINDOWS\system32\rsaenh.dll
0x00007ff8d8860000 - 0x00007ff8d8892000 	C:\WINDOWS\SYSTEM32\USERENV.dll
0x00007ff8d9430000 - 0x00007ff8d945a000 	C:\WINDOWS\SYSTEM32\bcrypt.dll
0x00007ff8d8ac0000 - 0x00007ff8d8acc000 	C:\WINDOWS\SYSTEM32\CRYPTBASE.dll
0x00007ff8d7bd0000 - 0x00007ff8d7c03000 	C:\WINDOWS\SYSTEM32\IPHLPAPI.DLL
0x00007ff8da080000 - 0x00007ff8da08a000 	C:\WINDOWS\System32\NSI.dll
0x00007ff8b61d0000 - 0x00007ff8b61d9000 	C:\Users\amald\.vscode\extensions\redhat.java-1.56.0-win32-x64\jre\21.0.12.1-win32-x86_64\bin\extnet.dll
0x00007ff8b9ae0000 - 0x00007ff8b9aee000 	C:\Users\amald\.vscode\extensions\redhat.java-1.56.0-win32-x64\jre\21.0.12.1-win32-x86_64\bin\sunmscapi.dll
0x00007ff8d9ea0000 - 0x00007ff8da01e000 	C:\WINDOWS\System32\CRYPT32.dll
0x00007ff8d8ce0000 - 0x00007ff8d8d10000 	C:\WINDOWS\SYSTEM32\ncrypt.dll
0x00007ff8d8c90000 - 0x00007ff8d8ccf000 	C:\WINDOWS\SYSTEM32\NTASN1.dll
0x00007ff8b9630000 - 0x00007ff8b9638000 	C:\WINDOWS\system32\wshunix.dll

JVMTI agents:
C:\Users\amald\.gradle\wrapper\dists\gradle-8.7-bin\bhs2wmbdwecv87pi65oeuq5iu\gradle-8.7\lib\agents\gradle-instrumentation-agent-8.7.jar path:C:\Users\amald\.vscode\extensions\redhat.java-1.56.0-win32-x64\jre\21.0.12.1-win32-x86_64\bin\instrument.dll, loaded, initialized, instrumentlib options:none

dbghelp: loaded successfully - version: 4.0.5 - missing functions: none
symbol engine: initialized successfully - sym options: 0x614 - pdb path: .;C:\Users\amald\.vscode\extensions\redhat.java-1.56.0-win32-x64\jre\21.0.12.1-win32-x86_64\bin;C:\WINDOWS\SYSTEM32;C:\WINDOWS\WinSxS\amd64_microsoft.windows.common-controls_6595b64144ccf1df_6.0.26100.8972_none_3e0da176e32f9d4b;C:\Users\amald\.vscode\extensions\redhat.java-1.56.0-win32-x64\jre\21.0.12.1-win32-x86_64\bin\server;C:\Users\amald\.gradle\native\c067742578af261105cb4f569cf0c3c89f3d7b1fecec35dd04571415982c5e48\windows-amd64;C:\Users\amald\.gradle\native\38dada09dfb8b06ba9b0570ebf7e218e3eb74d4ef43ca46872605cf95ebc2f47\windows-amd64

VM Arguments:
jvm_args: --add-opens=java.base/java.util=ALL-UNNAMED --add-opens=java.base/java.lang=ALL-UNNAMED --add-opens=java.base/java.lang.invoke=ALL-UNNAMED --add-opens=java.prefs/java.util.prefs=ALL-UNNAMED --add-opens=java.base/java.nio.charset=ALL-UNNAMED --add-opens=java.base/java.net=ALL-UNNAMED --add-opens=java.base/java.util.concurrent.atomic=ALL-UNNAMED -XX:MaxMetaspaceSize=384m -XX:+HeapDumpOnOutOfMemoryError -Xms256m -Xmx512m -Dfile.encoding=utf8 -Duser.country=IN -Duser.language=en -Duser.variant -javaagent:C:\Users\amald\.gradle\wrapper\dists\gradle-8.7-bin\bhs2wmbdwecv87pi65oeuq5iu\gradle-8.7\lib\agents\gradle-instrumentation-agent-8.7.jar 
java_command: org.gradle.launcher.daemon.bootstrap.GradleDaemon 8.7
java_class_path (initial): C:\Users\amald\.gradle\wrapper\dists\gradle-8.7-bin\bhs2wmbdwecv87pi65oeuq5iu\gradle-8.7\lib\gradle-launcher-8.7.jar
Launcher Type: SUN_STANDARD

[Global flags]
     intx CICompilerCount                          = 4                                         {product} {ergonomic}
   size_t CompressedClassSpaceSize                 = 335544320                                 {product} {ergonomic}
     uint ConcGCThreads                            = 2                                         {product} {ergonomic}
     uint G1ConcRefinementThreads                  = 8                                         {product} {ergonomic}
   size_t G1HeapRegionSize                         = 1048576                                   {product} {ergonomic}
    uintx GCDrainStackTargetSize                   = 64                                        {product} {ergonomic}
     bool HeapDumpOnOutOfMemoryError               = true                                   {manageable} {command line}
   size_t InitialHeapSize                          = 268435456                                 {product} {command line}
   size_t MarkStackSize                            = 4194304                                   {product} {ergonomic}
   size_t MaxHeapSize                              = 536870912                                 {product} {command line}
   size_t MaxMetaspaceSize                         = 402653184                                 {product} {command line}
   size_t MaxNewSize                               = 321912832                                 {product} {ergonomic}
   size_t MinHeapDeltaBytes                        = 1048576                                   {product} {ergonomic}
   size_t MinHeapSize                              = 268435456                                 {product} {command line}
    uintx NonNMethodCodeHeapSize                   = 5839372                                {pd product} {ergonomic}
    uintx NonProfiledCodeHeapSize                  = 122909434                              {pd product} {ergonomic}
    uintx ProfiledCodeHeapSize                     = 122909434                              {pd product} {ergonomic}
    uintx ReservedCodeCacheSize                    = 251658240                              {pd product} {ergonomic}
     bool SegmentedCodeCache                       = true                                      {product} {ergonomic}
   size_t SoftMaxHeapSize                          = 536870912                              {manageable} {ergonomic}
     bool UseCompressedOops                        = true                           {product lp64_product} {ergonomic}
     bool UseG1GC                                  = true                                      {product} {ergonomic}
     bool UseLargePagesIndividualAllocation        = false                                  {pd product} {ergonomic}

Logging:
Log output configuration:
 #0: stdout all=warning uptime,level,tags foldmultilines=false
 #1: stderr all=off uptime,level,tags foldmultilines=false

Release file:
JAVA_VERSION="21.0.12.1" 
MODULES="java.base java.compiler java.datatransfer java.xml java.prefs java.desktop java.instrument java.logging java.management java.security.sasl java.naming java.rmi java.management.rmi java.net.http java.scripting java.security.jgss java.transaction.xa java.sql java.sql.rowset java.xml.crypto java.se java.smartcardio jdk.accessibility jdk.internal.jvmstat jdk.attach jdk.charsets jdk.internal.opt jdk.zipfs jdk.compiler jdk.crypto.ec jdk.crypto.cryptoki jdk.crypto.mscapi jdk.dynalink jdk.internal.ed jdk.editpad jdk.hotspot.agent jdk.httpserver jdk.internal.le jdk.internal.vm.ci jdk.internal.vm.compiler jdk.internal.vm.compiler.management jdk.jartool jdk.javadoc jdk.jcmd jdk.management jdk.management.agent jdk.jconsole jdk.jdeps jdk.jdwp.agent jdk.jdi jdk.jfr jdk.jshell jdk.jsobject jdk.jstatd jdk.localedata jdk.management.jfr jdk.naming.dns jdk.naming.rmi jdk.net jdk.nio.mapmode jdk.random jdk.sctp jdk.security.auth jdk.security.jgss jdk.unsupported jdk.unsupported.desktop jdk.xml.dom" 

Environment Variables:
PATH=C:\Program Files\Common Files\Oracle\Java\javapath;C:\Windows\system32;C:\Windows;C:\Windows\System32\Wbem;C:\Windows\System32\WindowsPowerShell\v1.0\;C:\Windows\System32\OpenSSH\;C:\Program Files (x86)\NVIDIA Corporation\PhysX\Common;C:\Program Files\NVIDIA Corporation\NVIDIA NvDLISR;C:\WINDOWS\system32;C:\WINDOWS;C:\WINDOWS\System32\Wbem;C:\WINDOWS\System32\WindowsPowerShell\v1.0\;C:\WINDOWS\System32\OpenSSH\;C:\Program Files\Git\cmd;C:\Program Files\apache-maven-3.9.8\bin;C:\Program Files\nodejs\;C:\Users\amald\AppData\Local\Microsoft\WindowsApps;C:\Users\amald\AppData\Local\Programs\Microsoft VS Code\bin;C:\Users\amald\AppData\Local\Programs\cursor\resources\app\bin;C:\Users\amald\AppData\Roaming\npm;C:\Users\amald\.local\bin;C:\Program Files\JetBrains\IntelliJ IDEA 2026.1.3\bin
USERNAME=amald
OS=Windows_NT
PROCESSOR_IDENTIFIER=Intel64 Family 6 Model 142 Stepping 12, GenuineIntel
TMP=C:\Users\amald\AppData\Local\Temp
TEMP=C:\Users\amald\AppData\Local\Temp




Periodic native trim disabled

---------------  S Y S T E M  ---------------

OS:
 Windows 11 , 64 bit Build 26100 (10.0.26100.9168)
OS uptime: 7 days 2:05 hours

CPU: total 8 (initial active 8) (4 cores per cpu, 2 threads per core) family 6 model 142 stepping 12 microcode 0xde, cx8, cmov, fxsr, ht, mmx, 3dnowpref, sse, sse2, sse3, ssse3, sse4.1, sse4.2, popcnt, lzcnt, tsc, tscinvbit, avx, avx2, aes, erms, clmul, bmi1, bmi2, adx, fma, vzeroupper, clflush, clflushopt, rdtscp, f16c
Processor Information for the first 8 processors :
  Max Mhz: 2304, Current Mhz: 1803, Mhz Limit: 1797

Memory: 4k page, system-wide physical 8022M (320M free)
TotalPageFile size 32598M (AvailPageFile size 79M)
current process WorkingSet (physical memory assigned to process): 207M, peak: 320M
current process commit charge ("private bytes"): 451M, peak: 463M

vm_info: OpenJDK 64-Bit Server VM (21.0.12.1+1-LTS) for windows-amd64 JRE (21.0.12.1+1-LTS), built on 2026-08-18T00:00:00Z by "admin" with MS VC++ 17.12 (VS2022)

END.
